 win32_game

 Timestamp is 5559d48b (Mon May 18 14:01:15 2015)

 Preferred load address is 0000000140000000

 Start         Length     Name                   Class
 0001:00000000 0000f3fcH .text$mn                CODE
 0001:0000f400 00000220H .text$x                 CODE
 0002:00000000 000002c0H .idata$5                DATA
 0002:000002c0 00000008H .CRT$XCA                DATA
 0002:000002c8 00000008H .CRT$XCZ                DATA
 0002:000002d0 00000008H .CRT$XIA                DATA
 0002:000002d8 00000028H .CRT$XIC                DATA
 0002:00000300 00000008H .CRT$XIY                DATA
 0002:00000308 00000008H .CRT$XIZ                DATA
 0002:00000310 00000008H .CRT$XPA                DATA
 0002:00000318 00000010H .CRT$XPX                DATA
 0002:00000328 00000008H .CRT$XPXA               DATA
 0002:00000330 00000008H .CRT$XPZ                DATA
 0002:00000338 00000008H .CRT$XTA                DATA
 0002:00000340 00000008H .CRT$XTZ                DATA
 0002:00000350 00005700H .rdata                  DATA
 0002:00005a50 00000058H .rdata$debug            DATA
 0002:00005aa8 00000008H .rtc$IAA                DATA
 0002:00005ab0 00000008H .rtc$IZZ                DATA
 0002:00005ab8 00000008H .rtc$TAA                DATA
 0002:00005ac0 00000008H .rtc$TZZ                DATA
 0002:00005ac8 00000a70H .xdata                  DATA
 0002:00006538 00000000H .edata                  DATA
 0002:00006538 00000050H .idata$2                DATA
 0002:00006588 00000014H .idata$3                DATA
 0002:000065a0 000002c0H .idata$4                DATA
 0002:00006860 00000624H .idata$6                DATA
 0003:00000000 000017d8H .data                   DATA
 0003:000017e0 00002458H .bss                    DATA
 0004:00000000 00000b28H .pdata                  DATA

  Address         Publics by Value              Rva+Base               Lib:Object

 0000:00000000       __guard_fids_count         0000000000000000     <absolute>
 0000:00000000       __guard_flags              0000000000000000     <absolute>
 0000:00000000       __guard_fids_table         0000000000000000     <absolute>
 0000:00000000       ___safe_se_handler_count   0000000000000000     <absolute>
 0000:00000000       ___safe_se_handler_table   0000000000000000     <absolute>
 0000:00000000       __ImageBase                0000000140000000     <linker-defined>
 0001:000005f0       WinMain                    00000001400015f0 f   win32_game.obj
 0001:00001670       ?XInputGetStateStub@@YAKKPEAU_XINPUT_STATE@@@Z 0000000140002670 f   win32_game.obj
 0001:00001690       ?XInputSetStateStub@@YAKKPEAU_XINPUT_VIBRATION@@@Z 0000000140002690 f   win32_game.obj
 0001:00001bb0       ?Win32MainWindowCallback@@YA_JPEAUHWND__@@I_K_J@Z 0000000140002bb0 f   win32_game.obj
 0001:00002920       ??$_snprintf_s@$0BAA@@@YAHAEAY0BAA@D_KPEBDZZ 0000000140003920 f i win32_game.obj
 0001:00002970       ?SafeTruncateUInt64@@YAI_K@Z 0000000140003970 f i win32_game.obj
 0001:000029a0       ?Win32GetSecondsElapsed@@YAMT_LARGE_INTEGER@@0@Z 00000001400039a0 f i win32_game.obj
 0001:000029e0       ?Win32GetWallClock@@YA?AT_LARGE_INTEGER@@XZ 00000001400039e0 f i win32_game.obj
 0001:000029fc       _vsnprintf_helper          00000001400039fc f   LIBCMT:vsnprnc.obj
 0001:00002ae4       _vsnprintf_s               0000000140003ae4 f   LIBCMT:vsnprnc.obj
 0001:00002b04       _vsnprintf_s_l             0000000140003b04 f   LIBCMT:vsnprnc.obj
 0001:00002c4c       __GSHandlerCheck           0000000140003c4c f   LIBCMT:gshandler.obj
 0001:00002c6c       __GSHandlerCheckCommon     0000000140003c6c f   LIBCMT:gshandler.obj
 0001:00002ce0       __security_check_cookie    0000000140003ce0 f   LIBCMT:amdsecgs.obj
 0001:00002d00       sinf                       0000000140003d00 f   LIBCMT:sinf.obj
 0001:000033c8       _fpmath                    00000001400043c8 f   LIBCMT:fpinit.obj
 0001:000033d0       _cfltcvt_init              00000001400043d0 f   LIBCMT:fpinit.obj
 0001:00003458       WinMainCRTStartup          0000000140004458 f   LIBCMT:wincrt0.obj
 0001:00003624       _call_reportfault          0000000140004624 f   LIBCMT:invarg.obj
 0001:00003718       _initp_misc_invarg         0000000140004718 f   LIBCMT:invarg.obj
 0001:00003720       _invalid_parameter         0000000140004720 f   LIBCMT:invarg.obj
 0001:00003788       _invalid_parameter_noinfo  0000000140004788 f   LIBCMT:invarg.obj
 0001:000037a8       _invoke_watson             00000001400047a8 f   LIBCMT:invarg.obj
 0001:000037e4       _flsbuf                    00000001400047e4 f   LIBCMT:_flsbuf.obj
 0001:00003970       ??0_LocaleUpdate@@QEAA@PEAUlocaleinfo_struct@@@Z 0000000140004970 f i LIBCMT:output.obj
 0001:00003a18       _output_s_l                0000000140004a18 f   LIBCMT:outputs.obj
 0001:00004570       __doserrno                 0000000140005570 f   LIBCMT:dosmap.obj
 0001:00004590       _dosmaperr                 0000000140005590 f   LIBCMT:dosmap.obj
 0001:000045e0       _errno                     00000001400055e0 f   LIBCMT:dosmap.obj
 0001:00004600       _get_errno_from_oserr      0000000140005600 f   LIBCMT:dosmap.obj
 0001:00004660       memset                     0000000140005660 f   LIBCMT:memset.obj
 0001:0000488c       __raise_securityfailure    000000014000588c f   LIBCMT:gs_report.obj
 0001:000048d8       __report_gsfailure         00000001400058d8 f   LIBCMT:gs_report.obj
 0001:000049b0       __fma3_lib_init            00000001400059b0 f   LIBCMT:fma3_available.obj
 0001:000049f0       __remainder_piby2d2f_forC  00000001400059f0 f   LIBCMT:remainder_piby2f_forC.obj
 0001:00004b7c       _sincosf_special           0000000140005b7c f   LIBCMT:sincos_special.obj
 0001:00004c18       _sinf_special              0000000140005c18 f   LIBCMT:sincos_special.obj
 0001:00004c2c       _cfltcvt                   0000000140005c2c f   LIBCMT:cvt.obj
 0001:00004c50       _cfltcvt_l                 0000000140005c50 f   LIBCMT:cvt.obj
 0001:00004cd0       _cftoa_l                   0000000140005cd0 f   LIBCMT:cvt.obj
 0001:0000527c       _cftoe_l                   000000014000627c f   LIBCMT:cvt.obj
 0001:000054d8       _cftof_l                   00000001400064d8 f   LIBCMT:cvt.obj
 0001:000055ac       _cftog_l                   00000001400065ac f   LIBCMT:cvt.obj
 0001:000056e0       _cropzeros                 00000001400066e0 f   LIBCMT:cvt.obj
 0001:000056e8       _cropzeros_l               00000001400066e8 f   LIBCMT:cvt.obj
 0001:00005780       _fassign                   0000000140006780 f   LIBCMT:cvt.obj
 0001:00005788       _fassign_l                 0000000140006788 f   LIBCMT:cvt.obj
 0001:000057c8       _forcdecpt                 00000001400067c8 f   LIBCMT:cvt.obj
 0001:000057d0       _forcdecpt_l               00000001400067d0 f   LIBCMT:cvt.obj
 0001:00005850       _positive                  0000000140006850 f   LIBCMT:cvt.obj
 0001:00005864       _initp_misc_cfltcvt_tab    0000000140006864 f   LIBCMT:cmiscdat.obj
 0001:000058a0       ?__CxxUnhandledExceptionFilter@@YAJPEAU_EXCEPTION_POINTERS@@@Z 00000001400068a0 f   LIBCMT:unhandld.obj
 0001:000058d8       __CxxSetUnhandledExceptionFilter 00000001400068d8 f   LIBCMT:unhandld.obj
 0001:000058f0       _XcptFilter                00000001400068f0 f   LIBCMT:winxfltr.obj
 0001:00005abc       _freefls                   0000000140006abc f   LIBCMT:tidtable.obj
 0001:00005bf0       _getptd                    0000000140006bf0 f   LIBCMT:tidtable.obj
 0001:00005c14       _getptd_noexit             0000000140006c14 f   LIBCMT:tidtable.obj
 0001:00005c98       _initptd                   0000000140006c98 f   LIBCMT:tidtable.obj
 0001:00005d5c       _mtinit                    0000000140006d5c f   LIBCMT:tidtable.obj
 0001:00005ddc       _mtterm                    0000000140006ddc f   LIBCMT:tidtable.obj
 0001:00005e00       __crtCorExitProcess        0000000140006e00 f   LIBCMT:crt0dat.obj
 0001:00005e44       __crtExitProcess           0000000140006e44 f   LIBCMT:crt0dat.obj
 0001:00005e5c       _amsg_exit                 0000000140006e5c f   LIBCMT:crt0dat.obj
 0001:00005e84       _c_exit                    0000000140006e84 f   LIBCMT:crt0dat.obj
 0001:00005e94       _cexit                     0000000140006e94 f   LIBCMT:crt0dat.obj
 0001:00005ea4       _cinit                     0000000140006ea4 f   LIBCMT:crt0dat.obj
 0001:00005f3c       _exit                      0000000140006f3c f   LIBCMT:crt0dat.obj
 0001:00005f48       _init_pointers             0000000140006f48 f   LIBCMT:crt0dat.obj
 0001:00005ff4       _initterm_e                0000000140006ff4 f   LIBCMT:crt0dat.obj
 0001:00006030       _lockexit                  0000000140007030 f   LIBCMT:crt0dat.obj
 0001:0000603c       _unlockexit                000000014000703c f   LIBCMT:crt0dat.obj
 0001:000061e0       exit                       00000001400071e0 f   LIBCMT:crt0dat.obj
 0001:000061ec       _heap_init                 00000001400071ec f   LIBCMT:heapinit.obj
 0001:0000620c       _ioinit                    000000014000720c f   LIBCMT:ioinit.obj
 0001:0000653c       _setargv                   000000014000753c f   LIBCMT:stdargv.obj
 0001:000067f8       _setenvp                   00000001400077f8 f   LIBCMT:stdenvp.obj
 0001:0000692c       _FF_MSGBANNER              000000014000792c f   LIBCMT:crt0msg.obj
 0001:00006970       _GET_RTERRMSG              0000000140007970 f   LIBCMT:crt0msg.obj
 0001:000069a0       _NMSG_WRITE                00000001400079a0 f   LIBCMT:crt0msg.obj
 0001:00006c10       __set_app_type             0000000140007c10 f   LIBCMT:errmode.obj
 0001:00006c18       _set_error_mode            0000000140007c18 f   LIBCMT:errmode.obj
 0001:00006c58       __security_init_cookie     0000000140007c58 f   LIBCMT:gs_support.obj
 0001:00006d04       _RTC_Initialize            0000000140007d04 f   LIBCMT:initsect.obj
 0001:00006d3c       _RTC_Terminate             0000000140007d3c f   LIBCMT:initsect.obj
 0001:00006d74       __crtGetEnvironmentStringsA 0000000140007d74 f   LIBCMT:a_env.obj
 0001:00006e68       __crtCaptureCurrentContext 0000000140007e68 f   LIBCMT:winapisupp.obj
 0001:00006ed8       __crtCapturePreviousContext 0000000140007ed8 f   LIBCMT:winapisupp.obj
 0001:00006f4c       __crtFlsAlloc              0000000140007f4c f   LIBCMT:winapisupp.obj
 0001:00006f68       __crtFlsFree               0000000140007f68 f   LIBCMT:winapisupp.obj
 0001:00006f84       __crtFlsGetValue           0000000140007f84 f   LIBCMT:winapisupp.obj
 0001:00006fa0       __crtFlsSetValue           0000000140007fa0 f   LIBCMT:winapisupp.obj
 0001:00006fbc       __crtGetShowWindowMode     0000000140007fbc f   LIBCMT:winapisupp.obj
 0001:00006fe8       __crtInitializeCriticalSectionEx 0000000140007fe8 f   LIBCMT:winapisupp.obj
 0001:00007014       __crtIsPackagedApp         0000000140008014 f   LIBCMT:winapisupp.obj
 0001:00007060       __crtLoadWinApiPointers    0000000140008060 f   LIBCMT:winapisupp.obj
 0001:0000745c       __crtSetUnhandledExceptionFilter 000000014000845c f   LIBCMT:winapisupp.obj
 0001:00007464       __crtSleep                 0000000140008464 f   LIBCMT:winapisupp.obj
 0001:0000746c       __crtTerminateProcess      000000014000846c f   LIBCMT:winapisupp.obj
 0001:0000748c       __crtUnhandledException    000000014000848c f   LIBCMT:winapisupp.obj
 0001:000074ac       _wincmdln                  00000001400084ac f   LIBCMT:wincmdln.obj
 0001:00007528       __C_specific_handler       0000000140008528 f   LIBCMT:chandler.obj
 0001:0000770c       __crt_debugger_hook        000000014000870c f   LIBCMT:dbghook.obj
 0001:00007714       __initstdio                0000000140008714 f   LIBCMT:_file.obj
 0001:000077ac       __endstdio                 00000001400087ac f   LIBCMT:_file.obj
 0001:000077dc       __iob_func                 00000001400087dc f   LIBCMT:_file.obj
 0001:000077e4       _lock_file                 00000001400087e4 f   LIBCMT:_file.obj
 0001:0000784c       _lock_file2                000000014000884c f   LIBCMT:_file.obj
 0001:00007880       _unlock_file               0000000140008880 f   LIBCMT:_file.obj
 0001:000078d0       _unlock_file2              00000001400088d0 f   LIBCMT:_file.obj
 0001:000078f0       _fileno                    00000001400088f0 f   LIBCMT:fileno.obj
 0001:00007918       _isatty                    0000000140008918 f   LIBCMT:isatty.obj
 0001:00007978       _write                     0000000140008978 f   LIBCMT:write.obj
 0001:00007a5c       _write_nolock              0000000140008a5c f   LIBCMT:write.obj
 0001:00008250       _lseeki64                  0000000140009250 f   LIBCMT:lseeki64.obj
 0001:00008338       _lseeki64_nolock           0000000140009338 f   LIBCMT:lseeki64.obj
 0001:000083cc       _getbuf                    00000001400093cc f   LIBCMT:_getbuf.obj
 0001:00008420       __addlocaleref             0000000140009420 f   LIBCMT:localref.obj
 0001:000084ac       __freetlocinfo             00000001400094ac f   LIBCMT:localref.obj
 0001:00008644       __removelocaleref          0000000140009644 f   LIBCMT:localref.obj
 0001:000086e8       __updatetlocinfo           00000001400096e8 f   LIBCMT:localref.obj
 0001:00008760       _updatetlocinfoEx_nolock   0000000140009760 f   LIBCMT:localref.obj
 0001:000087c4       __initmbctable             00000001400097c4 f   LIBCMT:mbctype.obj
 0001:00008ae0       __updatetmbcinfo           0000000140009ae0 f   LIBCMT:mbctype.obj
 0001:00008b9c       _setmbcp                   0000000140009b9c f   LIBCMT:mbctype.obj
 0001:00008de0       _setmbcp_nolock            0000000140009de0 f   LIBCMT:mbctype.obj
 0001:00009090       _isleadbyte_l              000000014000a090 f i LIBCMT:_wctype.obj
 0001:000090d4       isleadbyte                 000000014000a0d4 f i LIBCMT:_wctype.obj
 0001:00009130       strlen                     000000014000a130 f   LIBCMT:strlen.obj
 0001:000091d8       _get_printf_count_output   000000014000a1d8 f   LIBCMT:printf.obj
 0001:000091f0       _wctomb_s_l                000000014000a1f0 f   LIBCMT:wctomb.obj
 0001:0000937c       wctomb_s                   000000014000a37c f   LIBCMT:wctomb.obj
 0001:00009390       free                       000000014000a390 f   LIBCMT:free.obj
 0001:000093d0       _calloc_crt                000000014000a3d0 f   LIBCMT:crtheap.obj
 0001:00009450       _malloc_crt                000000014000a450 f   LIBCMT:crtheap.obj
 0001:000094cc       _realloc_crt               000000014000a4cc f   LIBCMT:crtheap.obj
 0001:00009550       __isa_available_init       000000014000a550 f   LIBCMT:cpu_disp.obj
 0001:00009818       _handle_errorf             000000014000a818 f   LIBCMT:libm_error.obj
 0001:0000994c       isdigit                    000000014000a94c f i LIBCMT:_ctype.obj
 0001:000099c8       _tolower_l                 000000014000a9c8 f   LIBCMT:tolower.obj
 0001:00009b1c       tolower                    000000014000ab1c f   LIBCMT:tolower.obj
 0001:00009b3c       strcpy_s                   000000014000ab3c f   LIBCMT:strcpy_s.obj
 0001:00009bb0       memcpy                     000000014000abb0 f   LIBCMT:memcpy.obj
 0001:00009bb0       memmove                    000000014000abb0 f   LIBCMT:memcpy.obj
 0001:0000a118       strrchr                    000000014000b118 f   LIBCMT:strrchr.obj
 0001:0000a25c       _fptostr                   000000014000b25c f   LIBCMT:_fptostr.obj
 0001:0000a328       __crt_atoflt_l             000000014000b328 f   LIBCMT:atodbl.obj
 0001:0000a3f8       _atodbl_l                  000000014000b3f8 f   LIBCMT:atodbl.obj
 0001:0000a4c0       _atoflt_l                  000000014000b4c0 f   LIBCMT:atodbl.obj
 0001:0000a4c8       __dtold                    000000014000b4c8 f   LIBCMT:cfout.obj
 0001:0000a598       _fltout2                   000000014000b598 f   LIBCMT:cfout.obj
 0001:0000a650       _fptrap                    000000014000b650 f   LIBCMT:crt0fp.obj
 0001:0000a65c       ?terminate@@YAXXZ          000000014000b65c f   LIBCMT:hooks.obj
 0001:0000a67c       _initp_eh_hooks            000000014000b67c f   LIBCMT:hooks.obj
 0001:0000a69c       _lock                      000000014000b69c f   LIBCMT:mlock.obj
 0001:0000a6e0       _mtdeletelocks             000000014000b6e0 f   LIBCMT:mlock.obj
 0001:0000a768       _mtinitlocknum             000000014000b768 f   LIBCMT:mlock.obj
 0001:0000a828       _mtinitlocks               000000014000b828 f   LIBCMT:mlock.obj
 0001:0000a88c       _unlock                    000000014000b88c f   LIBCMT:mlock.obj
 0001:0000a8b0       _FindPESection             000000014000b8b0 f   LIBCMT:pesect.obj
 0001:0000a900       _IsNonwritableInCurrentImage 000000014000b900 f   LIBCMT:pesect.obj
 0001:0000a950       _ValidateImageBase         000000014000b950 f   LIBCMT:pesect.obj
 0001:0000a980       __onexitinit               000000014000b980 f   LIBCMT:onexit.obj
 0001:0000a9c4       _onexit                    000000014000b9c4 f   LIBCMT:onexit.obj
 0001:0000aad0       atexit                     000000014000bad0 f   LIBCMT:onexit.obj
 0001:0000aae8       _callnewh                  000000014000bae8 f   LIBCMT:handler.obj
 0001:0000ab1c       _initp_heap_handler        000000014000bb1c f   LIBCMT:handler.obj
 0001:0000ab24       _initp_misc_purevirt       000000014000bb24 f   LIBCMT:inithelp.obj
 0001:0000ab2c       __get_sigabrt              000000014000bb2c f   LIBCMT:winsig.obj
 0001:0000ab3c       _initp_misc_winsig         000000014000bb3c f   LIBCMT:winsig.obj
 0001:0000ab5c       raise                      000000014000bb5c f   LIBCMT:winsig.obj
 0001:0000ad90       _initp_misc_rand_s         000000014000bd90 f   LIBCMT:rand_s.obj
 0001:0000adb0       _local_unwind              000000014000bdb0 f   LIBCMT:jmpuwind.obj
 0001:0000ade0       _NLG_Notify                000000014000bde0 f   LIBCMT:jmpuwind.obj
 0001:0000ae00       __NLG_Dispatch2            000000014000be00 f   LIBCMT:jmpuwind.obj
 0001:0000ae10       __NLG_Return2              000000014000be10 f   LIBCMT:jmpuwind.obj
 0001:0000ae90       _ismbblead                 000000014000be90 f   LIBCMT:ismbbyte.obj
 0001:0000aea4       wcscat_s                   000000014000bea4 f   LIBCMT:wcscat_s.obj
 0001:0000af2c       wcscpy_s                   000000014000bf2c f   LIBCMT:wcscpy_s.obj
 0001:0000af98       wcslen                     000000014000bf98 f   LIBCMT:wcslen.obj
 0001:0000afb4       wcsncpy_s                  000000014000bfb4 f   LIBCMT:wcsncpy_s.obj
 0001:0000b080       __crtMessageBoxW           000000014000c080 f   LIBCMT:crtmboxw.obj
 0001:0000b2f4       _fcloseall                 000000014000c2f4 f   LIBCMT:closeall.obj
 0001:0000b39c       _fflush_nolock             000000014000c39c f   LIBCMT:fflush.obj
 0001:0000b3e8       _flush                     000000014000c3e8 f   LIBCMT:fflush.obj
 0001:0000b464       _flushall                  000000014000c464 f   LIBCMT:fflush.obj
 0001:0000b558       __lock_fhandle             000000014000c558 f   LIBCMT:osfinfo.obj
 0001:0000b5f0       _free_osfhnd               000000014000c5f0 f   LIBCMT:osfinfo.obj
 0001:0000b69c       _get_osfhandle             000000014000c69c f   LIBCMT:osfinfo.obj
 0001:0000b710       _unlock_fhandle            000000014000c710 f   LIBCMT:osfinfo.obj
 0001:0000b73c       _mbtowc_l                  000000014000c73c f   LIBCMT:mbtowc.obj
 0001:0000b890       mbtowc                     000000014000c890 f   LIBCMT:mbtowc.obj
 0001:0000b898       _putwch_nolock             000000014000c898 f   LIBCMT:putwch.obj
 0001:0000b910       _alloca_probe              000000014000c910 f   LIBCMT:chkstk.obj
 0001:0000b910       __chkstk                   000000014000c910 f   LIBCMT:chkstk.obj
 0001:0000b960       __free_lconv_mon           000000014000c960 f   LIBCMT:initmon.obj
 0001:0000ba6c       __free_lconv_num           000000014000ca6c f   LIBCMT:initnum.obj
 0001:0000bad8       __free_lc_time             000000014000cad8 f   LIBCMT:inittime.obj
 0001:0000c1c0       __crtLCMapStringA          000000014000d1c0 f   LIBCMT:a_map.obj
 0001:0000c3d0       __crtGetStringTypeA        000000014000d3d0 f   LIBCMT:a_str.obj
 0001:0000c44c       malloc                     000000014000d44c f   LIBCMT:malloc.obj
 0001:0000c504       realloc                    000000014000d504 f   LIBCMT:realloc.obj
 0001:0000c5d8       _calloc_impl               000000014000d5d8 f   LIBCMT:calloc_impl.obj
 0001:0000c674       _isctype_l                 000000014000d674 f   LIBCMT:isctype.obj
 0001:0000c750       _locterm                   000000014000d750 f   LIBCMT:wsetloca.obj
 0001:0000c798       _raise_exc_ex              000000014000d798 f   LIBCMT:fpexcept.obj
 0001:0000ca9c       _raise_excf                000000014000da9c f   LIBCMT:fpexcept.obj
 0001:0000cac8       _set_errno_from_matherr    000000014000dac8 f   LIBCMT:fpexcept.obj
 0001:0000caf8       _clrfp                     000000014000daf8 f   LIBCMT:fpctrl.obj
 0001:0000cb18       _ctrlfp                    000000014000db18 f   LIBCMT:fpctrl.obj
 0001:0000cb94       _set_statfp                000000014000db94 f   LIBCMT:fpctrl.obj
 0001:0000cbb4       _statfp                    000000014000dbb4 f   LIBCMT:fpctrl.obj
 0001:0000cbc8       _matherr                   000000014000dbc8 f   LIBCMT:matherr.obj
 0001:0000cbcc       _ld12tod                   000000014000dbcc f   LIBCMT:intrncvt.obj
 0001:0000d184       _ld12tof                   000000014000e184 f   LIBCMT:intrncvt.obj
 0001:0000d73c       __strgtold12_l             000000014000e73c f   LIBCMT:strgtold.obj
 0001:0000dfa0       $I10_OUTPUT                000000014000efa0 f   LIBCMT:x10fout.obj
 0001:0000ea78       abort                      000000014000fa78 f   LIBCMT:abort.obj
 0001:0000ead0       _msize                     000000014000fad0 f   LIBCMT:msize.obj
 0001:0000eb0c       GetTableIndexFromLocaleName 000000014000fb0c f   LIBCMT:winapinls.obj
 0001:0000eb98       __crtDownlevelLocaleNameToLCID 000000014000fb98 f   LIBCMT:winapinls.obj
 0001:0000ebcc       __crtLCMapStringEx         000000014000fbcc f   LIBCMT:winapinls.obj
 0001:0000ec5c       __wcsnicmp_ascii           000000014000fc5c f   LIBCMT:winapinls.obj
 0001:0000ecb4       _fclose_nolock             000000014000fcb4 f   LIBCMT:fclose.obj
 0001:0000ed30       fclose                     000000014000fd30 f   LIBCMT:fclose.obj
 0001:0000ed98       _commit                    000000014000fd98 f   LIBCMT:commit.obj
 0001:0000ee70       __termconout               000000014000fe70 f   LIBCMT:initcon.obj
 0001:0000ee90       __initconout               000000014000fe90 f   LIBCMT:initcon.obj
 0001:0000eee0       memcmp                     000000014000fee0 f   LIBCMT:memcmp.obj
 0001:0000efc0       _get_fpsr                  000000014000ffc0 f   LIBCMT:fpsr.obj
 0001:0000efd0       _set_fpsr                  000000014000ffd0 f   LIBCMT:fpsr.obj
 0001:0000efda       _fclrf                     000000014000ffda f   LIBCMT:fpsr.obj
 0001:0000efee       _frnd                      000000014000ffee f   LIBCMT:fpsr.obj
 0001:0000f010       __mtold12                  0000000140010010 f   LIBCMT:mantold.obj
 0001:0000f234       _close                     0000000140010234 f   LIBCMT:close.obj
 0001:0000f2f8       _close_nolock              00000001400102f8 f   LIBCMT:close.obj
 0001:0000f3b4       _freebuf                   00000001400103b4 f   LIBCMT:_freebuf.obj
 0001:0000f3f0       IsProcessorFeaturePresent  00000001400103f0 f   kernel32:KERNEL32.dll
 0001:0000f3f6       RtlUnwindEx                00000001400103f6 f   kernel32:KERNEL32.dll
 0002:00000000       __imp_StretchDIBits        0000000140011000     gdi32:GDI32.dll
 0002:00000008       \177GDI32_NULL_THUNK_DATA  0000000140011008     gdi32:GDI32.dll
 0002:00000010       __imp_FlushFileBuffers     0000000140011010     kernel32:KERNEL32.dll
 0002:00000018       __imp_CreateFileW          0000000140011018     kernel32:KERNEL32.dll
 0002:00000020       __imp_LCMapStringW         0000000140011020     kernel32:KERNEL32.dll
 0002:00000028       __imp_GetEnvironmentStringsW 0000000140011028     kernel32:KERNEL32.dll
 0002:00000030       __imp_HeapSize             0000000140011030     kernel32:KERNEL32.dll
 0002:00000038       __imp_RaiseException       0000000140011038     kernel32:KERNEL32.dll
 0002:00000040       __imp_CreateFileA          0000000140011040     kernel32:KERNEL32.dll
 0002:00000048       __imp_GetFileSizeEx        0000000140011048     kernel32:KERNEL32.dll
 0002:00000050       __imp_ReadFile             0000000140011050     kernel32:KERNEL32.dll
 0002:00000058       __imp_WriteFile            0000000140011058     kernel32:KERNEL32.dll
 0002:00000060       __imp_OutputDebugStringA   0000000140011060     kernel32:KERNEL32.dll
 0002:00000068       __imp_CloseHandle          0000000140011068     kernel32:KERNEL32.dll
 0002:00000070       __imp_QueryPerformanceCounter 0000000140011070     kernel32:KERNEL32.dll
 0002:00000078       __imp_QueryPerformanceFrequency 0000000140011078     kernel32:KERNEL32.dll
 0002:00000080       __imp_Sleep                0000000140011080     kernel32:KERNEL32.dll
 0002:00000088       __imp_VirtualAlloc         0000000140011088     kernel32:KERNEL32.dll
 0002:00000090       __imp_VirtualFree          0000000140011090     kernel32:KERNEL32.dll
 0002:00000098       __imp_GetProcAddress       0000000140011098     kernel32:KERNEL32.dll
 0002:000000a0       __imp_LoadLibraryA         00000001400110a0     kernel32:KERNEL32.dll
 0002:000000a8       __imp_GetCommandLineA      00000001400110a8     kernel32:KERNEL32.dll
 0002:000000b0       __imp_IsDebuggerPresent    00000001400110b0     kernel32:KERNEL32.dll
 0002:000000b8       __imp_EncodePointer        00000001400110b8     kernel32:KERNEL32.dll
 0002:000000c0       __imp_DecodePointer        00000001400110c0     kernel32:KERNEL32.dll
 0002:000000c8       __imp_IsProcessorFeaturePresent 00000001400110c8     kernel32:KERNEL32.dll
 0002:000000d0       __imp_GetLastError         00000001400110d0     kernel32:KERNEL32.dll
 0002:000000d8       __imp_SetLastError         00000001400110d8     kernel32:KERNEL32.dll
 0002:000000e0       __imp_GetCurrentThreadId   00000001400110e0     kernel32:KERNEL32.dll
 0002:000000e8       __imp_ExitProcess          00000001400110e8     kernel32:KERNEL32.dll
 0002:000000f0       __imp_GetModuleHandleExW   00000001400110f0     kernel32:KERNEL32.dll
 0002:000000f8       __imp_MultiByteToWideChar  00000001400110f8     kernel32:KERNEL32.dll
 0002:00000100       __imp_WideCharToMultiByte  0000000140011100     kernel32:KERNEL32.dll
 0002:00000108       __imp_GetProcessHeap       0000000140011108     kernel32:KERNEL32.dll
 0002:00000110       __imp_GetStdHandle         0000000140011110     kernel32:KERNEL32.dll
 0002:00000118       __imp_GetFileType          0000000140011118     kernel32:KERNEL32.dll
 0002:00000120       __imp_DeleteCriticalSection 0000000140011120     kernel32:KERNEL32.dll
 0002:00000128       __imp_GetStartupInfoW      0000000140011128     kernel32:KERNEL32.dll
 0002:00000130       __imp_GetModuleFileNameA   0000000140011130     kernel32:KERNEL32.dll
 0002:00000138       __imp_GetModuleFileNameW   0000000140011138     kernel32:KERNEL32.dll
 0002:00000140       __imp_GetCurrentProcessId  0000000140011140     kernel32:KERNEL32.dll
 0002:00000148       __imp_GetSystemTimeAsFileTime 0000000140011148     kernel32:KERNEL32.dll
 0002:00000150       __imp_FreeEnvironmentStringsW 0000000140011150     kernel32:KERNEL32.dll
 0002:00000158       __imp_RtlCaptureContext    0000000140011158     kernel32:KERNEL32.dll
 0002:00000160       __imp_RtlLookupFunctionEntry 0000000140011160     kernel32:KERNEL32.dll
 0002:00000168       __imp_RtlVirtualUnwind     0000000140011168     kernel32:KERNEL32.dll
 0002:00000170       __imp_UnhandledExceptionFilter 0000000140011170     kernel32:KERNEL32.dll
 0002:00000178       __imp_SetUnhandledExceptionFilter 0000000140011178     kernel32:KERNEL32.dll
 0002:00000180       __imp_InitializeCriticalSectionAndSpinCount 0000000140011180     kernel32:KERNEL32.dll
 0002:00000188       __imp_GetCurrentProcess    0000000140011188     kernel32:KERNEL32.dll
 0002:00000190       __imp_TerminateProcess     0000000140011190     kernel32:KERNEL32.dll
 0002:00000198       __imp_TlsAlloc             0000000140011198     kernel32:KERNEL32.dll
 0002:000001a0       __imp_TlsGetValue          00000001400111a0     kernel32:KERNEL32.dll
 0002:000001a8       __imp_TlsSetValue          00000001400111a8     kernel32:KERNEL32.dll
 0002:000001b0       __imp_TlsFree              00000001400111b0     kernel32:KERNEL32.dll
 0002:000001b8       __imp_GetModuleHandleW     00000001400111b8     kernel32:KERNEL32.dll
 0002:000001c0       __imp_RtlUnwindEx          00000001400111c0     kernel32:KERNEL32.dll
 0002:000001c8       __imp_EnterCriticalSection 00000001400111c8     kernel32:KERNEL32.dll
 0002:000001d0       __imp_LeaveCriticalSection 00000001400111d0     kernel32:KERNEL32.dll
 0002:000001d8       __imp_GetConsoleCP         00000001400111d8     kernel32:KERNEL32.dll
 0002:000001e0       __imp_GetConsoleMode       00000001400111e0     kernel32:KERNEL32.dll
 0002:000001e8       __imp_SetFilePointerEx     00000001400111e8     kernel32:KERNEL32.dll
 0002:000001f0       __imp_IsValidCodePage      00000001400111f0     kernel32:KERNEL32.dll
 0002:000001f8       __imp_GetACP               00000001400111f8     kernel32:KERNEL32.dll
 0002:00000200       __imp_GetOEMCP             0000000140011200     kernel32:KERNEL32.dll
 0002:00000208       __imp_GetCPInfo            0000000140011208     kernel32:KERNEL32.dll
 0002:00000210       __imp_HeapFree             0000000140011210     kernel32:KERNEL32.dll
 0002:00000218       __imp_LoadLibraryExW       0000000140011218     kernel32:KERNEL32.dll
 0002:00000220       __imp_OutputDebugStringW   0000000140011220     kernel32:KERNEL32.dll
 0002:00000228       __imp_SetStdHandle         0000000140011228     kernel32:KERNEL32.dll
 0002:00000230       __imp_WriteConsoleW        0000000140011230     kernel32:KERNEL32.dll
 0002:00000238       __imp_GetStringTypeW       0000000140011238     kernel32:KERNEL32.dll
 0002:00000240       __imp_HeapAlloc            0000000140011240     kernel32:KERNEL32.dll
 0002:00000248       __imp_HeapReAlloc          0000000140011248     kernel32:KERNEL32.dll
 0002:00000250       \177KERNEL32_NULL_THUNK_DATA 0000000140011250     kernel32:KERNEL32.dll
 0002:00000258       __imp_GetDC                0000000140011258     user32:USER32.dll
 0002:00000260       __imp_DispatchMessageA     0000000140011260     user32:USER32.dll
 0002:00000268       __imp_GetClientRect        0000000140011268     user32:USER32.dll
 0002:00000270       __imp_EndPaint             0000000140011270     user32:USER32.dll
 0002:00000278       __imp_BeginPaint           0000000140011278     user32:USER32.dll
 0002:00000280       __imp_TranslateMessage     0000000140011280     user32:USER32.dll
 0002:00000288       __imp_CreateWindowExA      0000000140011288     user32:USER32.dll
 0002:00000290       __imp_RegisterClassA       0000000140011290     user32:USER32.dll
 0002:00000298       __imp_DefWindowProcA       0000000140011298     user32:USER32.dll
 0002:000002a0       __imp_PeekMessageA         00000001400112a0     user32:USER32.dll
 0002:000002a8       \177USER32_NULL_THUNK_DATA 00000001400112a8     user32:USER32.dll
 0002:000002b0       __imp_timeBeginPeriod      00000001400112b0     winmm:WINMM.dll
 0002:000002b8       \177WINMM_NULL_THUNK_DATA  00000001400112b8     winmm:WINMM.dll
 0002:000002c0       __xc_a                     00000001400112c0     LIBCMT:crt0init.obj
 0002:000002c8       __xc_z                     00000001400112c8     LIBCMT:crt0init.obj
 0002:000002d0       __xi_a                     00000001400112d0     LIBCMT:crt0init.obj
 0002:00000308       __xi_z                     0000000140011308     LIBCMT:crt0init.obj
 0002:00000310       __xp_a                     0000000140011310     LIBCMT:crt0init.obj
 0002:00000330       __xp_z                     0000000140011330     LIBCMT:crt0init.obj
 0002:00000338       __xt_a                     0000000140011338     LIBCMT:crt0init.obj
 0002:00000340       __xt_z                     0000000140011340     LIBCMT:crt0init.obj
 0002:00000510       __real@3d088889            0000000140011510     win32_game.obj
 0002:00000514       __real@40800000            0000000140011514     win32_game.obj
 0002:00000518       __real@40c90fdb            0000000140011518     win32_game.obj
 0002:0000051c       __real@43000000            000000014001151c     win32_game.obj
 0002:00000520       __real@447a0000            0000000140011520     win32_game.obj
 0002:00000524       __real@46fffe00            0000000140011524     win32_game.obj
 0002:00000528       __real@47000000            0000000140011528     win32_game.obj
 0002:00000650       _FPinit                    0000000140011650     LIBCMT:fpinit.obj
 0002:00000658       ??_C@_06OJHGLDPL@?$CInull?$CJ?$AA@ 0000000140011658     LIBCMT:output.obj
 0002:00000660       ??_C@_1O@CEDCILHN@?$AA?$CI?$AAn?$AAu?$AAl?$AAl?$AA?$CJ?$AA?$AA@ 0000000140011660     LIBCMT:output.obj
 0002:00000670       __lookuptable              0000000140011670     LIBCMT:output.obj
 0002:000006d0       __lookuptable_s            00000001400116d0     LIBCMT:outputs.obj
 0002:00000740       __Lcosfarray               0000000140011740     LIBCMT:Lsincosf_array.obj
 0002:00000770       __Lsinfarray               0000000140011770     LIBCMT:Lsincosf_array.obj
 0002:00000790       __L_2_by_pi_bits           0000000140011790     LIBCMT:L2_by_pi_bits.obj
 0002:000008e0       ??_C@_04LAGPAAHP@sinf?$AA@ 00000001400118e0     LIBCMT:sincos_special.obj
 0002:000008e8       ??_C@_03BLEJJJBH@sin?$AA@  00000001400118e8     LIBCMT:sincos_special.obj
 0002:000008ec       ??_C@_03LALBNOCG@cos?$AA@  00000001400118ec     LIBCMT:sincos_special.obj
 0002:000008f0       ??_C@_03IIINPABG@tan?$AA@  00000001400118f0     LIBCMT:sincos_special.obj
 0002:000008f4       ??_C@_05KLBDPFGC@e?$CL000?$AA@ 00000001400118f4     LIBCMT:cvt.obj
 0002:00000900       __real@0000000000000000    0000000140011900     LIBCMT:cvt.obj
 0002:00000910       _XcptActTab                0000000140011910     LIBCMT:winxfltr.obj
 0002:000009d0       _XcptActTabCount           00000001400119d0     LIBCMT:winxfltr.obj
 0002:000009d4       _XcptActTabSize            00000001400119d4     LIBCMT:winxfltr.obj
 0002:000009d8       _First_FPE_Indx            00000001400119d8     LIBCMT:winxfltr.obj
 0002:000009dc       _Num_FPE                   00000001400119dc     LIBCMT:winxfltr.obj
 0002:000009e0       ??_C@_1BI@BGOHAHKC@?$AAm?$AAs?$AAc?$AAo?$AAr?$AAe?$AAe?$AA?4?$AAd?$AAl?$AAl?$AA?$AA@ 00000001400119e0     LIBCMT:crt0dat.obj
 0002:000009f8       ??_C@_0P@MIGLKIOC@CorExitProcess?$AA@ 00000001400119f8     LIBCMT:crt0dat.obj
 0002:00000b80       ??_C@_1FK@PGACCAFB@?$AAR?$AA6?$AA0?$AA0?$AA2?$AA?$AN?$AA?6?$AA?9?$AA?5?$AAf?$AAl?$AAo?$AAa?$AAt?$AAi?$AAn?$AAg?$AA?5?$AAp?$AAo?$AAi?$AAn?$AAt?$AA?5?$AAs?$AAu?$AAp?$AAp?$AAo?$AAr?$AAt?$AA?5@ 0000000140011b80     LIBCMT:crt0msg.obj
 0002:00000be0       ??_C@_1FE@LLNEDJMD@?$AAR?$AA6?$AA0?$AA0?$AA8?$AA?$AN?$AA?6?$AA?9?$AA?5?$AAn?$AAo?$AAt?$AA?5?$AAe?$AAn?$AAo?$AAu?$AAg?$AAh?$AA?5?$AAs?$AAp?$AAa?$AAc?$AAe?$AA?5?$AAf?$AAo?$AAr?$AA?5?$AAa?$AAr@ 0000000140011be0     LIBCMT:crt0msg.obj
 0002:00000c40       ??_C@_1FI@HONFMGBI@?$AAR?$AA6?$AA0?$AA0?$AA9?$AA?$AN?$AA?6?$AA?9?$AA?5?$AAn?$AAo?$AAt?$AA?5?$AAe?$AAn?$AAo?$AAu?$AAg?$AAh?$AA?5?$AAs?$AAp?$AAa?$AAc?$AAe?$AA?5?$AAf?$AAo?$AAr?$AA?5?$AAe?$AAn@ 0000000140011c40     LIBCMT:crt0msg.obj
 0002:00000ca0       ??_C@_1EG@BEHAGFJD@?$AAR?$AA6?$AA0?$AA1?$AA0?$AA?$AN?$AA?6?$AA?9?$AA?5?$AAa?$AAb?$AAo?$AAr?$AAt?$AA?$CI?$AA?$CJ?$AA?5?$AAh?$AAa?$AAs?$AA?5?$AAb?$AAe?$AAe?$AAn?$AA?5?$AAc?$AAa?$AAl?$AAl?$AAe?$AAd@ 0000000140011ca0     LIBCMT:crt0msg.obj
 0002:00000cf0       ??_C@_1FI@LOGNIKDM@?$AAR?$AA6?$AA0?$AA1?$AA6?$AA?$AN?$AA?6?$AA?9?$AA?5?$AAn?$AAo?$AAt?$AA?5?$AAe?$AAn?$AAo?$AAu?$AAg?$AAh?$AA?5?$AAs?$AAp?$AAa?$AAc?$AAe?$AA?5?$AAf?$AAo?$AAr?$AA?5?$AAt?$AAh@ 0000000140011cf0     LIBCMT:crt0msg.obj
 0002:00000d50       ??_C@_1FK@BEOGODMC@?$AAR?$AA6?$AA0?$AA1?$AA7?$AA?$AN?$AA?6?$AA?9?$AA?5?$AAu?$AAn?$AAe?$AAx?$AAp?$AAe?$AAc?$AAt?$AAe?$AAd?$AA?5?$AAm?$AAu?$AAl?$AAt?$AAi?$AAt?$AAh?$AAr?$AAe?$AAa?$AAd?$AA?5@ 0000000140011d50     LIBCMT:crt0msg.obj
 0002:00000db0       ??_C@_1EC@JIBHAOPH@?$AAR?$AA6?$AA0?$AA1?$AA8?$AA?$AN?$AA?6?$AA?9?$AA?5?$AAu?$AAn?$AAe?$AAx?$AAp?$AAe?$AAc?$AAt?$AAe?$AAd?$AA?5?$AAh?$AAe?$AAa?$AAp?$AA?5?$AAe?$AAr?$AAr?$AAo?$AAr?$AA?$AN?$AA?6@ 0000000140011db0     LIBCMT:crt0msg.obj
 0002:00000e00       ??_C@_1FC@ECHBIFBC@?$AAR?$AA6?$AA0?$AA1?$AA9?$AA?$AN?$AA?6?$AA?9?$AA?5?$AAu?$AAn?$AAa?$AAb?$AAl?$AAe?$AA?5?$AAt?$AAo?$AA?5?$AAo?$AAp?$AAe?$AAn?$AA?5?$AAc?$AAo?$AAn?$AAs?$AAo?$AAl?$AAe?$AA?5@ 0000000140011e00     LIBCMT:crt0msg.obj
 0002:00000e60       ??_C@_1GK@FHCKBEFA@?$AAR?$AA6?$AA0?$AA2?$AA4?$AA?$AN?$AA?6?$AA?9?$AA?5?$AAn?$AAo?$AAt?$AA?5?$AAe?$AAn?$AAo?$AAu?$AAg?$AAh?$AA?5?$AAs?$AAp?$AAa?$AAc?$AAe?$AA?5?$AAf?$AAo?$AAr?$AA?5?$AA_?$AAo@ 0000000140011e60     LIBCMT:crt0msg.obj
 0002:00000ed0       ??_C@_1EM@MAADIHMB@?$AAR?$AA6?$AA0?$AA2?$AA5?$AA?$AN?$AA?6?$AA?9?$AA?5?$AAp?$AAu?$AAr?$AAe?$AA?5?$AAv?$AAi?$AAr?$AAt?$AAu?$AAa?$AAl?$AA?5?$AAf?$AAu?$AAn?$AAc?$AAt?$AAi?$AAo?$AAn?$AA?5?$AAc@ 0000000140011ed0     LIBCMT:crt0msg.obj
 0002:00000f20       ??_C@_1GK@MCAAGJMO@?$AAR?$AA6?$AA0?$AA2?$AA6?$AA?$AN?$AA?6?$AA?9?$AA?5?$AAn?$AAo?$AAt?$AA?5?$AAe?$AAn?$AAo?$AAu?$AAg?$AAh?$AA?5?$AAs?$AAp?$AAa?$AAc?$AAe?$AA?5?$AAf?$AAo?$AAr?$AA?5?$AAs?$AAt@ 0000000140011f20     LIBCMT:crt0msg.obj
 0002:00000f90       ??_C@_1GK@MFGOKLAG@?$AAR?$AA6?$AA0?$AA2?$AA7?$AA?$AN?$AA?6?$AA?9?$AA?5?$AAn?$AAo?$AAt?$AA?5?$AAe?$AAn?$AAo?$AAu?$AAg?$AAh?$AA?5?$AAs?$AAp?$AAa?$AAc?$AAe?$AA?5?$AAf?$AAo?$AAr?$AA?5?$AAl?$AAo@ 0000000140011f90     LIBCMT:crt0msg.obj
 0002:00001000       ??_C@_1EK@HHFLMAOL@?$AAR?$AA6?$AA0?$AA2?$AA8?$AA?$AN?$AA?6?$AA?9?$AA?5?$AAu?$AAn?$AAa?$AAb?$AAl?$AAe?$AA?5?$AAt?$AAo?$AA?5?$AAi?$AAn?$AAi?$AAt?$AAi?$AAa?$AAl?$AAi?$AAz?$AAe?$AA?5?$AAh?$AAe@ 0000000140012000     LIBCMT:crt0msg.obj
 0002:00001050       ??_C@_1DO@BMFCDCD@?$AAR?$AA6?$AA0?$AA3?$AA0?$AA?$AN?$AA?6?$AA?9?$AA?5?$AAC?$AAR?$AAT?$AA?5?$AAn?$AAo?$AAt?$AA?5?$AAi?$AAn?$AAi?$AAt?$AAi?$AAa?$AAl?$AAi?$AAz?$AAe?$AAd?$AA?$AN?$AA?6?$AA?$AA@ 0000000140012050     LIBCMT:crt0msg.obj
 0002:00001090       ??_C@_1MG@ENCOOIDF@?$AAR?$AA6?$AA0?$AA3?$AA1?$AA?$AN?$AA?6?$AA?9?$AA?5?$AAA?$AAt?$AAt?$AAe?$AAm?$AAp?$AAt?$AA?5?$AAt?$AAo?$AA?5?$AAi?$AAn?$AAi?$AAt?$AAi?$AAa?$AAl?$AAi?$AAz?$AAe?$AA?5?$AAt@ 0000000140012090     LIBCMT:crt0msg.obj
 0002:00001160       ??_C@_1GG@GOPILAJP@?$AAR?$AA6?$AA0?$AA3?$AA2?$AA?$AN?$AA?6?$AA?9?$AA?5?$AAn?$AAo?$AAt?$AA?5?$AAe?$AAn?$AAo?$AAu?$AAg?$AAh?$AA?5?$AAs?$AAp?$AAa?$AAc?$AAe?$AA?5?$AAf?$AAo?$AAr?$AA?5?$AAl?$AAo@ 0000000140012160     LIBCMT:crt0msg.obj
 0002:000011d0       ??_C@_1BOO@KGEDBGAJ@?$AAR?$AA6?$AA0?$AA3?$AA3?$AA?$AN?$AA?6?$AA?9?$AA?5?$AAA?$AAt?$AAt?$AAe?$AAm?$AAp?$AAt?$AA?5?$AAt?$AAo?$AA?5?$AAu?$AAs?$AAe?$AA?5?$AAM?$AAS?$AAI?$AAL?$AA?5?$AAc?$AAo?$AAd@ 00000001400121d0     LIBCMT:crt0msg.obj
 0002:000013c0       ??_C@_1GG@MKFPEKFO@?$AAR?$AA6?$AA0?$AA3?$AA4?$AA?$AN?$AA?6?$AA?9?$AA?5?$AAi?$AAn?$AAc?$AAo?$AAn?$AAs?$AAi?$AAs?$AAt?$AAe?$AAn?$AAt?$AA?5?$AAo?$AAn?$AAe?$AAx?$AAi?$AAt?$AA?5?$AAb?$AAe?$AAg@ 00000001400123c0     LIBCMT:crt0msg.obj
 0002:00001428       ??_C@_1BO@BFCDCGC@?$AAD?$AAO?$AAM?$AAA?$AAI?$AAN?$AA?5?$AAe?$AAr?$AAr?$AAo?$AAr?$AA?$AN?$AA?6?$AA?$AA@ 0000000140012428     LIBCMT:crt0msg.obj
 0002:00001448       ??_C@_1BK@KMOMNAAI@?$AAS?$AAI?$AAN?$AAG?$AA?5?$AAe?$AAr?$AAr?$AAo?$AAr?$AA?$AN?$AA?6?$AA?$AA@ 0000000140012448     LIBCMT:crt0msg.obj
 0002:00001468       ??_C@_1BM@JBBEPPHI@?$AAT?$AAL?$AAO?$AAS?$AAS?$AA?5?$AAe?$AAr?$AAr?$AAo?$AAr?$AA?$AN?$AA?6?$AA?$AA@ 0000000140012468     LIBCMT:crt0msg.obj
 0002:00001484       ??_C@_15JNBOKNOG@?$AA?$AN?$AA?6?$AA?$AA@ 0000000140012484     LIBCMT:crt0msg.obj
 0002:00001490       ??_C@_1BO@BKOMIGKJ@?$AAr?$AAu?$AAn?$AAt?$AAi?$AAm?$AAe?$AA?5?$AAe?$AAr?$AAr?$AAo?$AAr?$AA?5?$AA?$AA@ 0000000140012490     LIBCMT:crt0msg.obj
 0002:000014b0       ??_C@_1DE@JNGNBFGO@?$AAR?$AAu?$AAn?$AAt?$AAi?$AAm?$AAe?$AA?5?$AAE?$AAr?$AAr?$AAo?$AAr?$AA?$CB?$AA?6?$AA?6?$AAP?$AAr?$AAo?$AAg?$AAr?$AAa?$AAm?$AA?3?$AA?5?$AA?$AA@ 00000001400124b0     LIBCMT:crt0msg.obj
 0002:000014e8       ??_C@_1CO@EAEJAADC@?$AA?$DM?$AAp?$AAr?$AAo?$AAg?$AAr?$AAa?$AAm?$AA?5?$AAn?$AAa?$AAm?$AAe?$AA?5?$AAu?$AAn?$AAk?$AAn?$AAo?$AAw?$AAn?$AA?$DO?$AA?$AA@ 00000001400124e8     LIBCMT:crt0msg.obj
 0002:00001518       ??_C@_17LGKOMLJ@?$AA?4?$AA?4?$AA?4?$AA?$AA@ 0000000140012518     LIBCMT:crt0msg.obj
 0002:00001520       ??_C@_15IABLJNFO@?$AA?6?$AA?6?$AA?$AA@ 0000000140012520     LIBCMT:crt0msg.obj
 0002:00001530       ??_C@_1EK@MBDPDCGA@?$AAM?$AAi?$AAc?$AAr?$AAo?$AAs?$AAo?$AAf?$AAt?$AA?5?$AAV?$AAi?$AAs?$AAu?$AAa?$AAl?$AA?5?$AAC?$AA?$CL?$AA?$CL?$AA?5?$AAR?$AAu?$AAn?$AAt?$AAi?$AAm?$AAe?$AA?5?$AAL?$AAi?$AAb@ 0000000140012530     LIBCMT:crt0msg.obj
 0002:00001580       ??_C@_1BK@MGMFAEKH@?$AAk?$AAe?$AAr?$AAn?$AAe?$AAl?$AA3?$AA2?$AA?4?$AAd?$AAl?$AAl?$AA?$AA@ 0000000140012580     LIBCMT:winapisupp.obj
 0002:000015a0       ??_C@_08KNHFBNJ@FlsAlloc?$AA@ 00000001400125a0     LIBCMT:winapisupp.obj
 0002:000015b0       ??_C@_07PEJMOBNF@FlsFree?$AA@ 00000001400125b0     LIBCMT:winapisupp.obj
 0002:000015b8       ??_C@_0M@GDNOONDI@FlsGetValue?$AA@ 00000001400125b8     LIBCMT:winapisupp.obj
 0002:000015c8       ??_C@_0M@JCPCPOEF@FlsSetValue?$AA@ 00000001400125c8     LIBCMT:winapisupp.obj
 0002:000015d8       ??_C@_0BM@HCFOFFN@InitializeCriticalSectionEx?$AA@ 00000001400125d8     LIBCMT:winapisupp.obj
 0002:000015f8       ??_C@_0P@DLHPPCNH@CreateEventExW?$AA@ 00000001400125f8     LIBCMT:winapisupp.obj
 0002:00001608       ??_C@_0BD@KIEEOEEH@CreateSemaphoreExW?$AA@ 0000000140012608     LIBCMT:winapisupp.obj
 0002:00001620       ??_C@_0BI@BKLFFAPO@SetThreadStackGuarantee?$AA@ 0000000140012620     LIBCMT:winapisupp.obj
 0002:00001638       ??_C@_0BG@OGFAJCKC@CreateThreadpoolTimer?$AA@ 0000000140012638     LIBCMT:winapisupp.obj
 0002:00001650       ??_C@_0BD@LPLEMMDI@SetThreadpoolTimer?$AA@ 0000000140012650     LIBCMT:winapisupp.obj
 0002:00001668       ??_C@_0CA@FMNJENH@WaitForThreadpoolTimerCallbacks?$AA@ 0000000140012668     LIBCMT:winapisupp.obj
 0002:00001688       ??_C@_0BF@DCFCCNOC@CloseThreadpoolTimer?$AA@ 0000000140012688     LIBCMT:winapisupp.obj
 0002:000016a0       ??_C@_0BF@FLABGKKM@CreateThreadpoolWait?$AA@ 00000001400126a0     LIBCMT:winapisupp.obj
 0002:000016b8       ??_C@_0BC@MGCOHNA@SetThreadpoolWait?$AA@ 00000001400126b8     LIBCMT:winapisupp.obj
 0002:000016d0       ??_C@_0BE@OCIOMIMP@CloseThreadpoolWait?$AA@ 00000001400126d0     LIBCMT:winapisupp.obj
 0002:000016e8       ??_C@_0BJ@LKGHFHBO@FlushProcessWriteBuffers?$AA@ 00000001400126e8     LIBCMT:winapisupp.obj
 0002:00001708       ??_C@_0BP@KALKKPMO@FreeLibraryWhenCallbackReturns?$AA@ 0000000140012708     LIBCMT:winapisupp.obj
 0002:00001728       ??_C@_0BK@DFNBACLA@GetCurrentProcessorNumber?$AA@ 0000000140012728     LIBCMT:winapisupp.obj
 0002:00001748       ??_C@_0BP@KHGALBC@GetLogicalProcessorInformation?$AA@ 0000000140012748     LIBCMT:winapisupp.obj
 0002:00001768       ??_C@_0BE@FKKLLFLM@CreateSymbolicLinkW?$AA@ 0000000140012768     LIBCMT:winapisupp.obj
 0002:00001780       ??_C@_0BJ@OHNKDLIJ@SetDefaultDllDirectories?$AA@ 0000000140012780     LIBCMT:winapisupp.obj
 0002:000017a0       ??_C@_0BE@LJANKFHF@EnumSystemLocalesEx?$AA@ 00000001400127a0     LIBCMT:winapisupp.obj
 0002:000017b8       ??_C@_0BA@IHGNDAEB@CompareStringEx?$AA@ 00000001400127b8     LIBCMT:winapisupp.obj
 0002:000017c8       ??_C@_0BA@EPCJIIPD@GetDateFormatEx?$AA@ 00000001400127c8     LIBCMT:winapisupp.obj
 0002:000017d8       ??_C@_0BA@ONOKGCMP@GetLocaleInfoEx?$AA@ 00000001400127d8     LIBCMT:winapisupp.obj
 0002:000017e8       ??_C@_0BA@CIJJKCJJ@GetTimeFormatEx?$AA@ 00000001400127e8     LIBCMT:winapisupp.obj
 0002:000017f8       ??_C@_0BJ@PBCCBIPI@GetUserDefaultLocaleName?$AA@ 00000001400127f8     LIBCMT:winapisupp.obj
 0002:00001818       ??_C@_0BC@CELBKLLA@IsValidLocaleName?$AA@ 0000000140012818     LIBCMT:winapisupp.obj
 0002:00001830       ??_C@_0O@KKBNKAPF@LCMapStringEx?$AA@ 0000000140012830     LIBCMT:winapisupp.obj
 0002:00001840       ??_C@_0BE@JOGNEJCI@GetCurrentPackageId?$AA@ 0000000140012840     LIBCMT:winapisupp.obj
 0002:00001858       ??_C@_0P@CDHHOHKP@GetTickCount64?$AA@ 0000000140012858     LIBCMT:winapisupp.obj
 0002:00001868       ??_C@_0BO@KPCLFDJJ@GetFileInformationByHandleExW?$AA@ 0000000140012868     LIBCMT:winapisupp.obj
 0002:00001888       ??_C@_0BM@MHIDLABK@SetFileInformationByHandleW?$AA@ 0000000140012888     LIBCMT:winapisupp.obj
 0002:000018a4       ??_C@_00CNPNBAHC@?$AA@     00000001400128a4     LIBCMT:wincmdln.obj
 0002:000018c8       ??_C@_1M@HPNHIDJI@?$AAj?$AAa?$AA?9?$AAJ?$AAP?$AA?$AA@ 00000001400128c8     LIBCMT:mbctype.obj
 0002:000018d8       ??_C@_1M@BIBDDEMK@?$AAz?$AAh?$AA?9?$AAC?$AAN?$AA?$AA@ 00000001400128d8     LIBCMT:mbctype.obj
 0002:000018e8       ??_C@_1M@JLOOOEGK@?$AAk?$AAo?$AA?9?$AAK?$AAR?$AA?$AA@ 00000001400128e8     LIBCMT:mbctype.obj
 0002:000018f8       ??_C@_1M@CLNBBOPM@?$AAz?$AAh?$AA?9?$AAT?$AAW?$AA?$AA@ 00000001400128f8     LIBCMT:mbctype.obj
 0002:00001904       ??_C@_03KOEHGMDN@Sun?$AA@  0000000140012904     LIBCMT:nlsdata.obj
 0002:00001908       ??_C@_03PDAGKDH@Mon?$AA@   0000000140012908     LIBCMT:nlsdata.obj
 0002:0000190c       ??_C@_03NAGEINEP@Tue?$AA@  000000014001290c     LIBCMT:nlsdata.obj
 0002:00001910       ??_C@_03MHOMLAJA@Wed?$AA@  0000000140012910     LIBCMT:nlsdata.obj
 0002:00001914       ??_C@_03IOFIKPDN@Thu?$AA@  0000000140012914     LIBCMT:nlsdata.obj
 0002:00001918       ??_C@_03IDIOELNC@Fri?$AA@  0000000140012918     LIBCMT:nlsdata.obj
 0002:0000191c       ??_C@_03FEFJNEK@Sat?$AA@   000000014001291c     LIBCMT:nlsdata.obj
 0002:00001920       ??_C@_06OOPIFAJ@Sunday?$AA@ 0000000140012920     LIBCMT:nlsdata.obj
 0002:00001928       ??_C@_06JLEDEDGH@Monday?$AA@ 0000000140012928     LIBCMT:nlsdata.obj
 0002:00001930       ??_C@_07BAAGCFCM@Tuesday?$AA@ 0000000140012930     LIBCMT:nlsdata.obj
 0002:00001938       ??_C@_09DLIGFAKA@Wednesday?$AA@ 0000000140012938     LIBCMT:nlsdata.obj
 0002:00001948       ??_C@_08HACCIKIA@Thursday?$AA@ 0000000140012948     LIBCMT:nlsdata.obj
 0002:00001954       ??_C@_06JECMNKMI@Friday?$AA@ 0000000140012954     LIBCMT:nlsdata.obj
 0002:00001960       ??_C@_08INBOOONO@Saturday?$AA@ 0000000140012960     LIBCMT:nlsdata.obj
 0002:0000196c       ??_C@_03JIHJHPIE@Jan?$AA@  000000014001296c     LIBCMT:nlsdata.obj
 0002:00001970       ??_C@_03HJBDCHOM@Feb?$AA@  0000000140012970     LIBCMT:nlsdata.obj
 0002:00001974       ??_C@_03ODNJBKGA@Mar?$AA@  0000000140012974     LIBCMT:nlsdata.obj
 0002:00001978       ??_C@_03LEOLGMJP@Apr?$AA@  0000000140012978     LIBCMT:nlsdata.obj
 0002:0000197c       ??_C@_03CNMDKL@May?$AA@    000000014001297c     LIBCMT:nlsdata.obj
 0002:00001980       ??_C@_03IDFGHECI@Jun?$AA@  0000000140012980     LIBCMT:nlsdata.obj
 0002:00001984       ??_C@_03LBGABGKK@Jul?$AA@  0000000140012984     LIBCMT:nlsdata.obj
 0002:00001988       ??_C@_03IFJFEIGA@Aug?$AA@  0000000140012988     LIBCMT:nlsdata.obj
 0002:0000198c       ??_C@_03GGCAPAJC@Sep?$AA@  000000014001298c     LIBCMT:nlsdata.obj
 0002:00001990       ??_C@_03BMAOKBAD@Oct?$AA@  0000000140012990     LIBCMT:nlsdata.obj
 0002:00001994       ??_C@_03JPJOFNIA@Nov?$AA@  0000000140012994     LIBCMT:nlsdata.obj
 0002:00001998       ??_C@_03MKABNOCG@Dec?$AA@  0000000140012998     LIBCMT:nlsdata.obj
 0002:000019a0       ??_C@_07CGJPFGJA@January?$AA@ 00000001400129a0     LIBCMT:nlsdata.obj
 0002:000019a8       ??_C@_08GNJGEPFN@February?$AA@ 00000001400129a8     LIBCMT:nlsdata.obj
 0002:000019b4       ??_C@_05HPCKOFNC@March?$AA@ 00000001400129b4     LIBCMT:nlsdata.obj
 0002:000019bc       ??_C@_05DMJDNLEJ@April?$AA@ 00000001400129bc     LIBCMT:nlsdata.obj
 0002:000019c4       ??_C@_04CNLMGBGM@June?$AA@ 00000001400129c4     LIBCMT:nlsdata.obj
 0002:000019cc       ??_C@_04MIEPOIFP@July?$AA@ 00000001400129cc     LIBCMT:nlsdata.obj
 0002:000019d4       ??_C@_06LBBHFDDG@August?$AA@ 00000001400129d4     LIBCMT:nlsdata.obj
 0002:000019e0       ??_C@_09BHHEALKD@September?$AA@ 00000001400129e0     LIBCMT:nlsdata.obj
 0002:000019f0       ??_C@_07JJNFCEND@October?$AA@ 00000001400129f0     LIBCMT:nlsdata.obj
 0002:000019f8       ??_C@_08HCHEGEOA@November?$AA@ 00000001400129f8     LIBCMT:nlsdata.obj
 0002:00001a08       ??_C@_08EDHMEBNP@December?$AA@ 0000000140012a08     LIBCMT:nlsdata.obj
 0002:00001a14       ??_C@_02DEDBPAFC@AM?$AA@   0000000140012a14     LIBCMT:nlsdata.obj
 0002:00001a18       ??_C@_02CJNFDJBF@PM?$AA@   0000000140012a18     LIBCMT:nlsdata.obj
 0002:00001a20       ??_C@_08BPBNCDIB@MM?1dd?1yy?$AA@ 0000000140012a20     LIBCMT:nlsdata.obj
 0002:00001a30       ??_C@_0BE@CKGJFCPC@dddd?0?5MMMM?5dd?0?5yyyy?$AA@ 0000000140012a30     LIBCMT:nlsdata.obj
 0002:00001a48       ??_C@_08JCCMCCIL@HH?3mm?3ss?$AA@ 0000000140012a48     LIBCMT:nlsdata.obj
 0002:00001a58       ??_C@_17MBGCMIPB@?$AAS?$AAu?$AAn?$AA?$AA@ 0000000140012a58     LIBCMT:nlsdata.obj
 0002:00001a60       ??_C@_17KBOMKBF@?$AAM?$AAo?$AAn?$AA?$AA@ 0000000140012a60     LIBCMT:nlsdata.obj
 0002:00001a68       ??_C@_17BMKGEGOJ@?$AAT?$AAu?$AAe?$AA?$AA@ 0000000140012a68     LIBCMT:nlsdata.obj
 0002:00001a70       ??_C@_17CJEDCEPE@?$AAW?$AAe?$AAd?$AA?$AA@ 0000000140012a70     LIBCMT:nlsdata.obj
 0002:00001a78       ??_C@_17PDPHAADD@?$AAT?$AAh?$AAu?$AA?$AA@ 0000000140012a78     LIBCMT:nlsdata.obj
 0002:00001a80       ??_C@_17HFOLPPLP@?$AAF?$AAr?$AAi?$AA?$AA@ 0000000140012a80     LIBCMT:nlsdata.obj
 0002:00001a88       ??_C@_17GGIBDPIH@?$AAS?$AAa?$AAt?$AA?$AA@ 0000000140012a88     LIBCMT:nlsdata.obj
 0002:00001a90       ??_C@_1O@IHNHDHPB@?$AAS?$AAu?$AAn?$AAd?$AAa?$AAy?$AA?$AA@ 0000000140012a90     LIBCMT:nlsdata.obj
 0002:00001aa0       ??_C@_1O@MMNBFLIA@?$AAM?$AAo?$AAn?$AAd?$AAa?$AAy?$AA?$AA@ 0000000140012aa0     LIBCMT:nlsdata.obj
 0002:00001ab0       ??_C@_1BA@ENFBFFEK@?$AAT?$AAu?$AAe?$AAs?$AAd?$AAa?$AAy?$AA?$AA@ 0000000140012ab0     LIBCMT:nlsdata.obj
 0002:00001ac0       ??_C@_1BE@EBOGMDOH@?$AAW?$AAe?$AAd?$AAn?$AAe?$AAs?$AAd?$AAa?$AAy?$AA?$AA@ 0000000140012ac0     LIBCMT:nlsdata.obj
 0002:00001ad8       ??_C@_1BC@HHMNLIHE@?$AAT?$AAh?$AAu?$AAr?$AAs?$AAd?$AAa?$AAy?$AA?$AA@ 0000000140012ad8     LIBCMT:nlsdata.obj
 0002:00001af0       ??_C@_1O@PDICJHAG@?$AAF?$AAr?$AAi?$AAd?$AAa?$AAy?$AA?$AA@ 0000000140012af0     LIBCMT:nlsdata.obj
 0002:00001b00       ??_C@_1BC@ENMNNPAJ@?$AAS?$AAa?$AAt?$AAu?$AAr?$AAd?$AAa?$AAy?$AA?$AA@ 0000000140012b00     LIBCMT:nlsdata.obj
 0002:00001b18       ??_C@_17DKNBKCHM@?$AAJ?$AAa?$AAn?$AA?$AA@ 0000000140012b18     LIBCMT:nlsdata.obj
 0002:00001b20       ??_C@_17LMDJEKJN@?$AAF?$AAe?$AAb?$AA?$AA@ 0000000140012b20     LIBCMT:nlsdata.obj
 0002:00001b28       ??_C@_17CKNLEDEC@?$AAM?$AAa?$AAr?$AA?$AA@ 0000000140012b28     LIBCMT:nlsdata.obj
 0002:00001b30       ??_C@_17LFPOIHDD@?$AAA?$AAp?$AAr?$AA?$AA@ 0000000140012b30     LIBCMT:nlsdata.obj
 0002:00001b38       ??_C@_17PNNKMEED@?$AAM?$AAa?$AAy?$AA?$AA@ 0000000140012b38     LIBCMT:nlsdata.obj
 0002:00001b40       ??_C@_17KCJGOCPB@?$AAJ?$AAu?$AAn?$AA?$AA@ 0000000140012b40     LIBCMT:nlsdata.obj
 0002:00001b48       ??_C@_17IJPCKHK@?$AAJ?$AAu?$AAl?$AA?$AA@ 0000000140012b48     LIBCMT:nlsdata.obj
 0002:00001b50       ??_C@_17ICPELBCN@?$AAA?$AAu?$AAg?$AA?$AA@ 0000000140012b50     LIBCMT:nlsdata.obj
 0002:00001b58       ??_C@_17HCHCOKMG@?$AAS?$AAe?$AAp?$AA?$AA@ 0000000140012b58     LIBCMT:nlsdata.obj
 0002:00001b60       ??_C@_17FNLKOI@?$AAO?$AAc?$AAt?$AA?$AA@ 0000000140012b60     LIBCMT:nlsdata.obj
 0002:00001b68       ??_C@_17BBDMLCIG@?$AAN?$AAo?$AAv?$AA?$AA@ 0000000140012b68     LIBCMT:nlsdata.obj
 0002:00001b70       ??_C@_17EGKACKIF@?$AAD?$AAe?$AAc?$AA?$AA@ 0000000140012b70     LIBCMT:nlsdata.obj
 0002:00001b78       ??_C@_1BA@EFMEIEBA@?$AAJ?$AAa?$AAn?$AAu?$AAa?$AAr?$AAy?$AA?$AA@ 0000000140012b78     LIBCMT:nlsdata.obj
 0002:00001b88       ??_C@_1BC@JGDDFFAM@?$AAF?$AAe?$AAb?$AAr?$AAu?$AAa?$AAr?$AAy?$AA?$AA@ 0000000140012b88     LIBCMT:nlsdata.obj
 0002:00001ba0       ??_C@_1M@IKEENEDF@?$AAM?$AAa?$AAr?$AAc?$AAh?$AA?$AA@ 0000000140012ba0     LIBCMT:nlsdata.obj
 0002:00001bb0       ??_C@_1M@GJNLMHFD@?$AAA?$AAp?$AAr?$AAi?$AAl?$AA?$AA@ 0000000140012bb0     LIBCMT:nlsdata.obj
 0002:00001bc0       ??_C@_19EPFLPGAP@?$AAJ?$AAu?$AAn?$AAe?$AA?$AA@ 0000000140012bc0     LIBCMT:nlsdata.obj
 0002:00001bd0       ??_C@_19BIFMLPCD@?$AAJ?$AAu?$AAl?$AAy?$AA?$AA@ 0000000140012bd0     LIBCMT:nlsdata.obj
 0002:00001be0       ??_C@_1O@PAHLKOAC@?$AAA?$AAu?$AAg?$AAu?$AAs?$AAt?$AA?$AA@ 0000000140012be0     LIBCMT:nlsdata.obj
 0002:00001bf0       ??_C@_1BE@DKAAMBJL@?$AAS?$AAe?$AAp?$AAt?$AAe?$AAm?$AAb?$AAe?$AAr?$AA?$AA@ 0000000140012bf0     LIBCMT:nlsdata.obj
 0002:00001c08       ??_C@_1BA@EPANDLNG@?$AAO?$AAc?$AAt?$AAo?$AAb?$AAe?$AAr?$AA?$AA@ 0000000140012c08     LIBCMT:nlsdata.obj
 0002:00001c18       ??_C@_1BC@BGLIFPF@?$AAN?$AAo?$AAv?$AAe?$AAm?$AAb?$AAe?$AAr?$AA?$AA@ 0000000140012c18     LIBCMT:nlsdata.obj
 0002:00001c30       ??_C@_1BC@FEMKIFH@?$AAD?$AAe?$AAc?$AAe?$AAm?$AAb?$AAe?$AAr?$AA?$AA@ 0000000140012c30     LIBCMT:nlsdata.obj
 0002:00001c44       ??_C@_15ODEHAHHF@?$AAA?$AAM?$AA?$AA@ 0000000140012c44     LIBCMT:nlsdata.obj
 0002:00001c4c       ??_C@_15CLMNNGEL@?$AAP?$AAM?$AA?$AA@ 0000000140012c4c     LIBCMT:nlsdata.obj
 0002:00001c58       ??_C@_1BC@IEBCMHCM@?$AAM?$AAM?$AA?1?$AAd?$AAd?$AA?1?$AAy?$AAy?$AA?$AA@ 0000000140012c58     LIBCMT:nlsdata.obj
 0002:00001c70       ??_C@_1CI@KNAKOEBC@?$AAd?$AAd?$AAd?$AAd?$AA?0?$AA?5?$AAM?$AAM?$AAM?$AAM?$AA?5?$AAd?$AAd?$AA?0?$AA?5?$AAy?$AAy?$AAy?$AAy?$AA?$AA@ 0000000140012c70     LIBCMT:nlsdata.obj
 0002:00001c98       ??_C@_1BC@GDGBMEMK@?$AAH?$AAH?$AA?3?$AAm?$AAm?$AA?3?$AAs?$AAs?$AA?$AA@ 0000000140012c98     LIBCMT:nlsdata.obj
 0002:00001cb0       ??_C@_1M@BMHNFIME@?$AAe?$AAn?$AA?9?$AAU?$AAS?$AA?$AA@ 0000000140012cb0     LIBCMT:nlsdata.obj
 0002:00001cc0       ??_C@_1BG@GOEBHBDC@?$AAU?$AAS?$AAE?$AAR?$AA3?$AA2?$AA?4?$AAD?$AAL?$AAL?$AA?$AA@ 0000000140012cc0     LIBCMT:crtmboxw.obj
 0002:00001cd8       ??_C@_0M@DLDCCGNP@MessageBoxW?$AA@ 0000000140012cd8     LIBCMT:crtmboxw.obj
 0002:00001ce8       ??_C@_0BA@HNOPNCHB@GetActiveWindow?$AA@ 0000000140012ce8     LIBCMT:crtmboxw.obj
 0002:00001cf8       ??_C@_0BD@HHGDFDBJ@GetLastActivePopup?$AA@ 0000000140012cf8     LIBCMT:crtmboxw.obj
 0002:00001d10       ??_C@_0BK@DEKFELLI@GetUserObjectInformationW?$AA@ 0000000140012d10     LIBCMT:crtmboxw.obj
 0002:00001d30       ??_C@_0BI@DFKBFLJE@GetProcessWindowStation?$AA@ 0000000140012d30     LIBCMT:crtmboxw.obj
 0002:00001d50       __newctype                 0000000140012d50     LIBCMT:ctype.obj
 0002:00002050       _wctype                    0000000140013050     LIBCMT:ctype.obj
 0002:00002260       __newclmap                 0000000140013260     LIBCMT:ctype.obj
 0002:000023e0       __newcumap                 00000001400133e0     LIBCMT:ctype.obj
 0002:000025e0       ??_C@_03KHJOGHMM@exp?$AA@  00000001400135e0     LIBCMT:fpexcept.obj
 0002:000025e4       ??_C@_03JGHBODFD@pow?$AA@  00000001400135e4     LIBCMT:fpexcept.obj
 0002:000025e8       ??_C@_03MGHMBJCF@log?$AA@  00000001400135e8     LIBCMT:fpexcept.obj
 0002:000025ec       ??_C@_05HGHHAHAP@log10?$AA@ 00000001400135ec     LIBCMT:fpexcept.obj
 0002:000025f4       ??_C@_04COOMCNPB@sinh?$AA@ 00000001400135f4     LIBCMT:fpexcept.obj
 0002:000025fc       ??_C@_04HPJJNFIM@cosh?$AA@ 00000001400135fc     LIBCMT:fpexcept.obj
 0002:00002604       ??_C@_04FJHINJAO@tanh?$AA@ 0000000140013604     LIBCMT:fpexcept.obj
 0002:0000260c       ??_C@_04FIHNOPOL@asin?$AA@ 000000014001360c     LIBCMT:fpexcept.obj
 0002:00002614       ??_C@_04PDIFKINK@acos?$AA@ 0000000140013614     LIBCMT:fpexcept.obj
 0002:0000261c       ??_C@_04MLLJIGOK@atan?$AA@ 000000014001361c     LIBCMT:fpexcept.obj
 0002:00002624       ??_C@_05KNGEOGJB@atan2?$AA@ 0000000140013624     LIBCMT:fpexcept.obj
 0002:0000262c       ??_C@_04EIAKFFMI@sqrt?$AA@ 000000014001362c     LIBCMT:fpexcept.obj
 0002:00002634       ??_C@_04GFPJNGEK@ceil?$AA@ 0000000140013634     LIBCMT:fpexcept.obj
 0002:0000263c       ??_C@_05PBJFFIGL@floor?$AA@ 000000014001363c     LIBCMT:fpexcept.obj
 0002:00002644       ??_C@_04ODHECPBC@fabs?$AA@ 0000000140013644     LIBCMT:fpexcept.obj
 0002:0000264c       ??_C@_04EHEDPDJG@modf?$AA@ 000000014001364c     LIBCMT:fpexcept.obj
 0002:00002654       ??_C@_05CEJMAHNP@ldexp?$AA@ 0000000140013654     LIBCMT:fpexcept.obj
 0002:0000265c       ??_C@_05KBKMEMPO@_cabs?$AA@ 000000014001365c     LIBCMT:fpexcept.obj
 0002:00002664       ??_C@_06MEIMCGCF@_hypot?$AA@ 0000000140013664     LIBCMT:fpexcept.obj
 0002:0000266c       ??_C@_04KEPJIHGP@fmod?$AA@ 000000014001366c     LIBCMT:fpexcept.obj
 0002:00002674       ??_C@_05GKKHEGJL@frexp?$AA@ 0000000140013674     LIBCMT:fpexcept.obj
 0002:0000267c       ??_C@_03MJLDFKDL@_y0?$AA@  000000014001367c     LIBCMT:fpexcept.obj
 0002:00002680       ??_C@_03NAKIGLHK@_y1?$AA@  0000000140013680     LIBCMT:fpexcept.obj
 0002:00002684       ??_C@_03ONILCKOB@_yn?$AA@  0000000140013684     LIBCMT:fpexcept.obj
 0002:00002688       ??_C@_05JGDBENOH@_logb?$AA@ 0000000140013688     LIBCMT:fpexcept.obj
 0002:00002690       ??_C@_0L@KDOEJCKC@_nextafter?$AA@ 0000000140013690     LIBCMT:fpexcept.obj
 0002:0000269c       ??_C@_06PGGFOGJG@1?$CDSNAN?$AA@ 000000014001369c     LIBCMT:x10fout.obj
 0002:000026a4       ??_C@_05PHHOCPM@1?$CDIND?$AA@ 00000001400136a4     LIBCMT:x10fout.obj
 0002:000026ac       ??_C@_05DNEBIAHO@1?$CDINF?$AA@ 00000001400136ac     LIBCMT:x10fout.obj
 0002:000026b4       ??_C@_06IMKFLFPG@1?$CDQNAN?$AA@ 00000001400136b4     LIBCMT:x10fout.obj
 0002:000026c0       LcidToLocaleNameTable      00000001400136c0     LIBCMT:winapinls.obj
 0002:00003500       LocaleNameToIndexTable     0000000140014500     LIBCMT:winapinls.obj
 0002:00004340       ??_C@_15EMKDOKLE@?$AAa?$AAr?$AA?$AA@ 0000000140015340     LIBCMT:winapinls.obj
 0002:00004348       ??_C@_15KNPADPLH@?$AAb?$AAg?$AA?$AA@ 0000000140015348     LIBCMT:winapinls.obj
 0002:00004350       ??_C@_15EDMHLDMO@?$AAc?$AAa?$AA?$AA@ 0000000140015350     LIBCMT:winapinls.obj
 0002:00004358       ??_C@_1O@BPEAJADD@?$AAz?$AAh?$AA?9?$AAC?$AAH?$AAS?$AA?$AA@ 0000000140015358     LIBCMT:winapinls.obj
 0002:00004368       ??_C@_15LJNHCMNK@?$AAc?$AAs?$AA?$AA@ 0000000140015368     LIBCMT:winapinls.obj
 0002:00004370       ??_C@_15FOMCIDHG@?$AAd?$AAa?$AA?$AA@ 0000000140015370     LIBCMT:winapinls.obj
 0002:00004378       ??_C@_15NBKABECB@?$AAd?$AAe?$AA?$AA@ 0000000140015378     LIBCMT:winapinls.obj
 0002:00004380       ??_C@_15GHPEIIAO@?$AAe?$AAl?$AA?$AA@ 0000000140015380     LIBCMT:winapinls.obj
 0002:00004388       ??_C@_15MNPNEAIF@?$AAe?$AAn?$AA?$AA@ 0000000140015388     LIBCMT:winapinls.obj
 0002:00004390       ??_C@_15GPIOMPMH@?$AAe?$AAs?$AA?$AA@ 0000000140015390     LIBCMT:winapinls.obj
 0002:00004398       ??_C@_15NGLOAKJC@?$AAf?$AAi?$AA?$AA@ 0000000140015398     LIBCMT:winapinls.obj
 0002:000043a0       ??_C@_15FBKGNKAM@?$AAf?$AAr?$AA?$AA@ 00000001400153a0     LIBCMT:winapinls.obj
 0002:000043a8       ??_C@_15KGGCNEFK@?$AAh?$AAe?$AA?$AA@ 00000001400153a8     LIBCMT:winapinls.obj
 0002:000043b0       ??_C@_15PGHLIDMF@?$AAh?$AAu?$AA?$AA@ 00000001400153b0     LIBCMT:winapinls.obj
 0002:000043b8       ??_C@_15BIEMAPLM@?$AAi?$AAs?$AA?$AA@ 00000001400153b8     LIBCMT:winapinls.obj
 0002:000043c0       ??_C@_15IFJLDHAF@?$AAi?$AAt?$AA?$AA@ 00000001400153c0     LIBCMT:winapinls.obj
 0002:000043c8       ??_C@_15GEMIOCAG@?$AAj?$AAa?$AA?$AA@ 00000001400153c8     LIBCMT:winapinls.obj
 0002:000043d0       ??_C@_15EPELEGJA@?$AAk?$AAo?$AA?$AA@ 00000001400153d0     LIBCMT:winapinls.obj
 0002:000043d8       ??_C@_15NDDHIMN@?$AAn?$AAl?$AA?$AA@ 00000001400153d8     LIBCMT:winapinls.obj
 0002:000043e0       ??_C@_15BPIGNHCD@?$AAn?$AAo?$AA?$AA@ 00000001400153e0     LIBCMT:winapinls.obj
 0002:000043e8       ??_C@_15DEOPBLCG@?$AAp?$AAl?$AA?$AA@ 00000001400153e8     LIBCMT:winapinls.obj
 0002:000043f0       ??_C@_15KBECGEFG@?$AAp?$AAt?$AA?$AA@ 00000001400153f0     LIBCMT:winapinls.obj
 0002:000043f8       ??_C@_15GLJCBFMD@?$AAr?$AAo?$AA?$AA@ 00000001400153f8     LIBCMT:winapinls.obj
 0002:00004400       ??_C@_15FEDGKCDI@?$AAr?$AAu?$AA?$AA@ 0000000140015400     LIBCMT:winapinls.obj
 0002:00004408       ??_C@_15GLKMLLHM@?$AAh?$AAr?$AA?$AA@ 0000000140015408     LIBCMT:winapinls.obj
 0002:00004410       ??_C@_15CPKMFBDB@?$AAs?$AAk?$AA?$AA@ 0000000140015410     LIBCMT:winapinls.obj
 0002:00004418       ??_C@_15BAAIOGMK@?$AAs?$AAq?$AA?$AA@ 0000000140015418     LIBCMT:winapinls.obj
 0002:00004420       ??_C@_15INNPNOHD@?$AAs?$AAv?$AA?$AA@ 0000000140015420     LIBCMT:winapinls.obj
 0002:00004428       ??_C@_15CABMMOGH@?$AAt?$AAh?$AA?$AA@ 0000000140015428     LIBCMT:winapinls.obj
 0002:00004430       ??_C@_15BPLIHJJM@?$AAt?$AAr?$AA?$AA@ 0000000140015430     LIBCMT:winapinls.obj
 0002:00004438       ??_C@_15NEOEKKDJ@?$AAu?$AAr?$AA?$AA@ 0000000140015438     LIBCMT:winapinls.obj
 0002:00004440       ??_C@_15NFICGAJK@?$AAi?$AAd?$AA?$AA@ 0000000140015440     LIBCMT:winapinls.obj
 0002:00004448       ??_C@_15PJPFLCCM@?$AAu?$AAk?$AA?$AA@ 0000000140015448     LIBCMT:winapinls.obj
 0002:00004450       ??_C@_15HPJPHDM@?$AAb?$AAe?$AA?$AA@ 0000000140015450     LIBCMT:winapinls.obj
 0002:00004458       ??_C@_15LCHLGJII@?$AAs?$AAl?$AA?$AA@ 0000000140015458     LIBCMT:winapinls.obj
 0002:00004460       ??_C@_15PCFJPHHO@?$AAe?$AAt?$AA?$AA@ 0000000140015460     LIBCMT:winapinls.obj
 0002:00004468       ??_C@_15HPFPGODN@?$AAl?$AAv?$AA?$AA@ 0000000140015468     LIBCMT:winapinls.obj
 0002:00004470       ??_C@_15NFFGKGLG@?$AAl?$AAt?$AA?$AA@ 0000000140015470     LIBCMT:winapinls.obj
 0002:00004478       ??_C@_15BDAKCCHN@?$AAf?$AAa?$AA?$AA@ 0000000140015478     LIBCMT:winapinls.obj
 0002:00004480       ??_C@_15NFGIAIAJ@?$AAv?$AAi?$AA?$AA@ 0000000140015480     LIBCMT:winapinls.obj
 0002:00004488       ??_C@_15LMKNDMHN@?$AAh?$AAy?$AA?$AA@ 0000000140015488     LIBCMT:winapinls.obj
 0002:00004490       ??_C@_15IJBHMCFL@?$AAa?$AAz?$AA?$AA@ 0000000140015490     LIBCMT:winapinls.obj
 0002:00004498       ??_C@_15EKOFJABL@?$AAe?$AAu?$AA?$AA@ 0000000140015498     LIBCMT:winapinls.obj
 0002:000044a0       ??_C@_15BGHADCNK@?$AAm?$AAk?$AA?$AA@ 00000001400154a0     LIBCMT:winapinls.obj
 0002:000044a8       ??_C@_15JDNICKHM@?$AAa?$AAf?$AA?$AA@ 00000001400154a8     LIBCMT:winapinls.obj
 0002:000044b0       ??_C@_15KPJEDBKD@?$AAk?$AAa?$AA?$AA@ 00000001400154b0     LIBCMT:winapinls.obj
 0002:000044b8       ??_C@_15PDNFFFEO@?$AAf?$AAo?$AA?$AA@ 00000001400154b8     LIBCMT:winapinls.obj
 0002:000044c0       ??_C@_15OMLEGLOC@?$AAh?$AAi?$AA?$AA@ 00000001400154c0     LIBCMT:winapinls.obj
 0002:000044c8       ??_C@_15IDNNENKK@?$AAm?$AAs?$AA?$AA@ 00000001400154c8     LIBCMT:winapinls.obj
 0002:000044d0       ??_C@_15MACJNBMH@?$AAk?$AAk?$AA?$AA@ 00000001400154d0     LIBCMT:winapinls.obj
 0002:000044d8       ??_C@_15DKDJEOND@?$AAk?$AAy?$AA?$AA@ 00000001400154d8     LIBCMT:winapinls.obj
 0002:000044e0       ??_C@_15DFGDLJBG@?$AAs?$AAw?$AA?$AA@ 00000001400154e0     LIBCMT:winapinls.obj
 0002:000044e8       ??_C@_15BBFAICNG@?$AAu?$AAz?$AA?$AA@ 00000001400154e8     LIBCMT:winapinls.obj
 0002:000044f0       ??_C@_15DKNDCGEA@?$AAt?$AAt?$AA?$AA@ 00000001400154f0     LIBCMT:winapinls.obj
 0002:000044f8       ??_C@_15MGIFMDPL@?$AAp?$AAa?$AA?$AA@ 00000001400154f8     LIBCMT:winapinls.obj
 0002:00004500       ??_C@_15HCNDBBA@?$AAg?$AAu?$AA?$AA@ 0000000140015500     LIBCMT:winapinls.obj
 0002:00004508       ??_C@_15FNBEIBON@?$AAt?$AAa?$AA?$AA@ 0000000140015508     LIBCMT:winapinls.obj
 0002:00004510       ??_C@_15NCHGBGLK@?$AAt?$AAe?$AA?$AA@ 0000000140015510     LIBCMT:winapinls.obj
 0002:00004518       ??_C@_15PHPHCBPF@?$AAk?$AAn?$AA?$AA@ 0000000140015518     LIBCMT:winapinls.obj
 0002:00004520       ??_C@_15DLGBCKMP@?$AAm?$AAr?$AA?$AA@ 0000000140015520     LIBCMT:winapinls.obj
 0002:00004528       ??_C@_15EABBLBFF@?$AAs?$AAa?$AA?$AA@ 0000000140015528     LIBCMT:winapinls.obj
 0002:00004530       ??_C@_15CBKOMCOI@?$AAm?$AAn?$AA?$AA@ 0000000140015530     LIBCMT:winapinls.obj
 0002:00004538       ??_C@_15CKDMCJAF@?$AAg?$AAl?$AA?$AA@ 0000000140015538     LIBCMT:winapinls.obj
 0002:00004540       ??_C@_17CNJFBPG@?$AAk?$AAo?$AAk?$AA?$AA@ 0000000140015540     LIBCMT:winapinls.obj
 0002:00004548       ??_C@_17FFBJICPL@?$AAs?$AAy?$AAr?$AA?$AA@ 0000000140015548     LIBCMT:winapinls.obj
 0002:00004550       ??_C@_17KPNDCPAF@?$AAd?$AAi?$AAv?$AA?$AA@ 0000000140015550     LIBCMT:winapinls.obj
 0002:00004558       ??_C@_11LOCGONAA@?$AA?$AA@ 0000000140015558     LIBCMT:winapinls.obj
 0002:00004560       ??_C@_1M@OKAHONE@?$AAa?$AAr?$AA?9?$AAS?$AAA?$AA?$AA@ 0000000140015560     LIBCMT:winapinls.obj
 0002:00004570       ??_C@_1M@FFFIGIGK@?$AAb?$AAg?$AA?9?$AAB?$AAG?$AA?$AA@ 0000000140015570     LIBCMT:winapinls.obj
 0002:00004580       ??_C@_1M@BJNKEDC@?$AAc?$AAa?$AA?9?$AAE?$AAS?$AA?$AA@ 0000000140015580     LIBCMT:winapinls.obj
 0002:00004590       ??_C@_1M@IJJHFJHA@?$AAc?$AAs?$AA?9?$AAC?$AAZ?$AA?$AA@ 0000000140015590     LIBCMT:winapinls.obj
 0002:000045a0       ??_C@_1M@CLPEOBGI@?$AAd?$AAa?$AA?9?$AAD?$AAK?$AA?$AA@ 00000001400155a0     LIBCMT:winapinls.obj
 0002:000045b0       ??_C@_1M@MCMADGCB@?$AAd?$AAe?$AA?9?$AAD?$AAE?$AA?$AA@ 00000001400155b0     LIBCMT:winapinls.obj
 0002:000045c0       ??_C@_1M@OOCKEMAM@?$AAe?$AAl?$AA?9?$AAG?$AAR?$AA?$AA@ 00000001400155c0     LIBCMT:winapinls.obj
 0002:000045d0       ??_C@_1M@DDNJFGID@?$AAf?$AAi?$AA?9?$AAF?$AAI?$AA?$AA@ 00000001400155d0     LIBCMT:winapinls.obj
 0002:000045e0       ??_C@_1M@GLIPPMAC@?$AAf?$AAr?$AA?9?$AAF?$AAR?$AA?$AA@ 00000001400155e0     LIBCMT:winapinls.obj
 0002:000045f0       ??_C@_1M@GFMCHPE@?$AAh?$AAe?$AA?9?$AAI?$AAL?$AA?$AA@ 00000001400155f0     LIBCMT:winapinls.obj
 0002:00004600       ??_C@_1M@MHLPGNKM@?$AAh?$AAu?$AA?9?$AAH?$AAU?$AA?$AA@ 0000000140015600     LIBCMT:winapinls.obj
 0002:00004610       ??_C@_1M@LPDDNNPN@?$AAi?$AAs?$AA?9?$AAI?$AAS?$AA?$AA@ 0000000140015610     LIBCMT:winapinls.obj
 0002:00004620       ??_C@_1M@MADIPODN@?$AAi?$AAt?$AA?9?$AAI?$AAT?$AA?$AA@ 0000000140015620     LIBCMT:winapinls.obj
 0002:00004630       ??_C@_1M@IHBJJGG@?$AAn?$AAl?$AA?9?$AAN?$AAL?$AA?$AA@ 0000000140015630     LIBCMT:winapinls.obj
 0002:00004640       ??_C@_1M@EANAGDL@?$AAn?$AAb?$AA?9?$AAN?$AAO?$AA?$AA@ 0000000140015640     LIBCMT:winapinls.obj
 0002:00004650       ??_C@_1M@NEIEMEGP@?$AAp?$AAl?$AA?9?$AAP?$AAL?$AA?$AA@ 0000000140015650     LIBCMT:winapinls.obj
 0002:00004660       ??_C@_1M@BOCFIGEP@?$AAp?$AAt?$AA?9?$AAB?$AAR?$AA?$AA@ 0000000140015660     LIBCMT:winapinls.obj
 0002:00004670       ??_C@_1M@IMPFOPBG@?$AAr?$AAo?$AA?9?$AAR?$AAO?$AA?$AA@ 0000000140015670     LIBCMT:winapinls.obj
 0002:00004680       ??_C@_1M@IDNNEJMM@?$AAr?$AAu?$AA?9?$AAR?$AAU?$AA?$AA@ 0000000140015680     LIBCMT:winapinls.obj
 0002:00004690       ??_C@_1M@LILEEOGM@?$AAh?$AAr?$AA?9?$AAH?$AAR?$AA?$AA@ 0000000140015690     LIBCMT:winapinls.obj
 0002:000046a0       ??_C@_1M@FKIFEHPB@?$AAs?$AAk?$AA?9?$AAS?$AAK?$AA?$AA@ 00000001400156a0     LIBCMT:winapinls.obj
 0002:000046b0       ??_C@_1M@LJMAMNPJ@?$AAs?$AAq?$AA?9?$AAA?$AAL?$AA?$AA@ 00000001400156b0     LIBCMT:winapinls.obj
 0002:000046c0       ??_C@_1M@GIAKDKJK@?$AAs?$AAv?$AA?9?$AAS?$AAE?$AA?$AA@ 00000001400156c0     LIBCMT:winapinls.obj
 0002:000046d0       ??_C@_1M@MKJKIKCL@?$AAt?$AAh?$AA?9?$AAT?$AAH?$AA?$AA@ 00000001400156d0     LIBCMT:winapinls.obj
 0002:000046e0       ??_C@_1M@MFLCCMPB@?$AAt?$AAr?$AA?9?$AAT?$AAR?$AA?$AA@ 00000001400156e0     LIBCMT:winapinls.obj
 0002:000046f0       ??_C@_1M@OIJHDKJN@?$AAu?$AAr?$AA?9?$AAP?$AAK?$AA?$AA@ 00000001400156f0     LIBCMT:winapinls.obj
 0002:00004700       ??_C@_1M@LHIPCIEK@?$AAi?$AAd?$AA?9?$AAI?$AAD?$AA?$AA@ 0000000140015700     LIBCMT:winapinls.obj
 0002:00004710       ??_C@_1M@MFMOBGI@?$AAu?$AAk?$AA?9?$AAU?$AAA?$AA?$AA@ 0000000140015710     LIBCMT:winapinls.obj
 0002:00004720       ??_C@_1M@OBGLJIPL@?$AAb?$AAe?$AA?9?$AAB?$AAY?$AA?$AA@ 0000000140015720     LIBCMT:winapinls.obj
 0002:00004730       ??_C@_1M@BCFAJEAD@?$AAs?$AAl?$AA?9?$AAS?$AAI?$AA?$AA@ 0000000140015730     LIBCMT:winapinls.obj
 0002:00004740       ??_C@_1M@FKFFEDDN@?$AAe?$AAt?$AA?9?$AAE?$AAE?$AA?$AA@ 0000000140015740     LIBCMT:winapinls.obj
 0002:00004750       ??_C@_1M@KGKKAACI@?$AAl?$AAv?$AA?9?$AAL?$AAV?$AA?$AA@ 0000000140015750     LIBCMT:winapinls.obj
 0002:00004760       ??_C@_1M@IFGBIJO@?$AAl?$AAt?$AA?9?$AAL?$AAT?$AA?$AA@ 0000000140015760     LIBCMT:winapinls.obj
 0002:00004770       ??_C@_1M@FGEAHEDM@?$AAf?$AAa?$AA?9?$AAI?$AAR?$AA?$AA@ 0000000140015770     LIBCMT:winapinls.obj
 0002:00004780       ??_C@_1M@KBMAIBFN@?$AAv?$AAi?$AA?9?$AAV?$AAN?$AA?$AA@ 0000000140015780     LIBCMT:winapinls.obj
 0002:00004790       ??_C@_1M@GPCBKDJK@?$AAh?$AAy?$AA?9?$AAA?$AAM?$AA?$AA@ 0000000140015790     LIBCMT:winapinls.obj
 0002:000047a0       ??_C@_1BG@BECMDDJB@?$AAa?$AAz?$AA?9?$AAA?$AAZ?$AA?9?$AAL?$AAa?$AAt?$AAn?$AA?$AA@ 00000001400157a0     LIBCMT:winapinls.obj
 0002:000047b8       ??_C@_1M@MAOFCAEA@?$AAe?$AAu?$AA?9?$AAE?$AAS?$AA?$AA@ 00000001400157b8     LIBCMT:winapinls.obj
 0002:000047c8       ??_C@_1M@IGHABKPI@?$AAm?$AAk?$AA?9?$AAM?$AAK?$AA?$AA@ 00000001400157c8     LIBCMT:winapinls.obj
 0002:000047d8       ??_C@_1M@IAIGNEJG@?$AAt?$AAn?$AA?9?$AAZ?$AAA?$AA?$AA@ 00000001400157d8     LIBCMT:winapinls.obj
 0002:000047e8       ??_C@_1M@IIJCOJFA@?$AAx?$AAh?$AA?9?$AAZ?$AAA?$AA?$AA@ 00000001400157e8     LIBCMT:winapinls.obj
 0002:000047f8       ??_C@_1M@LGPJHNJH@?$AAz?$AAu?$AA?9?$AAZ?$AAA?$AA?$AA@ 00000001400157f8     LIBCMT:winapinls.obj
 0002:00004808       ??_C@_1M@HOKAOIO@?$AAa?$AAf?$AA?9?$AAZ?$AAA?$AA?$AA@ 0000000140015808     LIBCMT:winapinls.obj
 0002:00004818       ??_C@_1M@DPCLHLIE@?$AAk?$AAa?$AA?9?$AAG?$AAE?$AA?$AA@ 0000000140015818     LIBCMT:winapinls.obj
 0002:00004828       ??_C@_1M@BLKMHJBI@?$AAf?$AAo?$AA?9?$AAF?$AAO?$AA?$AA@ 0000000140015828     LIBCMT:winapinls.obj
 0002:00004838       ??_C@_1M@LGGJAPPB@?$AAh?$AAi?$AA?9?$AAI?$AAN?$AA?$AA@ 0000000140015838     LIBCMT:winapinls.obj
 0002:00004848       ??_C@_1M@FIKPIHFE@?$AAm?$AAt?$AA?9?$AAM?$AAT?$AA?$AA@ 0000000140015848     LIBCMT:winapinls.obj
 0002:00004858       ??_C@_1M@HEGGPBFA@?$AAs?$AAe?$AA?9?$AAN?$AAO?$AA?$AA@ 0000000140015858     LIBCMT:winapinls.obj
 0002:00004868       ??_C@_1M@EIBJEEPA@?$AAm?$AAs?$AA?9?$AAM?$AAY?$AA?$AA@ 0000000140015868     LIBCMT:winapinls.obj
 0002:00004878       ??_C@_1M@FHLBGMPP@?$AAk?$AAk?$AA?9?$AAK?$AAZ?$AA?$AA@ 0000000140015878     LIBCMT:winapinls.obj
 0002:00004888       ??_C@_1M@NGJJLCGI@?$AAk?$AAy?$AA?9?$AAK?$AAG?$AA?$AA@ 0000000140015888     LIBCMT:winapinls.obj
 0002:00004898       ??_C@_1M@GIENNBFC@?$AAs?$AAw?$AA?9?$AAK?$AAE?$AA?$AA@ 0000000140015898     LIBCMT:winapinls.obj
 0002:000048a8       ??_C@_1BG@NDGMJIMJ@?$AAu?$AAz?$AA?9?$AAU?$AAZ?$AA?9?$AAL?$AAa?$AAt?$AAn?$AA?$AA@ 00000001400158a8     LIBCMT:winapinls.obj
 0002:000048c0       ??_C@_1M@IDCCIHBC@?$AAt?$AAt?$AA?9?$AAR?$AAU?$AA?$AA@ 00000001400158c0     LIBCMT:winapinls.obj
 0002:000048d0       ??_C@_1M@LOICPMOJ@?$AAb?$AAn?$AA?9?$AAI?$AAN?$AA?$AA@ 00000001400158d0     LIBCMT:winapinls.obj
 0002:000048e0       ??_C@_1M@KPKKNEAH@?$AAp?$AAa?$AA?9?$AAI?$AAN?$AA?$AA@ 00000001400158e0     LIBCMT:winapinls.obj
 0002:000048f0       ??_C@_1M@PJGPPBOG@?$AAg?$AAu?$AA?9?$AAI?$AAN?$AA?$AA@ 00000001400158f0     LIBCMT:winapinls.obj
 0002:00004900       ??_C@_1M@KMKMOPHI@?$AAt?$AAa?$AA?9?$AAI?$AAN?$AA?$AA@ 0000000140015900     LIBCMT:winapinls.obj
 0002:00004910       ??_C@_1M@KFEHEPAC@?$AAt?$AAe?$AA?9?$AAI?$AAN?$AA?$AA@ 0000000140015910     LIBCMT:winapinls.obj
 0002:00004920       ??_C@_1M@CDCLMGHI@?$AAk?$AAn?$AA?9?$AAI?$AAN?$AA?$AA@ 0000000140015920     LIBCMT:winapinls.obj
 0002:00004930       ??_C@_1M@MIODLDKF@?$AAm?$AAl?$AA?9?$AAI?$AAN?$AA?$AA@ 0000000140015930     LIBCMT:winapinls.obj
 0002:00004940       ??_C@_1M@PBIEACPO@?$AAm?$AAr?$AA?9?$AAI?$AAN?$AA?$AA@ 0000000140015940     LIBCMT:winapinls.obj
 0002:00004950       ??_C@_1M@NIDEAGPH@?$AAs?$AAa?$AA?9?$AAI?$AAN?$AA?$AA@ 0000000140015950     LIBCMT:winapinls.obj
 0002:00004960       ??_C@_1M@FHIHCBIO@?$AAm?$AAn?$AA?9?$AAM?$AAN?$AA?$AA@ 0000000140015960     LIBCMT:winapinls.obj
 0002:00004970       ??_C@_1M@JAIJPENP@?$AAc?$AAy?$AA?9?$AAG?$AAB?$AA?$AA@ 0000000140015970     LIBCMT:winapinls.obj
 0002:00004980       ??_C@_1M@PHGFBEPN@?$AAg?$AAl?$AA?9?$AAE?$AAS?$AA?$AA@ 0000000140015980     LIBCMT:winapinls.obj
 0002:00004990       ??_C@_1O@KPIPDNCP@?$AAk?$AAo?$AAk?$AA?9?$AAI?$AAN?$AA?$AA@ 0000000140015990     LIBCMT:winapinls.obj
 0002:000049a0       ??_C@_1O@KNHJLDJA@?$AAs?$AAy?$AAr?$AA?9?$AAS?$AAY?$AA?$AA@ 00000001400159a0     LIBCMT:winapinls.obj
 0002:000049b0       ??_C@_1O@MKEKBLAH@?$AAd?$AAi?$AAv?$AA?9?$AAM?$AAV?$AA?$AA@ 00000001400159b0     LIBCMT:winapinls.obj
 0002:000049c0       ??_C@_1O@OHDCKDDF@?$AAq?$AAu?$AAz?$AA?9?$AAB?$AAO?$AA?$AA@ 00000001400159c0     LIBCMT:winapinls.obj
 0002:000049d0       ??_C@_1M@LEPJNLFD@?$AAn?$AAs?$AA?9?$AAZ?$AAA?$AA?$AA@ 00000001400159d0     LIBCMT:winapinls.obj
 0002:000049e0       ??_C@_1M@OMLEIIJB@?$AAm?$AAi?$AA?9?$AAN?$AAZ?$AA?$AA@ 00000001400159e0     LIBCMT:winapinls.obj
 0002:000049f0       ??_C@_1M@PMPEAILG@?$AAa?$AAr?$AA?9?$AAI?$AAQ?$AA?$AA@ 00000001400159f0     LIBCMT:winapinls.obj
 0002:00004a00       ??_C@_1M@CNKPNOEE@?$AAd?$AAe?$AA?9?$AAC?$AAH?$AA?$AA@ 0000000140015a00     LIBCMT:winapinls.obj
 0002:00004a10       ??_C@_1M@LKMGMLKO@?$AAe?$AAn?$AA?9?$AAG?$AAB?$AA?$AA@ 0000000140015a10     LIBCMT:winapinls.obj
 0002:00004a20       ??_C@_1M@PGKJFFGL@?$AAe?$AAs?$AA?9?$AAM?$AAX?$AA?$AA@ 0000000140015a20     LIBCMT:winapinls.obj
 0002:00004a30       ??_C@_1M@DNNANBDC@?$AAf?$AAr?$AA?9?$AAB?$AAE?$AA?$AA@ 0000000140015a30     LIBCMT:winapinls.obj
 0002:00004a40       ??_C@_1M@HLGMDFHM@?$AAi?$AAt?$AA?9?$AAC?$AAH?$AA?$AA@ 0000000140015a40     LIBCMT:winapinls.obj
 0002:00004a50       ??_C@_1M@CLLBGJH@?$AAn?$AAl?$AA?9?$AAB?$AAE?$AA?$AA@ 0000000140015a50     LIBCMT:winapinls.obj
 0002:00004a60       ??_C@_1M@BODBOGLF@?$AAn?$AAn?$AA?9?$AAN?$AAO?$AA?$AA@ 0000000140015a60     LIBCMT:winapinls.obj
 0002:00004a70       ??_C@_1M@HFFAHKAD@?$AAp?$AAt?$AA?9?$AAP?$AAT?$AA?$AA@ 0000000140015a70     LIBCMT:winapinls.obj
 0002:00004a80       ??_C@_1BG@LNOAKHIE@?$AAs?$AAr?$AA?9?$AAS?$AAP?$AA?9?$AAL?$AAa?$AAt?$AAn?$AA?$AA@ 0000000140015a80     LIBCMT:winapinls.obj
 0002:00004a98       ??_C@_1M@HBMHBGAK@?$AAs?$AAv?$AA?9?$AAF?$AAI?$AA?$AA@ 0000000140015a98     LIBCMT:winapinls.obj
 0002:00004aa8       ??_C@_1BG@DGCJGJBE@?$AAa?$AAz?$AA?9?$AAA?$AAZ?$AA?9?$AAC?$AAy?$AAr?$AAl?$AA?$AA@ 0000000140015aa8     LIBCMT:winapinls.obj
 0002:00004ac0       ??_C@_1M@KEJDAAHB@?$AAs?$AAe?$AA?9?$AAS?$AAE?$AA?$AA@ 0000000140015ac0     LIBCMT:winapinls.obj
 0002:00004ad0       ??_C@_1M@HEIBJJAD@?$AAm?$AAs?$AA?9?$AAB?$AAN?$AA?$AA@ 0000000140015ad0     LIBCMT:winapinls.obj
 0002:00004ae0       ??_C@_1BG@PBGJMCEM@?$AAu?$AAz?$AA?9?$AAU?$AAZ?$AA?9?$AAC?$AAy?$AAr?$AAl?$AA?$AA@ 0000000140015ae0     LIBCMT:winapinls.obj
 0002:00004af8       ??_C@_1O@LAOBCMDF@?$AAq?$AAu?$AAz?$AA?9?$AAE?$AAC?$AA?$AA@ 0000000140015af8     LIBCMT:winapinls.obj
 0002:00004b08       ??_C@_1M@POEEMAIO@?$AAa?$AAr?$AA?9?$AAE?$AAG?$AA?$AA@ 0000000140015b08     LIBCMT:winapinls.obj
 0002:00004b18       ??_C@_1M@EFAKDEDL@?$AAz?$AAh?$AA?9?$AAH?$AAK?$AA?$AA@ 0000000140015b18     LIBCMT:winapinls.obj
 0002:00004b28       ??_C@_1M@HKKIJHGI@?$AAd?$AAe?$AA?9?$AAA?$AAT?$AA?$AA@ 0000000140015b28     LIBCMT:winapinls.obj
 0002:00004b38       ??_C@_1M@KBFBEHJF@?$AAe?$AAn?$AA?9?$AAA?$AAU?$AA?$AA@ 0000000140015b38     LIBCMT:winapinls.obj
 0002:00004b48       ??_C@_1M@MNPLFAAH@?$AAe?$AAs?$AA?9?$AAE?$AAS?$AA?$AA@ 0000000140015b48     LIBCMT:winapinls.obj
 0002:00004b58       ??_C@_1M@HJOOJFMA@?$AAf?$AAr?$AA?9?$AAC?$AAA?$AA?$AA@ 0000000140015b58     LIBCMT:winapinls.obj
 0002:00004b68       ??_C@_1BG@JPOFPNAB@?$AAs?$AAr?$AA?9?$AAS?$AAP?$AA?9?$AAC?$AAy?$AAr?$AAl?$AA?$AA@ 0000000140015b68     LIBCMT:winapinls.obj
 0002:00004b80       ??_C@_1M@LNFOCMOB@?$AAs?$AAe?$AA?9?$AAF?$AAI?$AA?$AA@ 0000000140015b80     LIBCMT:winapinls.obj
 0002:00004b90       ??_C@_1O@MGJBOAMB@?$AAq?$AAu?$AAz?$AA?9?$AAP?$AAE?$AA?$AA@ 0000000140015b90     LIBCMT:winapinls.obj
 0002:00004ba0       ??_C@_1M@GJINLBOK@?$AAa?$AAr?$AA?9?$AAL?$AAY?$AA?$AA@ 0000000140015ba0     LIBCMT:winapinls.obj
 0002:00004bb0       ??_C@_1M@GGMNHJNL@?$AAz?$AAh?$AA?9?$AAS?$AAG?$AA?$AA@ 0000000140015bb0     LIBCMT:winapinls.obj
 0002:00004bc0       ??_C@_1M@HOIKODND@?$AAd?$AAe?$AA?9?$AAL?$AAU?$AA?$AA@ 0000000140015bc0     LIBCMT:winapinls.obj
 0002:00004bd0       ??_C@_1M@DDOCCGFG@?$AAe?$AAn?$AA?9?$AAC?$AAA?$AA?$AA@ 0000000140015bd0     LIBCMT:winapinls.obj
 0002:00004be0       ??_C@_1M@BNOEMJLF@?$AAe?$AAs?$AA?9?$AAG?$AAT?$AA?$AA@ 0000000140015be0     LIBCMT:winapinls.obj
 0002:00004bf0       ??_C@_1M@EOGNKEK@?$AAf?$AAr?$AA?9?$AAC?$AAH?$AA?$AA@ 0000000140015bf0     LIBCMT:winapinls.obj
 0002:00004c00       ??_C@_1M@FLIDJFHL@?$AAh?$AAr?$AA?9?$AAB?$AAA?$AA?$AA@ 0000000140015c00     LIBCMT:winapinls.obj
 0002:00004c10       ??_C@_1O@FMCELNAJ@?$AAs?$AAm?$AAj?$AA?9?$AAN?$AAO?$AA?$AA@ 0000000140015c10     LIBCMT:winapinls.obj
 0002:00004c20       ??_C@_1M@JHGLJMGJ@?$AAa?$AAr?$AA?9?$AAD?$AAZ?$AA?$AA@ 0000000140015c20     LIBCMT:winapinls.obj
 0002:00004c30       ??_C@_1M@JKKFDCNP@?$AAz?$AAh?$AA?9?$AAM?$AAO?$AA?$AA@ 0000000140015c30     LIBCMT:winapinls.obj
 0002:00004c40       ??_C@_1M@GEEFALPE@?$AAd?$AAe?$AA?9?$AAL?$AAI?$AA?$AA@ 0000000140015c40     LIBCMT:winapinls.obj
 0002:00004c50       ??_C@_1M@IGEOFBG@?$AAe?$AAn?$AA?9?$AAN?$AAZ?$AA?$AA@ 0000000140015c50     LIBCMT:winapinls.obj
 0002:00004c60       ??_C@_1M@KDBONEHP@?$AAe?$AAs?$AA?9?$AAC?$AAR?$AA?$AA@ 0000000140015c60     LIBCMT:winapinls.obj
 0002:00004c70       ??_C@_1M@FHMDOHNN@?$AAf?$AAr?$AA?9?$AAL?$AAU?$AA?$AA@ 0000000140015c70     LIBCMT:winapinls.obj
 0002:00004c80       ??_C@_1BG@NFKKMAFG@?$AAb?$AAs?$AA?9?$AAB?$AAA?$AA?9?$AAL?$AAa?$AAt?$AAn?$AA?$AA@ 0000000140015c80     LIBCMT:winapinls.obj
 0002:00004c98       ??_C@_1O@IMNBEMCI@?$AAs?$AAm?$AAj?$AA?9?$AAS?$AAE?$AA?$AA@ 0000000140015c98     LIBCMT:winapinls.obj
 0002:00004ca8       ??_C@_1M@DHHMBNDP@?$AAa?$AAr?$AA?9?$AAM?$AAA?$AA?$AA@ 0000000140015ca8     LIBCMT:winapinls.obj
 0002:00004cb8       ??_C@_1M@BNBLJCGH@?$AAe?$AAn?$AA?9?$AAI?$AAE?$AA?$AA@ 0000000140015cb8     LIBCMT:winapinls.obj
 0002:00004cc8       ??_C@_1M@GEPAFMDL@?$AAe?$AAs?$AA?9?$AAP?$AAA?$AA?$AA@ 0000000140015cc8     LIBCMT:winapinls.obj
 0002:00004cd8       ??_C@_1M@OJONDMDL@?$AAf?$AAr?$AA?9?$AAM?$AAC?$AA?$AA@ 0000000140015cd8     LIBCMT:winapinls.obj
 0002:00004ce8       ??_C@_1BG@OBCNFJB@?$AAs?$AAr?$AA?9?$AAB?$AAA?$AA?9?$AAL?$AAa?$AAt?$AAn?$AA?$AA@ 0000000140015ce8     LIBCMT:winapinls.obj
 0002:00004d00       ??_C@_1O@KEMEEGPO@?$AAs?$AAm?$AAa?$AA?9?$AAN?$AAO?$AA?$AA@ 0000000140015d00     LIBCMT:winapinls.obj
 0002:00004d10       ??_C@_1M@ELMGFODK@?$AAa?$AAr?$AA?9?$AAT?$AAN?$AA?$AA@ 0000000140015d10     LIBCMT:winapinls.obj
 0002:00004d20       ??_C@_1M@BHDLHFAF@?$AAe?$AAn?$AA?9?$AAZ?$AAA?$AA?$AA@ 0000000140015d20     LIBCMT:winapinls.obj
 0002:00004d30       ??_C@_1M@BMGIGLIF@?$AAe?$AAs?$AA?9?$AAD?$AAO?$AA?$AA@ 0000000140015d30     LIBCMT:winapinls.obj
 0002:00004d40       ??_C@_1BG@CMBHIPBE@?$AAs?$AAr?$AA?9?$AAB?$AAA?$AA?9?$AAC?$AAy?$AAr?$AAl?$AA?$AA@ 0000000140015d40     LIBCMT:winapinls.obj
 0002:00004d58       ??_C@_1O@HEDBLHNP@?$AAs?$AAm?$AAa?$AA?9?$AAS?$AAE?$AA?$AA@ 0000000140015d58     LIBCMT:winapinls.obj
 0002:00004d68       ??_C@_1M@DAGCADIM@?$AAa?$AAr?$AA?9?$AAO?$AAM?$AA?$AA@ 0000000140015d68     LIBCMT:winapinls.obj
 0002:00004d78       ??_C@_1M@FODLMICG@?$AAe?$AAn?$AA?9?$AAJ?$AAM?$AA?$AA@ 0000000140015d78     LIBCMT:winapinls.obj
 0002:00004d88       ??_C@_1M@DNMLCIHB@?$AAe?$AAs?$AA?9?$AAV?$AAE?$AA?$AA@ 0000000140015d88     LIBCMT:winapinls.obj
 0002:00004d98       ??_C@_1O@EOKHMKJK@?$AAs?$AAm?$AAs?$AA?9?$AAF?$AAI?$AA?$AA@ 0000000140015d98     LIBCMT:winapinls.obj
 0002:00004da8       ??_C@_1M@CAFJMKOF@?$AAa?$AAr?$AA?9?$AAY?$AAE?$AA?$AA@ 0000000140015da8     LIBCMT:winapinls.obj
[...]
 0004:000000a8       $pdata$?Win32ClearBuffer@@YAXPEAUwin32_sound_output@@@Z 000000014001c0a8     win32_game.obj
 0004:000000b4       $pdata$?Win32FillSoundBuffer@@YAXPEAUwin32_sound_output@@KKPEAUgame_sound_output_buffer@@@Z 000000014001c0b4     win32_game.obj
 0004:000000c0       $pdata$?Win32ProcessXInputDigitalButton@@YAXPEAUgame_button_state@@0KK@Z 000000014001c0c0     win32_game.obj
 0004:000000cc       $pdata$?Win32ProcessPendingMessages@@YAXPEAUgame_controller_input@@@Z 000000014001c0cc     win32_game.obj
 0004:000000d8       $pdata$?Win32DebugDrawVertical@@YAXPEAUwin32_offscreen_buffer@@HHHI@Z 000000014001c0d8     win32_game.obj
 0004:000000e4       $pdata$?Win32DrawSoundBufferMarker@@YAXPEAUwin32_offscreen_buffer@@PEAUwin32_sound_output@@MHHHKI@Z 000000014001c0e4     win32_game.obj
 0004:000000f0       $pdata$?Win32DebugSyncDisplay@@YAXPEAUwin32_offscreen_buffer@@HPEAUwin32_debug_time_marker@@HPEAUwin32_sound_output@@M@Z 000000014001c0f0     win32_game.obj
 0004:000000fc       $pdata$??$_snprintf_s@$0BAA@@@YAHAEAY0BAA@D_KPEBDZZ 000000014001c0fc     win32_game.obj
 0004:00000108       $pdata$?SafeTruncateUInt64@@YAI_K@Z 000000014001c108     win32_game.obj
 0004:00000114       $pdata$?Win32GetSecondsElapsed@@YAMT_LARGE_INTEGER@@0@Z 000000014001c114     win32_game.obj
 0004:00000120       $pdata$?Win32GetWallClock@@YA?AT_LARGE_INTEGER@@XZ 000000014001c120     win32_game.obj
 0004:0000012c       $pdata$_vsnprintf_helper   000000014001c12c     LIBCMT:vsnprnc.obj
 0004:00000138       $pdata$_vsnprintf_s        000000014001c138     LIBCMT:vsnprnc.obj
 0004:00000144       $pdata$_vsnprintf_s_l      000000014001c144     LIBCMT:vsnprnc.obj
 0004:00000150       $pdata$__GSHandlerCheck    000000014001c150     LIBCMT:gshandler.obj
 0004:0000015c       $pdata$__GSHandlerCheckCommon 000000014001c15c     LIBCMT:gshandler.obj
 0004:00000180       $pdata$WinMainCRTStartup   000000014001c180     LIBCMT:wincrt0.obj
 0004:0000018c       $pdata$__tmainCRTStartup   000000014001c18c     LIBCMT:wincrt0.obj
 0004:00000198       $pdata$fast_error_exit     000000014001c198     LIBCMT:wincrt0.obj
 0004:000001a4       $pdata$_call_reportfault   000000014001c1a4     LIBCMT:invarg.obj
 0004:000001b0       $pdata$_invalid_parameter  000000014001c1b0     LIBCMT:invarg.obj
 0004:000001bc       $pdata$_invalid_parameter_noinfo 000000014001c1bc     LIBCMT:invarg.obj
 0004:000001c8       $pdata$_invoke_watson      000000014001c1c8     LIBCMT:invarg.obj
 0004:000001d4       $pdata$_flsbuf             000000014001c1d4     LIBCMT:_flsbuf.obj
 0004:000001e0       $pdata$??0_LocaleUpdate@@QEAA@PEAUlocaleinfo_struct@@@Z 000000014001c1e0     LIBCMT:output.obj
 0004:000001ec       $pdata$_output_s_l         000000014001c1ec     LIBCMT:outputs.obj
 0004:000001f8       $pdata$write_char          000000014001c1f8     LIBCMT:outputs.obj
 0004:00000204       $pdata$write_multi_char    000000014001c204     LIBCMT:outputs.obj
 0004:00000210       $pdata$write_string        000000014001c210     LIBCMT:outputs.obj
 0004:0000021c       $pdata$__doserrno          000000014001c21c     LIBCMT:dosmap.obj
 0004:00000228       $pdata$_dosmaperr          000000014001c228     LIBCMT:dosmap.obj
 0004:00000234       $pdata$_errno              000000014001c234     LIBCMT:dosmap.obj
 0004:0000024c       $pdata$__raise_securityfailure 000000014001c24c     LIBCMT:gs_report.obj
 0004:00000258       $pdata$__report_gsfailure  000000014001c258     LIBCMT:gs_report.obj
 0004:00000264       $pdata$__fma3_lib_init     000000014001c264     LIBCMT:fma3_available.obj
 0004:0000027c       $pdata$_sincosf_special    000000014001c27c     LIBCMT:sincos_special.obj
 0004:00000288       $pdata$_cfltcvt            000000014001c288     LIBCMT:cvt.obj
 0004:00000294       $pdata$_cfltcvt_l          000000014001c294     LIBCMT:cvt.obj
 0004:000002a0       $pdata$_cftoa_l            000000014001c2a0     LIBCMT:cvt.obj
 0004:000002ac       $pdata$_cftoe2_l           000000014001c2ac     LIBCMT:cvt.obj
 0004:000002b8       $pdata$_cftoe_l            000000014001c2b8     LIBCMT:cvt.obj
 0004:000002c4       $pdata$_cftof2_l           000000014001c2c4     LIBCMT:cvt.obj
 0004:000002d0       $pdata$_cftof_l            000000014001c2d0     LIBCMT:cvt.obj
 0004:000002dc       $pdata$_cftog_l            000000014001c2dc     LIBCMT:cvt.obj
 0004:000002e8       $pdata$_cropzeros_l        000000014001c2e8     LIBCMT:cvt.obj
 0004:000002f4       $pdata$_fassign_l          000000014001c2f4     LIBCMT:cvt.obj
 0004:00000300       $pdata$_forcdecpt_l        000000014001c300     LIBCMT:cvt.obj
 0004:0000030c       $pdata$_initp_misc_cfltcvt_tab 000000014001c30c     LIBCMT:cmiscdat.obj
 0004:00000318       $pdata$?__CxxUnhandledExceptionFilter@@YAJPEAU_EXCEPTION_POINTERS@@@Z 000000014001c318     LIBCMT:unhandld.obj
 0004:00000324       $pdata$__CxxSetUnhandledExceptionFilter 000000014001c324     LIBCMT:unhandld.obj
 0004:00000330       $pdata$_XcptFilter         000000014001c330     LIBCMT:winxfltr.obj
 0004:0000033c       $pdata$_freefls            000000014001c33c     LIBCMT:tidtable.obj
 0004:00000348       $pdata$_getptd             000000014001c348     LIBCMT:tidtable.obj
 0004:00000354       $pdata$_getptd_noexit      000000014001c354     LIBCMT:tidtable.obj
 0004:00000360       $pdata$_initptd            000000014001c360     LIBCMT:tidtable.obj
 0004:0000036c       $pdata$_mtinit             000000014001c36c     LIBCMT:tidtable.obj
 0004:00000378       $pdata$_mtterm             000000014001c378     LIBCMT:tidtable.obj
 0004:00000384       $pdata$__crtCorExitProcess 000000014001c384     LIBCMT:crt0dat.obj
 0004:00000390       $pdata$__crtExitProcess    000000014001c390     LIBCMT:crt0dat.obj
 0004:0000039c       $pdata$_amsg_exit          000000014001c39c     LIBCMT:crt0dat.obj
 0004:000003a8       $pdata$_cinit              000000014001c3a8     LIBCMT:crt0dat.obj
 0004:000003b4       $pdata$_init_pointers      000000014001c3b4     LIBCMT:crt0dat.obj
 0004:000003c0       $pdata$_initterm           000000014001c3c0     LIBCMT:crt0dat.obj
 0004:000003cc       $pdata$_initterm_e         000000014001c3cc     LIBCMT:crt0dat.obj
 0004:000003d8       $pdata$doexit              000000014001c3d8     LIBCMT:crt0dat.obj
 0004:000003e4       $pdata$_heap_init          000000014001c3e4     LIBCMT:heapinit.obj
 0004:000003f0       $pdata$_ioinit             000000014001c3f0     LIBCMT:ioinit.obj
 0004:000003fc       $pdata$_setargv            000000014001c3fc     LIBCMT:stdargv.obj
 0004:00000408       $pdata$parse_cmdline       000000014001c408     LIBCMT:stdargv.obj
 0004:00000414       $pdata$_setenvp            000000014001c414     LIBCMT:stdenvp.obj
 0004:00000420       $pdata$_FF_MSGBANNER       000000014001c420     LIBCMT:crt0msg.obj
 0004:0000042c       $pdata$_NMSG_WRITE         000000014001c42c     LIBCMT:crt0msg.obj
 0004:00000438       $pdata$_set_error_mode     000000014001c438     LIBCMT:errmode.obj
 0004:00000444       $pdata$__security_init_cookie 000000014001c444     LIBCMT:gs_support.obj
 0004:00000450       $pdata$_RTC_Initialize     000000014001c450     LIBCMT:initsect.obj
 0004:0000045c       $pdata$_RTC_Terminate      000000014001c45c     LIBCMT:initsect.obj
 0004:00000468       $pdata$__crtGetEnvironmentStringsA 000000014001c468     LIBCMT:a_env.obj
 0004:00000474       $pdata$__crtCaptureCurrentContext 000000014001c474     LIBCMT:winapisupp.obj
 0004:00000480       $pdata$__crtCapturePreviousContext 000000014001c480     LIBCMT:winapisupp.obj
 0004:0000048c       $pdata$__crtGetShowWindowMode 000000014001c48c     LIBCMT:winapisupp.obj
 0004:00000498       $pdata$__crtInitializeCriticalSectionEx 000000014001c498     LIBCMT:winapisupp.obj
 0004:000004a4       $pdata$__crtIsPackagedApp  000000014001c4a4     LIBCMT:winapisupp.obj
 0004:000004b0       $pdata$__crtLoadWinApiPointers 000000014001c4b0     LIBCMT:winapisupp.obj
 0004:000004bc       $pdata$__crtTerminateProcess 000000014001c4bc     LIBCMT:winapisupp.obj
 0004:000004c8       $pdata$__crtUnhandledException 000000014001c4c8     LIBCMT:winapisupp.obj
 0004:000004d4       $pdata$_wincmdln           000000014001c4d4     LIBCMT:wincmdln.obj
 0004:000004e0       $pdata$__C_specific_handler 000000014001c4e0     LIBCMT:chandler.obj
 0004:000004ec       $pdata$__initstdio         000000014001c4ec     LIBCMT:_file.obj
 0004:000004f8       $pdata$__endstdio          000000014001c4f8     LIBCMT:_file.obj
 0004:00000504       $pdata$_lock_file          000000014001c504     LIBCMT:_file.obj
 0004:00000510       $pdata$_lock_file2         000000014001c510     LIBCMT:_file.obj
 0004:0000051c       $pdata$_fileno             000000014001c51c     LIBCMT:fileno.obj
 0004:00000528       $pdata$_isatty             000000014001c528     LIBCMT:isatty.obj
 0004:00000534       $pdata$_write              000000014001c534     LIBCMT:write.obj
 0004:00000540       $pdata$_write_nolock       000000014001c540     LIBCMT:write.obj
 0004:0000054c       $pdata$_lseeki64           000000014001c54c     LIBCMT:lseeki64.obj
 0004:00000558       $pdata$_lseeki64_nolock    000000014001c558     LIBCMT:lseeki64.obj
 0004:00000564       $pdata$_getbuf             000000014001c564     LIBCMT:_getbuf.obj
 0004:00000570       $pdata$__freetlocinfo      000000014001c570     LIBCMT:localref.obj
 0004:0000057c       $pdata$__updatetlocinfo    000000014001c57c     LIBCMT:localref.obj
 0004:00000588       $pdata$_updatetlocinfoEx_nolock 000000014001c588     LIBCMT:localref.obj
 0004:00000594       $pdata$__initmbctable      000000014001c594     LIBCMT:mbctype.obj
 0004:000005a0       $pdata$?getSystemCP@@YAHH@Z 000000014001c5a0     LIBCMT:mbctype.obj
 0004:000005ac       $pdata$?setSBCS@@YAXPEAUthreadmbcinfostruct@@@Z 000000014001c5ac     LIBCMT:mbctype.obj
 0004:000005b8       $pdata$?setSBUpLow@@YAXPEAUthreadmbcinfostruct@@@Z 000000014001c5b8     LIBCMT:mbctype.obj
 0004:000005c4       $pdata$__updatetmbcinfo    000000014001c5c4     LIBCMT:mbctype.obj
 0004:000005d0       $pdata$_setmbcp            000000014001c5d0     LIBCMT:mbctype.obj
 0004:000005dc       $pdata$_setmbcp_nolock     000000014001c5dc     LIBCMT:mbctype.obj
 0004:000005e8       $pdata$_isleadbyte_l       000000014001c5e8     LIBCMT:_wctype.obj
 0004:000005f4       $pdata$isleadbyte          000000014001c5f4     LIBCMT:_wctype.obj
 0004:0000060c       $pdata$_wctomb_s_l         000000014001c60c     LIBCMT:wctomb.obj
 0004:00000618       $pdata$wctomb_s            000000014001c618     LIBCMT:wctomb.obj
 0004:00000624       $pdata$free                000000014001c624     LIBCMT:free.obj
 0004:00000630       $pdata$_calloc_crt         000000014001c630     LIBCMT:crtheap.obj
 0004:0000063c       $pdata$_malloc_crt         000000014001c63c     LIBCMT:crtheap.obj
 0004:00000648       $pdata$_realloc_crt        000000014001c648     LIBCMT:crtheap.obj
 0004:00000654       $pdata$__isa_available_init 000000014001c654     LIBCMT:cpu_disp.obj
 0004:00000660       $pdata$_call_matherr       000000014001c660     LIBCMT:libm_error.obj
 0004:0000066c       $pdata$_exception_enabled  000000014001c66c     LIBCMT:libm_error.obj
 0004:00000678       $pdata$_handle_errorf      000000014001c678     LIBCMT:libm_error.obj
 0004:00000684       $pdata$isdigit             000000014001c684     LIBCMT:_ctype.obj
 0004:00000690       $pdata$_tolower_l          000000014001c690     LIBCMT:tolower.obj
 0004:0000069c       $pdata$strcpy_s            000000014001c69c     LIBCMT:strcpy_s.obj
 0004:000006b4       $pdata$strrchr             000000014001c6b4     LIBCMT:strrchr.obj
 0004:000006c0       $pdata$_fptostr            000000014001c6c0     LIBCMT:_fptostr.obj
 0004:000006cc       $pdata$__crt_atoflt_l      000000014001c6cc     LIBCMT:atodbl.obj
 0004:000006d8       $pdata$_atodbl_l           000000014001c6d8     LIBCMT:atodbl.obj
 0004:000006e4       $pdata$__dtold             000000014001c6e4     LIBCMT:cfout.obj
 0004:000006f0       $pdata$_fltout2            000000014001c6f0     LIBCMT:cfout.obj
 0004:000006fc       $pdata$?terminate@@YAXXZ   000000014001c6fc     LIBCMT:hooks.obj
 0004:00000708       $pdata$_initp_eh_hooks     000000014001c708     LIBCMT:hooks.obj
 0004:00000714       $pdata$_lock               000000014001c714     LIBCMT:mlock.obj
 0004:00000720       $pdata$_mtdeletelocks      000000014001c720     LIBCMT:mlock.obj
 0004:0000072c       $pdata$_mtinitlocknum      000000014001c72c     LIBCMT:mlock.obj
 0004:00000738       $pdata$_mtinitlocks        000000014001c738     LIBCMT:mlock.obj
 0004:00000744       $pdata$_IsNonwritableInCurrentImage 000000014001c744     LIBCMT:pesect.obj
 0004:00000750       $pdata$__onexitinit        000000014001c750     LIBCMT:onexit.obj
 0004:0000075c       $pdata$_onexit             000000014001c75c     LIBCMT:onexit.obj
 0004:00000768       $pdata$atexit              000000014001c768     LIBCMT:onexit.obj
 0004:00000774       $pdata$_callnewh           000000014001c774     LIBCMT:handler.obj
 0004:00000780       $pdata$raise               000000014001c780     LIBCMT:winsig.obj
 0004:000007bc       $pdata$?x_ismbbtype_l@@YAHPEAUlocaleinfo_struct@@IHH@Z 000000014001c7bc     LIBCMT:ismbbyte.obj
 0004:000007c8       $pdata$wcscat_s            000000014001c7c8     LIBCMT:wcscat_s.obj
 0004:000007d4       $pdata$wcscpy_s            000000014001c7d4     LIBCMT:wcscpy_s.obj
 0004:000007e0       $pdata$wcsncpy_s           000000014001c7e0     LIBCMT:wcsncpy_s.obj
 0004:000007ec       $pdata$__crtMessageBoxW    000000014001c7ec     LIBCMT:crtmboxw.obj
 0004:000007f8       $pdata$_fcloseall          000000014001c7f8     LIBCMT:closeall.obj
 0004:00000804       $pdata$_fflush_nolock      000000014001c804     LIBCMT:fflush.obj
 0004:00000810       $pdata$_flush              000000014001c810     LIBCMT:fflush.obj
 0004:0000081c       $pdata$flsall              000000014001c81c     LIBCMT:fflush.obj
 0004:00000828       $pdata$__lock_fhandle      000000014001c828     LIBCMT:osfinfo.obj
 0004:00000834       $pdata$_free_osfhnd        000000014001c834     LIBCMT:osfinfo.obj
 0004:00000840       $pdata$_get_osfhandle      000000014001c840     LIBCMT:osfinfo.obj
 0004:0000084c       $pdata$_mbtowc_l           000000014001c84c     LIBCMT:mbtowc.obj
 0004:00000858       $pdata$_putwch_nolock      000000014001c858     LIBCMT:putwch.obj
 0004:00000870       $pdata$__free_lconv_mon    000000014001c870     LIBCMT:initmon.obj
 0004:0000087c       $pdata$__free_lconv_num    000000014001c87c     LIBCMT:initnum.obj
 0004:00000888       $pdata$__free_lc_time      000000014001c888     LIBCMT:inittime.obj
 0004:00000894       $pdata$?__crtLCMapStringA_stat@@YAHPEAUlocaleinfo_struct@@PEB_WKPEBDHPEADHHH@Z 000000014001c894     LIBCMT:a_map.obj
 0004:000008a0       $pdata$__crtLCMapStringA   000000014001c8a0     LIBCMT:a_map.obj
 0004:000008ac       $pdata$?__crtGetStringTypeA_stat@@YAHPEAUlocaleinfo_struct@@KPEBDHPEAGHH@Z 000000014001c8ac     LIBCMT:a_str.obj
 0004:000008b8       $pdata$__crtGetStringTypeA 000000014001c8b8     LIBCMT:a_str.obj
 0004:000008c4       $pdata$malloc              000000014001c8c4     LIBCMT:malloc.obj
 0004:000008d0       $pdata$realloc             000000014001c8d0     LIBCMT:realloc.obj
 0004:000008dc       $pdata$_calloc_impl        000000014001c8dc     LIBCMT:calloc_impl.obj
 0004:000008e8       $pdata$_isctype_l          000000014001c8e8     LIBCMT:isctype.obj
 0004:000008f4       $pdata$_locterm            000000014001c8f4     LIBCMT:wsetloca.obj
 0004:00000900       $pdata$_raise_exc_ex       000000014001c900     LIBCMT:fpexcept.obj
 0004:0000090c       $pdata$_raise_excf         000000014001c90c     LIBCMT:fpexcept.obj
 0004:00000918       $pdata$_set_errno_from_matherr 000000014001c918     LIBCMT:fpexcept.obj
 0004:00000924       $pdata$_clrfp              000000014001c924     LIBCMT:fpctrl.obj
 0004:00000930       $pdata$_ctrlfp             000000014001c930     LIBCMT:fpctrl.obj
 0004:0000093c       $pdata$_set_statfp         000000014001c93c     LIBCMT:fpctrl.obj
 0004:00000948       $pdata$_statfp             000000014001c948     LIBCMT:fpctrl.obj
 0004:00000954       $pdata$_ld12tod            000000014001c954     LIBCMT:intrncvt.obj
 0004:00000960       $pdata$_ld12tof            000000014001c960     LIBCMT:intrncvt.obj
 0004:0000096c       $pdata$__strgtold12_l      000000014001c96c     LIBCMT:strgtold.obj
 0004:00000978       $pdata$$I10_OUTPUT         000000014001c978     LIBCMT:x10fout.obj
 0004:00000984       $pdata$abort               000000014001c984     LIBCMT:abort.obj
 0004:00000990       $pdata$_msize              000000014001c990     LIBCMT:msize.obj
 0004:0000099c       $pdata$GetTableIndexFromLocaleName 000000014001c99c     LIBCMT:winapinls.obj
 0004:000009a8       $pdata$__crtDownlevelLocaleNameToLCID 000000014001c9a8     LIBCMT:winapinls.obj
 0004:000009b4       $pdata$__crtLCMapStringEx  000000014001c9b4     LIBCMT:winapinls.obj
 0004:000009c0       $pdata$_fclose_nolock      000000014001c9c0     LIBCMT:fclose.obj
 0004:000009cc       $pdata$fclose              000000014001c9cc     LIBCMT:fclose.obj
 0004:000009d8       $pdata$_commit             000000014001c9d8     LIBCMT:commit.obj
 0004:000009e4       $pdata$__termconout        000000014001c9e4     LIBCMT:initcon.obj
 0004:000009f0       $pdata$__initconout        000000014001c9f0     LIBCMT:initcon.obj
 0004:00000a14       $pdata$__mtold12           000000014001ca14     LIBCMT:mantold.obj
 0004:00000a20       $pdata$_close              000000014001ca20     LIBCMT:close.obj
 0004:00000a2c       $pdata$_close_nolock       000000014001ca2c     LIBCMT:close.obj
 0004:00000a38       $pdata$_freebuf            000000014001ca38     LIBCMT:_freebuf.obj
 0004:00000a44       $pdata$__tmainCRTStartup$filt$0 000000014001ca44     LIBCMT:wincrt0.obj
 0004:00000a50       $pdata$_initptd$fin$1      000000014001ca50     LIBCMT:tidtable.obj
 0004:00000a50       $pdata$_freefls$fin$1      000000014001ca50     LIBCMT:tidtable.obj
 0004:00000a5c       $pdata$_freefls$fin$0      000000014001ca5c     LIBCMT:tidtable.obj
 0004:00000a5c       $pdata$_initptd$fin$0      000000014001ca5c     LIBCMT:tidtable.obj
 0004:00000a68       $pdata$doexit$fin$0        000000014001ca68     LIBCMT:crt0dat.obj
 0004:00000a74       $pdata$_ioinit$fin$0       000000014001ca74     LIBCMT:ioinit.obj
 0004:00000a80       $pdata$_lseeki64$fin$0     000000014001ca80     LIBCMT:lseeki64.obj
 0004:00000a80       $pdata$_write$fin$0        000000014001ca80     LIBCMT:lseeki64.obj
 0004:00000a8c       $pdata$_locterm$fin$0      000000014001ca8c     LIBCMT:localref.obj
 0004:00000a8c       $pdata$__updatetlocinfo$fin$0 000000014001ca8c     LIBCMT:localref.obj
 0004:00000a98       $pdata$__updatetmbcinfo$fin$0 000000014001ca98     LIBCMT:mbctype.obj
 0004:00000a98       $pdata$_setmbcp$fin$0      000000014001ca98     LIBCMT:mbctype.obj
 0004:00000aa4       $pdata$_mtinitlocknum$fin$0 000000014001caa4     LIBCMT:mlock.obj
 0004:00000ab0       $pdata$_IsNonwritableInCurrentImage$filt$0 000000014001cab0     LIBCMT:pesect.obj
 0004:00000abc       $pdata$_onexit$fin$0       000000014001cabc     LIBCMT:onexit.obj
 0004:00000ac8       $pdata$raise$fin$0         000000014001cac8     LIBCMT:winsig.obj
 0004:00000ad4       $pdata$_fcloseall$fin$0    000000014001cad4     LIBCMT:closeall.obj
 0004:00000ae0       $pdata$flsall$fin$0        000000014001cae0     LIBCMT:fflush.obj
 0004:00000aec       $pdata$flsall$fin$1        000000014001caec     LIBCMT:fflush.obj
 0004:00000af8       $pdata$__lock_fhandle$fin$0 000000014001caf8     LIBCMT:osfinfo.obj
 0004:00000b04       $pdata$_ctrlfp$filt$0      000000014001cb04     LIBCMT:fpctrl.obj
 0004:00000b10       $pdata$fclose$fin$0        000000014001cb10     LIBCMT:fclose.obj
 0004:00000b1c       $pdata$_commit$fin$0       000000014001cb1c     LIBCMT:commit.obj
 0004:00000b1c       $pdata$_close$fin$0        000000014001cb1c     LIBCMT:commit.obj
