 win32_game

 Timestamp is 555c9020 (Wed May 20 15:46:08 2015)

 Preferred load address is 0000000140000000

 Start         Length     Name                   Class
 0001:00000000 0000eb1cH .text$mn                CODE
 0001:0000eb20 000001f4H .text$x                 CODE
 0002:00000000 000002e0H .idata$5                DATA
 0002:000002e0 00000008H .CRT$XCA                DATA
 0002:000002e8 00000008H .CRT$XCZ                DATA
 0002:000002f0 00000008H .CRT$XIA                DATA
 0002:000002f8 00000020H .CRT$XIC                DATA
 0002:00000318 00000008H .CRT$XIY                DATA
 0002:00000320 00000008H .CRT$XIZ                DATA
 0002:00000328 00000008H .CRT$XPA                DATA
 0002:00000330 00000010H .CRT$XPX                DATA
 0002:00000340 00000008H .CRT$XPXA               DATA
 0002:00000348 00000008H .CRT$XPZ                DATA
 0002:00000350 00000008H .CRT$XTA                DATA
 0002:00000358 00000008H .CRT$XTZ                DATA
 0002:00000360 00005380H .rdata                  DATA
 0002:000056e0 00000058H .rdata$debug            DATA
 0002:00005738 00000008H .rtc$IAA                DATA
 0002:00005740 00000008H .rtc$IZZ                DATA
 0002:00005748 00000008H .rtc$TAA                DATA
 0002:00005750 00000008H .rtc$TZZ                DATA
 0002:00005758 000009ecH .xdata                  DATA
 0002:00006144 00000000H .edata                  DATA
 0002:00006144 00000050H .idata$2                DATA
 0002:00006194 00000014H .idata$3                DATA
 0002:000061a8 000002e0H .idata$4                DATA
 0002:00006488 0000065cH .idata$6                DATA
 0003:00000000 000015c8H .data                   DATA
 0003:000015e0 00002458H .bss                    DATA
 0004:00000000 00000a80H .pdata                  DATA

  Address         Publics by Value              Rva+Base               Lib:Object

 0000:00000000       ___safe_se_handler_count   0000000000000000     <absolute>
 0000:00000000       __guard_fids_table         0000000000000000     <absolute>
 0000:00000000       ___safe_se_handler_table   0000000000000000     <absolute>
 0000:00000000       __guard_flags              0000000000000000     <absolute>
 0000:00000000       __guard_fids_count         0000000000000000     <absolute>
 0000:00000000       __ImageBase                0000000140000000     <linker-defined>
 0001:00000000       ?DEBUGPlatformReadEntireFile@@YA?AUdebug_read_file_result@@PEAD@Z 0000000140001000 f   win32_game.obj
 0001:00000140       ?DEBUGPlatformWriteEntireFile@@YAHPEADIPEAX@Z 0000000140001140 f   win32_game.obj
 0001:00000200       ?DEBUGPlatformFreeFileMemory@@YAXPEAX@Z 0000000140001200 f   win32_game.obj
 0001:00000230       ?GameUpdateAndRenderStub@@YAXPEAUgame_memory@@PEAUgame_input@@PEAUgame_offscreen_buffer@@@Z 0000000140001230 f   win32_game.obj
 0001:00000250       ?GameGetSoundSamplesStub@@YAXPEAUgame_memory@@PEAUgame_sound_output_buffer@@@Z 0000000140001250 f   win32_game.obj
 0001:00000270       WinMain                    0000000140001270 f   win32_game.obj
 0001:00001860       ?XInputGetStateStub@@YAKKPEAU_XINPUT_STATE@@@Z 0000000140002860 f   win32_game.obj
 0001:00001880       ?XInputSetStateStub@@YAKKPEAU_XINPUT_VIBRATION@@@Z 0000000140002880 f   win32_game.obj
 0001:00001f30       ?Win32MainWindowCallback@@YA_JPEAUHWND__@@I_K_J@Z 0000000140002f30 f   win32_game.obj
 0001:00002f90       ??$_snprintf_s@$0BAA@@@YAHAEAY0BAA@D_KPEBDZZ 0000000140003f90 f i win32_game.obj
 0001:00002fe0       ?GetController@@YAPEAUgame_controller_input@@PEAUgame_input@@H@Z 0000000140003fe0 f i win32_game.obj
 0001:00003030       ?SafeTruncateUInt64@@YAI_K@Z 0000000140004030 f i win32_game.obj
 0001:00003060       ?Win32GetLastWriteTime@@YA?AU_FILETIME@@PEAD@Z 0000000140004060 f i win32_game.obj
 0001:000030f0       ?Win32GetSecondsElapsed@@YAMT_LARGE_INTEGER@@0@Z 00000001400040f0 f i win32_game.obj
 0001:00003130       ?Win32GetWallClock@@YA?AT_LARGE_INTEGER@@XZ 0000000140004130 f i win32_game.obj
 0001:0000314c       _vsnprintf_helper          000000014000414c f   LIBCMT:vsnprnc.obj
 0001:00003234       _vsnprintf_s               0000000140004234 f   LIBCMT:vsnprnc.obj
 0001:00003254       _vsnprintf_s_l             0000000140004254 f   LIBCMT:vsnprnc.obj
 0001:0000339c       __GSHandlerCheck           000000014000439c f   LIBCMT:gshandler.obj
 0001:000033bc       __GSHandlerCheckCommon     00000001400043bc f   LIBCMT:gshandler.obj
 0001:00003430       _alloca_probe              0000000140004430 f   LIBCMT:chkstk.obj
 0001:00003430       __chkstk                   0000000140004430 f   LIBCMT:chkstk.obj
 0001:00003490       __security_check_cookie    0000000140004490 f   LIBCMT:amdsecgs.obj
 0001:000034b0       _fpmath                    00000001400044b0 f   LIBCMT:fpinit.obj
 0001:000034b8       _cfltcvt_init              00000001400044b8 f   LIBCMT:fpinit.obj
 0001:00003540       WinMainCRTStartup          0000000140004540 f   LIBCMT:wincrt0.obj
 0001:0000370c       _call_reportfault          000000014000470c f   LIBCMT:invarg.obj
 0001:00003800       _initp_misc_invarg         0000000140004800 f   LIBCMT:invarg.obj
 0001:00003808       _invalid_parameter         0000000140004808 f   LIBCMT:invarg.obj
 0001:00003870       _invalid_parameter_noinfo  0000000140004870 f   LIBCMT:invarg.obj
 0001:00003890       _invoke_watson             0000000140004890 f   LIBCMT:invarg.obj
 0001:000038cc       _flsbuf                    00000001400048cc f   LIBCMT:_flsbuf.obj
 0001:00003a58       ??0_LocaleUpdate@@QEAA@PEAUlocaleinfo_struct@@@Z 0000000140004a58 f i LIBCMT:output.obj
 0001:00003b00       _output_s_l                0000000140004b00 f   LIBCMT:outputs.obj
 0001:00004658       __doserrno                 0000000140005658 f   LIBCMT:dosmap.obj
 0001:00004678       _dosmaperr                 0000000140005678 f   LIBCMT:dosmap.obj
 0001:000046c8       _errno                     00000001400056c8 f   LIBCMT:dosmap.obj
 0001:000046e8       _get_errno_from_oserr      00000001400056e8 f   LIBCMT:dosmap.obj
 0001:00004750       memset                     0000000140005750 f   LIBCMT:memset.obj
 0001:0000497c       __raise_securityfailure    000000014000597c f   LIBCMT:gs_report.obj
 0001:000049c8       __report_gsfailure         00000001400059c8 f   LIBCMT:gs_report.obj
 0001:00004a9c       _cfltcvt                   0000000140005a9c f   LIBCMT:cvt.obj
 0001:00004ac0       _cfltcvt_l                 0000000140005ac0 f   LIBCMT:cvt.obj
 0001:00004b40       _cftoa_l                   0000000140005b40 f   LIBCMT:cvt.obj
 0001:000050ec       _cftoe_l                   00000001400060ec f   LIBCMT:cvt.obj
 0001:00005348       _cftof_l                   0000000140006348 f   LIBCMT:cvt.obj
 0001:0000541c       _cftog_l                   000000014000641c f   LIBCMT:cvt.obj
 0001:00005550       _cropzeros                 0000000140006550 f   LIBCMT:cvt.obj
 0001:00005558       _cropzeros_l               0000000140006558 f   LIBCMT:cvt.obj
 0001:000055f0       _fassign                   00000001400065f0 f   LIBCMT:cvt.obj
 0001:000055f8       _fassign_l                 00000001400065f8 f   LIBCMT:cvt.obj
 0001:00005638       _forcdecpt                 0000000140006638 f   LIBCMT:cvt.obj
 0001:00005640       _forcdecpt_l               0000000140006640 f   LIBCMT:cvt.obj
 0001:000056c0       _positive                  00000001400066c0 f   LIBCMT:cvt.obj
 0001:000056d4       _initp_misc_cfltcvt_tab    00000001400066d4 f   LIBCMT:cmiscdat.obj
 0001:00005710       ?__CxxUnhandledExceptionFilter@@YAJPEAU_EXCEPTION_POINTERS@@@Z 0000000140006710 f   LIBCMT:unhandld.obj
 0001:00005748       __CxxSetUnhandledExceptionFilter 0000000140006748 f   LIBCMT:unhandld.obj
 0001:00005760       _XcptFilter                0000000140006760 f   LIBCMT:winxfltr.obj
 0001:0000592c       _freefls                   000000014000692c f   LIBCMT:tidtable.obj
 0001:00005a60       _getptd                    0000000140006a60 f   LIBCMT:tidtable.obj
 0001:00005a84       _getptd_noexit             0000000140006a84 f   LIBCMT:tidtable.obj
 0001:00005b08       _initptd                   0000000140006b08 f   LIBCMT:tidtable.obj
 0001:00005bcc       _mtinit                    0000000140006bcc f   LIBCMT:tidtable.obj
 0001:00005c4c       _mtterm                    0000000140006c4c f   LIBCMT:tidtable.obj
 0001:00005c70       __crtCorExitProcess        0000000140006c70 f   LIBCMT:crt0dat.obj
 0001:00005cb4       __crtExitProcess           0000000140006cb4 f   LIBCMT:crt0dat.obj
 0001:00005ccc       _amsg_exit                 0000000140006ccc f   LIBCMT:crt0dat.obj
 0001:00005cf4       _c_exit                    0000000140006cf4 f   LIBCMT:crt0dat.obj
 0001:00005d04       _cexit                     0000000140006d04 f   LIBCMT:crt0dat.obj
 0001:00005d14       _cinit                     0000000140006d14 f   LIBCMT:crt0dat.obj
 0001:00005dac       _exit                      0000000140006dac f   LIBCMT:crt0dat.obj
 0001:00005db8       _init_pointers             0000000140006db8 f   LIBCMT:crt0dat.obj
 0001:00005e64       _initterm_e                0000000140006e64 f   LIBCMT:crt0dat.obj
 0001:00005ea0       _lockexit                  0000000140006ea0 f   LIBCMT:crt0dat.obj
 0001:00005eac       _unlockexit                0000000140006eac f   LIBCMT:crt0dat.obj
 0001:00006050       exit                       0000000140007050 f   LIBCMT:crt0dat.obj
 0001:0000605c       _heap_init                 000000014000705c f   LIBCMT:heapinit.obj
 0001:0000607c       _ioinit                    000000014000707c f   LIBCMT:ioinit.obj
 0001:000063ac       _setargv                   00000001400073ac f   LIBCMT:stdargv.obj
 0001:00006668       _setenvp                   0000000140007668 f   LIBCMT:stdenvp.obj
 0001:0000679c       _FF_MSGBANNER              000000014000779c f   LIBCMT:crt0msg.obj
 0001:000067e0       _GET_RTERRMSG              00000001400077e0 f   LIBCMT:crt0msg.obj
 0001:00006810       _NMSG_WRITE                0000000140007810 f   LIBCMT:crt0msg.obj
 0001:00006a80       __set_app_type             0000000140007a80 f   LIBCMT:errmode.obj
 0001:00006a88       _set_error_mode            0000000140007a88 f   LIBCMT:errmode.obj
 0001:00006ac8       __security_init_cookie     0000000140007ac8 f   LIBCMT:gs_support.obj
 0001:00006b74       _RTC_Initialize            0000000140007b74 f   LIBCMT:initsect.obj
 0001:00006bac       _RTC_Terminate             0000000140007bac f   LIBCMT:initsect.obj
 0001:00006be4       __crtGetEnvironmentStringsA 0000000140007be4 f   LIBCMT:a_env.obj
 0001:00006cd8       __crtCaptureCurrentContext 0000000140007cd8 f   LIBCMT:winapisupp.obj
 0001:00006d48       __crtCapturePreviousContext 0000000140007d48 f   LIBCMT:winapisupp.obj
 0001:00006dbc       __crtFlsAlloc              0000000140007dbc f   LIBCMT:winapisupp.obj
 0001:00006dd8       __crtFlsFree               0000000140007dd8 f   LIBCMT:winapisupp.obj
 0001:00006df4       __crtFlsGetValue           0000000140007df4 f   LIBCMT:winapisupp.obj
 0001:00006e10       __crtFlsSetValue           0000000140007e10 f   LIBCMT:winapisupp.obj
 0001:00006e2c       __crtGetShowWindowMode     0000000140007e2c f   LIBCMT:winapisupp.obj
 0001:00006e58       __crtInitializeCriticalSectionEx 0000000140007e58 f   LIBCMT:winapisupp.obj
 0001:00006e84       __crtIsPackagedApp         0000000140007e84 f   LIBCMT:winapisupp.obj
 0001:00006ed0       __crtLoadWinApiPointers    0000000140007ed0 f   LIBCMT:winapisupp.obj
 0001:000072cc       __crtSetUnhandledExceptionFilter 00000001400082cc f   LIBCMT:winapisupp.obj
 0001:000072d4       __crtSleep                 00000001400082d4 f   LIBCMT:winapisupp.obj
 0001:000072dc       __crtTerminateProcess      00000001400082dc f   LIBCMT:winapisupp.obj
 0001:000072fc       __crtUnhandledException    00000001400082fc f   LIBCMT:winapisupp.obj
 0001:0000731c       _wincmdln                  000000014000831c f   LIBCMT:wincmdln.obj
 0001:00007398       __C_specific_handler       0000000140008398 f   LIBCMT:chandler.obj
 0001:0000757c       __crt_debugger_hook        000000014000857c f   LIBCMT:dbghook.obj
 0001:00007584       __initstdio                0000000140008584 f   LIBCMT:_file.obj
 0001:0000761c       __endstdio                 000000014000861c f   LIBCMT:_file.obj
 0001:0000764c       __iob_func                 000000014000864c f   LIBCMT:_file.obj
 0001:00007654       _lock_file                 0000000140008654 f   LIBCMT:_file.obj
 0001:000076bc       _lock_file2                00000001400086bc f   LIBCMT:_file.obj
 0001:000076f0       _unlock_file               00000001400086f0 f   LIBCMT:_file.obj
 0001:00007740       _unlock_file2              0000000140008740 f   LIBCMT:_file.obj
 0001:00007760       _fileno                    0000000140008760 f   LIBCMT:fileno.obj
 0001:00007788       _isatty                    0000000140008788 f   LIBCMT:isatty.obj
 0001:000077e8       _write                     00000001400087e8 f   LIBCMT:write.obj
 0001:000078cc       _write_nolock              00000001400088cc f   LIBCMT:write.obj
 0001:000080c0       _lseeki64                  00000001400090c0 f   LIBCMT:lseeki64.obj
 0001:000081a8       _lseeki64_nolock           00000001400091a8 f   LIBCMT:lseeki64.obj
 0001:0000823c       _getbuf                    000000014000923c f   LIBCMT:_getbuf.obj
 0001:00008290       __addlocaleref             0000000140009290 f   LIBCMT:localref.obj
 0001:0000831c       __freetlocinfo             000000014000931c f   LIBCMT:localref.obj
 0001:000084b4       __removelocaleref          00000001400094b4 f   LIBCMT:localref.obj
 0001:00008558       __updatetlocinfo           0000000140009558 f   LIBCMT:localref.obj
 0001:000085d0       _updatetlocinfoEx_nolock   00000001400095d0 f   LIBCMT:localref.obj
 0001:00008634       __initmbctable             0000000140009634 f   LIBCMT:mbctype.obj
 0001:00008950       __updatetmbcinfo           0000000140009950 f   LIBCMT:mbctype.obj
 0001:00008a0c       _setmbcp                   0000000140009a0c f   LIBCMT:mbctype.obj
 0001:00008c50       _setmbcp_nolock            0000000140009c50 f   LIBCMT:mbctype.obj
 0001:00008f00       _isleadbyte_l              0000000140009f00 f i LIBCMT:_wctype.obj
 0001:00008f44       isleadbyte                 0000000140009f44 f i LIBCMT:_wctype.obj
 0001:00008fa0       strlen                     0000000140009fa0 f   LIBCMT:strlen.obj
 0001:00009048       _get_printf_count_output   000000014000a048 f   LIBCMT:printf.obj
 0001:00009060       _wctomb_s_l                000000014000a060 f   LIBCMT:wctomb.obj
 0001:000091ec       wctomb_s                   000000014000a1ec f   LIBCMT:wctomb.obj
 0001:00009200       free                       000000014000a200 f   LIBCMT:free.obj
 0001:00009240       _calloc_crt                000000014000a240 f   LIBCMT:crtheap.obj
 0001:000092c0       _malloc_crt                000000014000a2c0 f   LIBCMT:crtheap.obj
 0001:0000933c       _realloc_crt               000000014000a33c f   LIBCMT:crtheap.obj
 0001:000093c0       __isa_available_init       000000014000a3c0 f   LIBCMT:cpu_disp.obj
 0001:00009564       isdigit                    000000014000a564 f i LIBCMT:_ctype.obj
 0001:000095e0       _tolower_l                 000000014000a5e0 f   LIBCMT:tolower.obj
 0001:00009734       tolower                    000000014000a734 f   LIBCMT:tolower.obj
 0001:00009754       strcpy_s                   000000014000a754 f   LIBCMT:strcpy_s.obj
 0001:000097d0       memcpy                     000000014000a7d0 f   LIBCMT:memcpy.obj
 0001:000097d0       memmove                    000000014000a7d0 f   LIBCMT:memcpy.obj
 0001:00009d38       strrchr                    000000014000ad38 f   LIBCMT:strrchr.obj
 0001:00009e7c       _fptostr                   000000014000ae7c f   LIBCMT:_fptostr.obj
 0001:00009f48       __crt_atoflt_l             000000014000af48 f   LIBCMT:atodbl.obj
 0001:0000a018       _atodbl_l                  000000014000b018 f   LIBCMT:atodbl.obj
 0001:0000a0e0       _atoflt_l                  000000014000b0e0 f   LIBCMT:atodbl.obj
 0001:0000a0e8       __dtold                    000000014000b0e8 f   LIBCMT:cfout.obj
 0001:0000a1b8       _fltout2                   000000014000b1b8 f   LIBCMT:cfout.obj
 0001:0000a270       _fptrap                    000000014000b270 f   LIBCMT:crt0fp.obj
 0001:0000a27c       ?terminate@@YAXXZ          000000014000b27c f   LIBCMT:hooks.obj
 0001:0000a29c       _initp_eh_hooks            000000014000b29c f   LIBCMT:hooks.obj
 0001:0000a2bc       _lock                      000000014000b2bc f   LIBCMT:mlock.obj
 0001:0000a300       _mtdeletelocks             000000014000b300 f   LIBCMT:mlock.obj
 0001:0000a388       _mtinitlocknum             000000014000b388 f   LIBCMT:mlock.obj
 0001:0000a448       _mtinitlocks               000000014000b448 f   LIBCMT:mlock.obj
 0001:0000a4ac       _unlock                    000000014000b4ac f   LIBCMT:mlock.obj
 0001:0000a4d0       _FindPESection             000000014000b4d0 f   LIBCMT:pesect.obj
 0001:0000a520       _IsNonwritableInCurrentImage 000000014000b520 f   LIBCMT:pesect.obj
 0001:0000a570       _ValidateImageBase         000000014000b570 f   LIBCMT:pesect.obj
 0001:0000a5a0       __onexitinit               000000014000b5a0 f   LIBCMT:onexit.obj
 0001:0000a5e4       _onexit                    000000014000b5e4 f   LIBCMT:onexit.obj
 0001:0000a6f0       atexit                     000000014000b6f0 f   LIBCMT:onexit.obj
 0001:0000a708       _callnewh                  000000014000b708 f   LIBCMT:handler.obj
 0001:0000a73c       _initp_heap_handler        000000014000b73c f   LIBCMT:handler.obj
 0001:0000a744       _initp_misc_purevirt       000000014000b744 f   LIBCMT:inithelp.obj
 0001:0000a74c       __get_sigabrt              000000014000b74c f   LIBCMT:winsig.obj
 0001:0000a75c       _initp_misc_winsig         000000014000b75c f   LIBCMT:winsig.obj
 0001:0000a77c       raise                      000000014000b77c f   LIBCMT:winsig.obj
 0001:0000a9b0       _initp_misc_rand_s         000000014000b9b0 f   LIBCMT:rand_s.obj
 0001:0000a9d0       _local_unwind              000000014000b9d0 f   LIBCMT:jmpuwind.obj
 0001:0000aa00       _NLG_Notify                000000014000ba00 f   LIBCMT:jmpuwind.obj
 0001:0000aa20       __NLG_Dispatch2            000000014000ba20 f   LIBCMT:jmpuwind.obj
 0001:0000aa30       __NLG_Return2              000000014000ba30 f   LIBCMT:jmpuwind.obj
 0001:0000aab0       _ismbblead                 000000014000bab0 f   LIBCMT:ismbbyte.obj
 0001:0000aac4       wcscat_s                   000000014000bac4 f   LIBCMT:wcscat_s.obj
 0001:0000ab4c       wcscpy_s                   000000014000bb4c f   LIBCMT:wcscpy_s.obj
 0001:0000abb8       wcslen                     000000014000bbb8 f   LIBCMT:wcslen.obj
 0001:0000abd4       wcsncpy_s                  000000014000bbd4 f   LIBCMT:wcsncpy_s.obj
 0001:0000aca0       __crtMessageBoxW           000000014000bca0 f   LIBCMT:crtmboxw.obj
 0001:0000af14       _fcloseall                 000000014000bf14 f   LIBCMT:closeall.obj
 0001:0000afbc       _fflush_nolock             000000014000bfbc f   LIBCMT:fflush.obj
 0001:0000b008       _flush                     000000014000c008 f   LIBCMT:fflush.obj
 0001:0000b084       _flushall                  000000014000c084 f   LIBCMT:fflush.obj
 0001:0000b178       __lock_fhandle             000000014000c178 f   LIBCMT:osfinfo.obj
 0001:0000b210       _free_osfhnd               000000014000c210 f   LIBCMT:osfinfo.obj
 0001:0000b2bc       _get_osfhandle             000000014000c2bc f   LIBCMT:osfinfo.obj
 0001:0000b330       _unlock_fhandle            000000014000c330 f   LIBCMT:osfinfo.obj
 0001:0000b35c       _mbtowc_l                  000000014000c35c f   LIBCMT:mbtowc.obj
 0001:0000b4b0       mbtowc                     000000014000c4b0 f   LIBCMT:mbtowc.obj
 0001:0000b4b8       _putwch_nolock             000000014000c4b8 f   LIBCMT:putwch.obj
 0001:0000b514       __free_lconv_mon           000000014000c514 f   LIBCMT:initmon.obj
 0001:0000b620       __free_lconv_num           000000014000c620 f   LIBCMT:initnum.obj
 0001:0000b68c       __free_lc_time             000000014000c68c f   LIBCMT:inittime.obj
 0001:0000bd74       __crtLCMapStringA          000000014000cd74 f   LIBCMT:a_map.obj
 0001:0000bf84       __crtGetStringTypeA        000000014000cf84 f   LIBCMT:a_str.obj
 0001:0000c000       malloc                     000000014000d000 f   LIBCMT:malloc.obj
 0001:0000c0b8       realloc                    000000014000d0b8 f   LIBCMT:realloc.obj
 0001:0000c18c       _calloc_impl               000000014000d18c f   LIBCMT:calloc_impl.obj
 0001:0000c228       _isctype_l                 000000014000d228 f   LIBCMT:isctype.obj
 0001:0000c304       _locterm                   000000014000d304 f   LIBCMT:wsetloca.obj
 0001:0000c34c       _ld12tod                   000000014000d34c f   LIBCMT:intrncvt.obj
 0001:0000c904       _ld12tof                   000000014000d904 f   LIBCMT:intrncvt.obj
 0001:0000cebc       __strgtold12_l             000000014000debc f   LIBCMT:strgtold.obj
 0001:0000d720       $I10_OUTPUT                000000014000e720 f   LIBCMT:x10fout.obj
 0001:0000e1f8       abort                      000000014000f1f8 f   LIBCMT:abort.obj
 0001:0000e250       _msize                     000000014000f250 f   LIBCMT:msize.obj
 0001:0000e28c       GetTableIndexFromLocaleName 000000014000f28c f   LIBCMT:winapinls.obj
 0001:0000e318       __crtDownlevelLocaleNameToLCID 000000014000f318 f   LIBCMT:winapinls.obj
 0001:0000e34c       __crtLCMapStringEx         000000014000f34c f   LIBCMT:winapinls.obj
 0001:0000e3dc       __wcsnicmp_ascii           000000014000f3dc f   LIBCMT:winapinls.obj
 0001:0000e434       _fclose_nolock             000000014000f434 f   LIBCMT:fclose.obj
 0001:0000e4b0       fclose                     000000014000f4b0 f   LIBCMT:fclose.obj
 0001:0000e518       _commit                    000000014000f518 f   LIBCMT:commit.obj
 0001:0000e5f0       __termconout               000000014000f5f0 f   LIBCMT:initcon.obj
 0001:0000e610       __initconout               000000014000f610 f   LIBCMT:initcon.obj
 0001:0000e660       memcmp                     000000014000f660 f   LIBCMT:memcmp.obj
 0001:0000e728       __mtold12                  000000014000f728 f   LIBCMT:mantold.obj
 0001:0000e94c       _close                     000000014000f94c f   LIBCMT:close.obj
 0001:0000ea10       _close_nolock              000000014000fa10 f   LIBCMT:close.obj
 0001:0000eacc       _freebuf                   000000014000facc f   LIBCMT:_freebuf.obj
 0001:0000eb10       IsProcessorFeaturePresent  000000014000fb10 f   kernel32:KERNEL32.dll
 0001:0000eb16       RtlUnwindEx                000000014000fb16 f   kernel32:KERNEL32.dll
 0002:00000000       __imp_StretchDIBits        0000000140010000     gdi32:GDI32.dll
 0002:00000008       \177GDI32_NULL_THUNK_DATA  0000000140010008     gdi32:GDI32.dll
 0002:00000010       __imp_FlushFileBuffers     0000000140010010     kernel32:KERNEL32.dll
 0002:00000018       __imp_CreateFileW          0000000140010018     kernel32:KERNEL32.dll
 0002:00000020       __imp_LCMapStringW         0000000140010020     kernel32:KERNEL32.dll
 0002:00000028       __imp_GetModuleFileNameW   0000000140010028     kernel32:KERNEL32.dll
 0002:00000030       __imp_HeapSize             0000000140010030     kernel32:KERNEL32.dll
 0002:00000038       __imp_HeapReAlloc          0000000140010038     kernel32:KERNEL32.dll
 0002:00000040       __imp_CompareFileTime      0000000140010040     kernel32:KERNEL32.dll
 0002:00000048       __imp_CreateFileA          0000000140010048     kernel32:KERNEL32.dll
 0002:00000050       __imp_FindClose            0000000140010050     kernel32:KERNEL32.dll
 0002:00000058       __imp_FindFirstFileA       0000000140010058     kernel32:KERNEL32.dll
 0002:00000060       __imp_GetFileSizeEx        0000000140010060     kernel32:KERNEL32.dll
 0002:00000068       __imp_ReadFile             0000000140010068     kernel32:KERNEL32.dll
 0002:00000070       __imp_WriteFile            0000000140010070     kernel32:KERNEL32.dll
 0002:00000078       __imp_OutputDebugStringA   0000000140010078     kernel32:KERNEL32.dll
 0002:00000080       __imp_CloseHandle          0000000140010080     kernel32:KERNEL32.dll
 0002:00000088       __imp_QueryPerformanceCounter 0000000140010088     kernel32:KERNEL32.dll
 0002:00000090       __imp_QueryPerformanceFrequency 0000000140010090     kernel32:KERNEL32.dll
 0002:00000098       __imp_Sleep                0000000140010098     kernel32:KERNEL32.dll
 0002:000000a0       __imp_VirtualAlloc         00000001400100a0     kernel32:KERNEL32.dll
 0002:000000a8       __imp_VirtualFree          00000001400100a8     kernel32:KERNEL32.dll
 0002:000000b0       __imp_FreeLibrary          00000001400100b0     kernel32:KERNEL32.dll
 0002:000000b8       __imp_GetModuleFileNameA   00000001400100b8     kernel32:KERNEL32.dll
 0002:000000c0       __imp_GetProcAddress       00000001400100c0     kernel32:KERNEL32.dll
 0002:000000c8       __imp_LoadLibraryA         00000001400100c8     kernel32:KERNEL32.dll
 0002:000000d0       __imp_CopyFileA            00000001400100d0     kernel32:KERNEL32.dll
 0002:000000d8       __imp_GetCommandLineA      00000001400100d8     kernel32:KERNEL32.dll
 0002:000000e0       __imp_IsDebuggerPresent    00000001400100e0     kernel32:KERNEL32.dll
 0002:000000e8       __imp_EncodePointer        00000001400100e8     kernel32:KERNEL32.dll
 0002:000000f0       __imp_DecodePointer        00000001400100f0     kernel32:KERNEL32.dll
 0002:000000f8       __imp_IsProcessorFeaturePresent 00000001400100f8     kernel32:KERNEL32.dll
 0002:00000100       __imp_GetLastError         0000000140010100     kernel32:KERNEL32.dll
 0002:00000108       __imp_SetLastError         0000000140010108     kernel32:KERNEL32.dll
 0002:00000110       __imp_GetCurrentThreadId   0000000140010110     kernel32:KERNEL32.dll
 0002:00000118       __imp_ExitProcess          0000000140010118     kernel32:KERNEL32.dll
 0002:00000120       __imp_GetModuleHandleExW   0000000140010120     kernel32:KERNEL32.dll
 0002:00000128       __imp_MultiByteToWideChar  0000000140010128     kernel32:KERNEL32.dll
 0002:00000130       __imp_WideCharToMultiByte  0000000140010130     kernel32:KERNEL32.dll
 0002:00000138       __imp_GetProcessHeap       0000000140010138     kernel32:KERNEL32.dll
 0002:00000140       __imp_GetStdHandle         0000000140010140     kernel32:KERNEL32.dll
 0002:00000148       __imp_GetFileType          0000000140010148     kernel32:KERNEL32.dll
 0002:00000150       __imp_DeleteCriticalSection 0000000140010150     kernel32:KERNEL32.dll
 0002:00000158       __imp_GetStartupInfoW      0000000140010158     kernel32:KERNEL32.dll
 0002:00000160       __imp_GetCurrentProcessId  0000000140010160     kernel32:KERNEL32.dll
 0002:00000168       __imp_GetSystemTimeAsFileTime 0000000140010168     kernel32:KERNEL32.dll
 0002:00000170       __imp_GetEnvironmentStringsW 0000000140010170     kernel32:KERNEL32.dll
 0002:00000178       __imp_FreeEnvironmentStringsW 0000000140010178     kernel32:KERNEL32.dll
 0002:00000180       __imp_RtlCaptureContext    0000000140010180     kernel32:KERNEL32.dll
 0002:00000188       __imp_RtlLookupFunctionEntry 0000000140010188     kernel32:KERNEL32.dll
 0002:00000190       __imp_RtlVirtualUnwind     0000000140010190     kernel32:KERNEL32.dll
 0002:00000198       __imp_UnhandledExceptionFilter 0000000140010198     kernel32:KERNEL32.dll
 0002:000001a0       __imp_SetUnhandledExceptionFilter 00000001400101a0     kernel32:KERNEL32.dll
 0002:000001a8       __imp_InitializeCriticalSectionAndSpinCount 00000001400101a8     kernel32:KERNEL32.dll
 0002:000001b0       __imp_GetCurrentProcess    00000001400101b0     kernel32:KERNEL32.dll
 0002:000001b8       __imp_TerminateProcess     00000001400101b8     kernel32:KERNEL32.dll
 0002:000001c0       __imp_TlsAlloc             00000001400101c0     kernel32:KERNEL32.dll
 0002:000001c8       __imp_TlsGetValue          00000001400101c8     kernel32:KERNEL32.dll
 0002:000001d0       __imp_TlsSetValue          00000001400101d0     kernel32:KERNEL32.dll
 0002:000001d8       __imp_TlsFree              00000001400101d8     kernel32:KERNEL32.dll
 0002:000001e0       __imp_GetModuleHandleW     00000001400101e0     kernel32:KERNEL32.dll
 0002:000001e8       __imp_RtlUnwindEx          00000001400101e8     kernel32:KERNEL32.dll
 0002:000001f0       __imp_EnterCriticalSection 00000001400101f0     kernel32:KERNEL32.dll
 0002:000001f8       __imp_LeaveCriticalSection 00000001400101f8     kernel32:KERNEL32.dll
 0002:00000200       __imp_GetConsoleCP         0000000140010200     kernel32:KERNEL32.dll
 0002:00000208       __imp_GetConsoleMode       0000000140010208     kernel32:KERNEL32.dll
 0002:00000210       __imp_SetFilePointerEx     0000000140010210     kernel32:KERNEL32.dll
 0002:00000218       __imp_IsValidCodePage      0000000140010218     kernel32:KERNEL32.dll
 0002:00000220       __imp_GetACP               0000000140010220     kernel32:KERNEL32.dll
 0002:00000228       __imp_GetOEMCP             0000000140010228     kernel32:KERNEL32.dll
 0002:00000230       __imp_GetCPInfo            0000000140010230     kernel32:KERNEL32.dll
 0002:00000238       __imp_HeapFree             0000000140010238     kernel32:KERNEL32.dll
 0002:00000240       __imp_LoadLibraryExW       0000000140010240     kernel32:KERNEL32.dll
 0002:00000248       __imp_OutputDebugStringW   0000000140010248     kernel32:KERNEL32.dll
 0002:00000250       __imp_SetStdHandle         0000000140010250     kernel32:KERNEL32.dll
 0002:00000258       __imp_WriteConsoleW        0000000140010258     kernel32:KERNEL32.dll
 0002:00000260       __imp_GetStringTypeW       0000000140010260     kernel32:KERNEL32.dll
 0002:00000268       __imp_HeapAlloc            0000000140010268     kernel32:KERNEL32.dll
 0002:00000270       \177KERNEL32_NULL_THUNK_DATA 0000000140010270     kernel32:KERNEL32.dll
 0002:00000278       __imp_GetDC                0000000140010278     user32:USER32.dll
 0002:00000280       __imp_DispatchMessageA     0000000140010280     user32:USER32.dll
 0002:00000288       __imp_GetClientRect        0000000140010288     user32:USER32.dll
 0002:00000290       __imp_EndPaint             0000000140010290     user32:USER32.dll
 0002:00000298       __imp_BeginPaint           0000000140010298     user32:USER32.dll
 0002:000002a0       __imp_TranslateMessage     00000001400102a0     user32:USER32.dll
 0002:000002a8       __imp_CreateWindowExA      00000001400102a8     user32:USER32.dll
 0002:000002b0       __imp_RegisterClassA       00000001400102b0     user32:USER32.dll
 0002:000002b8       __imp_DefWindowProcA       00000001400102b8     user32:USER32.dll
 0002:000002c0       __imp_PeekMessageA         00000001400102c0     user32:USER32.dll
 0002:000002c8       \177USER32_NULL_THUNK_DATA 00000001400102c8     user32:USER32.dll
 0002:000002d0       __imp_timeBeginPeriod      00000001400102d0     winmm:WINMM.dll
 0002:000002d8       \177WINMM_NULL_THUNK_DATA  00000001400102d8     winmm:WINMM.dll
 0002:000002e0       __xc_a                     00000001400102e0     LIBCMT:crt0init.obj
 0002:000002e8       __xc_z                     00000001400102e8     LIBCMT:crt0init.obj
 0002:000002f0       __xi_a                     00000001400102f0     LIBCMT:crt0init.obj
 0002:00000320       __xi_z                     0000000140010320     LIBCMT:crt0init.obj
 0002:00000328       __xp_a                     0000000140010328     LIBCMT:crt0init.obj
 0002:00000348       __xp_z                     0000000140010348     LIBCMT:crt0init.obj
 0002:00000350       __xt_a                     0000000140010350     LIBCMT:crt0init.obj
 0002:00000358       __xt_z                     0000000140010358     LIBCMT:crt0init.obj
 0002:00000538       __real@00000000            0000000140010538     win32_game.obj
 0002:0000053c       __real@3d088889            000000014001053c     win32_game.obj
 0002:00000540       __real@3f000000            0000000140010540     win32_game.obj
 0002:00000544       __real@3f800000            0000000140010544     win32_game.obj
 0002:00000548       __real@447a0000            0000000140010548     win32_game.obj
 0002:0000054c       __real@46fffe00            000000014001054c     win32_game.obj
 0002:00000550       __real@47000000            0000000140010550     win32_game.obj
 0002:00000554       __real@bf800000            0000000140010554     win32_game.obj
 0002:00000560       __xmm@80000000800000008000000080000000 0000000140010560     win32_game.obj
 0002:00000570       _FPinit                    0000000140010570     LIBCMT:fpinit.obj
 0002:00000578       ??_C@_06OJHGLDPL@?$CInull?$CJ?$AA@ 0000000140010578     LIBCMT:output.obj
 0002:00000580       ??_C@_1O@CEDCILHN@?$AA?$CI?$AAn?$AAu?$AAl?$AAl?$AA?$CJ?$AA?$AA@ 0000000140010580     LIBCMT:output.obj
 0002:00000590       __lookuptable              0000000140010590     LIBCMT:output.obj
 0002:000005f0       __lookuptable_s            00000001400105f0     LIBCMT:outputs.obj
 0002:00000660       ??_C@_05KLBDPFGC@e?$CL000?$AA@ 0000000140010660     LIBCMT:cvt.obj
 0002:00000668       __real@0000000000000000    0000000140010668     LIBCMT:cvt.obj
 0002:00000670       _XcptActTab                0000000140010670     LIBCMT:winxfltr.obj
 0002:00000730       _XcptActTabCount           0000000140010730     LIBCMT:winxfltr.obj
 0002:00000734       _XcptActTabSize            0000000140010734     LIBCMT:winxfltr.obj
 0002:00000738       _First_FPE_Indx            0000000140010738     LIBCMT:winxfltr.obj
 0002:0000073c       _Num_FPE                   000000014001073c     LIBCMT:winxfltr.obj
 0002:00000740       ??_C@_1BI@BGOHAHKC@?$AAm?$AAs?$AAc?$AAo?$AAr?$AAe?$AAe?$AA?4?$AAd?$AAl?$AAl?$AA?$AA@ 0000000140010740     LIBCMT:crt0dat.obj
 0002:00000758       ??_C@_0P@MIGLKIOC@CorExitProcess?$AA@ 0000000140010758     LIBCMT:crt0dat.obj
 0002:000008e0       ??_C@_1FK@PGACCAFB@?$AAR?$AA6?$AA0?$AA0?$AA2?$AA?$AN?$AA?6?$AA?9?$AA?5?$AAf?$AAl?$AAo?$AAa?$AAt?$AAi?$AAn?$AAg?$AA?5?$AAp?$AAo?$AAi?$AAn?$AAt?$AA?5?$AAs?$AAu?$AAp?$AAp?$AAo?$AAr?$AAt?$AA?5@ 00000001400108e0     LIBCMT:crt0msg.obj
 0002:00000940       ??_C@_1FE@LLNEDJMD@?$AAR?$AA6?$AA0?$AA0?$AA8?$AA?$AN?$AA?6?$AA?9?$AA?5?$AAn?$AAo?$AAt?$AA?5?$AAe?$AAn?$AAo?$AAu?$AAg?$AAh?$AA?5?$AAs?$AAp?$AAa?$AAc?$AAe?$AA?5?$AAf?$AAo?$AAr?$AA?5?$AAa?$AAr@ 0000000140010940     LIBCMT:crt0msg.obj
 0002:000009a0       ??_C@_1FI@HONFMGBI@?$AAR?$AA6?$AA0?$AA0?$AA9?$AA?$AN?$AA?6?$AA?9?$AA?5?$AAn?$AAo?$AAt?$AA?5?$AAe?$AAn?$AAo?$AAu?$AAg?$AAh?$AA?5?$AAs?$AAp?$AAa?$AAc?$AAe?$AA?5?$AAf?$AAo?$AAr?$AA?5?$AAe?$AAn@ 00000001400109a0     LIBCMT:crt0msg.obj
 0002:00000a00       ??_C@_1EG@BEHAGFJD@?$AAR?$AA6?$AA0?$AA1?$AA0?$AA?$AN?$AA?6?$AA?9?$AA?5?$AAa?$AAb?$AAo?$AAr?$AAt?$AA?$CI?$AA?$CJ?$AA?5?$AAh?$AAa?$AAs?$AA?5?$AAb?$AAe?$AAe?$AAn?$AA?5?$AAc?$AAa?$AAl?$AAl?$AAe?$AAd@ 0000000140010a00     LIBCMT:crt0msg.obj
 0002:00000a50       ??_C@_1FI@LOGNIKDM@?$AAR?$AA6?$AA0?$AA1?$AA6?$AA?$AN?$AA?6?$AA?9?$AA?5?$AAn?$AAo?$AAt?$AA?5?$AAe?$AAn?$AAo?$AAu?$AAg?$AAh?$AA?5?$AAs?$AAp?$AAa?$AAc?$AAe?$AA?5?$AAf?$AAo?$AAr?$AA?5?$AAt?$AAh@ 0000000140010a50     LIBCMT:crt0msg.obj
 0002:00000ab0       ??_C@_1FK@BEOGODMC@?$AAR?$AA6?$AA0?$AA1?$AA7?$AA?$AN?$AA?6?$AA?9?$AA?5?$AAu?$AAn?$AAe?$AAx?$AAp?$AAe?$AAc?$AAt?$AAe?$AAd?$AA?5?$AAm?$AAu?$AAl?$AAt?$AAi?$AAt?$AAh?$AAr?$AAe?$AAa?$AAd?$AA?5@ 0000000140010ab0     LIBCMT:crt0msg.obj
 0002:00000b10       ??_C@_1EC@JIBHAOPH@?$AAR?$AA6?$AA0?$AA1?$AA8?$AA?$AN?$AA?6?$AA?9?$AA?5?$AAu?$AAn?$AAe?$AAx?$AAp?$AAe?$AAc?$AAt?$AAe?$AAd?$AA?5?$AAh?$AAe?$AAa?$AAp?$AA?5?$AAe?$AAr?$AAr?$AAo?$AAr?$AA?$AN?$AA?6@ 0000000140010b10     LIBCMT:crt0msg.obj
 0002:00000b60       ??_C@_1FC@ECHBIFBC@?$AAR?$AA6?$AA0?$AA1?$AA9?$AA?$AN?$AA?6?$AA?9?$AA?5?$AAu?$AAn?$AAa?$AAb?$AAl?$AAe?$AA?5?$AAt?$AAo?$AA?5?$AAo?$AAp?$AAe?$AAn?$AA?5?$AAc?$AAo?$AAn?$AAs?$AAo?$AAl?$AAe?$AA?5@ 0000000140010b60     LIBCMT:crt0msg.obj
 0002:00000bc0       ??_C@_1GK@FHCKBEFA@?$AAR?$AA6?$AA0?$AA2?$AA4?$AA?$AN?$AA?6?$AA?9?$AA?5?$AAn?$AAo?$AAt?$AA?5?$AAe?$AAn?$AAo?$AAu?$AAg?$AAh?$AA?5?$AAs?$AAp?$AAa?$AAc?$AAe?$AA?5?$AAf?$AAo?$AAr?$AA?5?$AA_?$AAo@ 0000000140010bc0     LIBCMT:crt0msg.obj
 0002:00000c30       ??_C@_1EM@MAADIHMB@?$AAR?$AA6?$AA0?$AA2?$AA5?$AA?$AN?$AA?6?$AA?9?$AA?5?$AAp?$AAu?$AAr?$AAe?$AA?5?$AAv?$AAi?$AAr?$AAt?$AAu?$AAa?$AAl?$AA?5?$AAf?$AAu?$AAn?$AAc?$AAt?$AAi?$AAo?$AAn?$AA?5?$AAc@ 0000000140010c30     LIBCMT:crt0msg.obj
 0002:00000c80       ??_C@_1GK@MCAAGJMO@?$AAR?$AA6?$AA0?$AA2?$AA6?$AA?$AN?$AA?6?$AA?9?$AA?5?$AAn?$AAo?$AAt?$AA?5?$AAe?$AAn?$AAo?$AAu?$AAg?$AAh?$AA?5?$AAs?$AAp?$AAa?$AAc?$AAe?$AA?5?$AAf?$AAo?$AAr?$AA?5?$AAs?$AAt@ 0000000140010c80     LIBCMT:crt0msg.obj
 0002:00000cf0       ??_C@_1GK@MFGOKLAG@?$AAR?$AA6?$AA0?$AA2?$AA7?$AA?$AN?$AA?6?$AA?9?$AA?5?$AAn?$AAo?$AAt?$AA?5?$AAe?$AAn?$AAo?$AAu?$AAg?$AAh?$AA?5?$AAs?$AAp?$AAa?$AAc?$AAe?$AA?5?$AAf?$AAo?$AAr?$AA?5?$AAl?$AAo@ 0000000140010cf0     LIBCMT:crt0msg.obj
 0002:00000d60       ??_C@_1EK@HHFLMAOL@?$AAR?$AA6?$AA0?$AA2?$AA8?$AA?$AN?$AA?6?$AA?9?$AA?5?$AAu?$AAn?$AAa?$AAb?$AAl?$AAe?$AA?5?$AAt?$AAo?$AA?5?$AAi?$AAn?$AAi?$AAt?$AAi?$AAa?$AAl?$AAi?$AAz?$AAe?$AA?5?$AAh?$AAe@ 0000000140010d60     LIBCMT:crt0msg.obj
 0002:00000db0       ??_C@_1DO@BMFCDCD@?$AAR?$AA6?$AA0?$AA3?$AA0?$AA?$AN?$AA?6?$AA?9?$AA?5?$AAC?$AAR?$AAT?$AA?5?$AAn?$AAo?$AAt?$AA?5?$AAi?$AAn?$AAi?$AAt?$AAi?$AAa?$AAl?$AAi?$AAz?$AAe?$AAd?$AA?$AN?$AA?6?$AA?$AA@ 0000000140010db0     LIBCMT:crt0msg.obj
 0002:00000df0       ??_C@_1MG@ENCOOIDF@?$AAR?$AA6?$AA0?$AA3?$AA1?$AA?$AN?$AA?6?$AA?9?$AA?5?$AAA?$AAt?$AAt?$AAe?$AAm?$AAp?$AAt?$AA?5?$AAt?$AAo?$AA?5?$AAi?$AAn?$AAi?$AAt?$AAi?$AAa?$AAl?$AAi?$AAz?$AAe?$AA?5?$AAt@ 0000000140010df0     LIBCMT:crt0msg.obj
 0002:00000ec0       ??_C@_1GG@GOPILAJP@?$AAR?$AA6?$AA0?$AA3?$AA2?$AA?$AN?$AA?6?$AA?9?$AA?5?$AAn?$AAo?$AAt?$AA?5?$AAe?$AAn?$AAo?$AAu?$AAg?$AAh?$AA?5?$AAs?$AAp?$AAa?$AAc?$AAe?$AA?5?$AAf?$AAo?$AAr?$AA?5?$AAl?$AAo@ 0000000140010ec0     LIBCMT:crt0msg.obj
 0002:00000f30       ??_C@_1BOO@KGEDBGAJ@?$AAR?$AA6?$AA0?$AA3?$AA3?$AA?$AN?$AA?6?$AA?9?$AA?5?$AAA?$AAt?$AAt?$AAe?$AAm?$AAp?$AAt?$AA?5?$AAt?$AAo?$AA?5?$AAu?$AAs?$AAe?$AA?5?$AAM?$AAS?$AAI?$AAL?$AA?5?$AAc?$AAo?$AAd@ 0000000140010f30     LIBCMT:crt0msg.obj
 0002:00001120       ??_C@_1GG@MKFPEKFO@?$AAR?$AA6?$AA0?$AA3?$AA4?$AA?$AN?$AA?6?$AA?9?$AA?5?$AAi?$AAn?$AAc?$AAo?$AAn?$AAs?$AAi?$AAs?$AAt?$AAe?$AAn?$AAt?$AA?5?$AAo?$AAn?$AAe?$AAx?$AAi?$AAt?$AA?5?$AAb?$AAe?$AAg@ 0000000140011120     LIBCMT:crt0msg.obj
 0002:00001188       ??_C@_1BO@BFCDCGC@?$AAD?$AAO?$AAM?$AAA?$AAI?$AAN?$AA?5?$AAe?$AAr?$AAr?$AAo?$AAr?$AA?$AN?$AA?6?$AA?$AA@ 0000000140011188     LIBCMT:crt0msg.obj
 0002:000011a8       ??_C@_1BK@KMOMNAAI@?$AAS?$AAI?$AAN?$AAG?$AA?5?$AAe?$AAr?$AAr?$AAo?$AAr?$AA?$AN?$AA?6?$AA?$AA@ 00000001400111a8     LIBCMT:crt0msg.obj
 0002:000011c8       ??_C@_1BM@JBBEPPHI@?$AAT?$AAL?$AAO?$AAS?$AAS?$AA?5?$AAe?$AAr?$AAr?$AAo?$AAr?$AA?$AN?$AA?6?$AA?$AA@ 00000001400111c8     LIBCMT:crt0msg.obj
 0002:000011e4       ??_C@_15JNBOKNOG@?$AA?$AN?$AA?6?$AA?$AA@ 00000001400111e4     LIBCMT:crt0msg.obj
 0002:000011f0       ??_C@_1BO@BKOMIGKJ@?$AAr?$AAu?$AAn?$AAt?$AAi?$AAm?$AAe?$AA?5?$AAe?$AAr?$AAr?$AAo?$AAr?$AA?5?$AA?$AA@ 00000001400111f0     LIBCMT:crt0msg.obj
 0002:00001210       ??_C@_1DE@JNGNBFGO@?$AAR?$AAu?$AAn?$AAt?$AAi?$AAm?$AAe?$AA?5?$AAE?$AAr?$AAr?$AAo?$AAr?$AA?$CB?$AA?6?$AA?6?$AAP?$AAr?$AAo?$AAg?$AAr?$AAa?$AAm?$AA?3?$AA?5?$AA?$AA@ 0000000140011210     LIBCMT:crt0msg.obj
 0002:00001248       ??_C@_1CO@EAEJAADC@?$AA?$DM?$AAp?$AAr?$AAo?$AAg?$AAr?$AAa?$AAm?$AA?5?$AAn?$AAa?$AAm?$AAe?$AA?5?$AAu?$AAn?$AAk?$AAn?$AAo?$AAw?$AAn?$AA?$DO?$AA?$AA@ 0000000140011248     LIBCMT:crt0msg.obj
 0002:00001278       ??_C@_17LGKOMLJ@?$AA?4?$AA?4?$AA?4?$AA?$AA@ 0000000140011278     LIBCMT:crt0msg.obj
 0002:00001280       ??_C@_15IABLJNFO@?$AA?6?$AA?6?$AA?$AA@ 0000000140011280     LIBCMT:crt0msg.obj
 0002:00001290       ??_C@_1EK@MBDPDCGA@?$AAM?$AAi?$AAc?$AAr?$AAo?$AAs?$AAo?$AAf?$AAt?$AA?5?$AAV?$AAi?$AAs?$AAu?$AAa?$AAl?$AA?5?$AAC?$AA?$CL?$AA?$CL?$AA?5?$AAR?$AAu?$AAn?$AAt?$AAi?$AAm?$AAe?$AA?5?$AAL?$AAi?$AAb@ 0000000140011290     LIBCMT:crt0msg.obj
 0002:000012e0       ??_C@_1BK@MGMFAEKH@?$AAk?$AAe?$AAr?$AAn?$AAe?$AAl?$AA3?$AA2?$AA?4?$AAd?$AAl?$AAl?$AA?$AA@ 00000001400112e0     LIBCMT:winapisupp.obj
 0002:00001300       ??_C@_08KNHFBNJ@FlsAlloc?$AA@ 0000000140011300     LIBCMT:winapisupp.obj
 0002:00001310       ??_C@_07PEJMOBNF@FlsFree?$AA@ 0000000140011310     LIBCMT:winapisupp.obj
 0002:00001318       ??_C@_0M@GDNOONDI@FlsGetValue?$AA@ 0000000140011318     LIBCMT:winapisupp.obj
 0002:00001328       ??_C@_0M@JCPCPOEF@FlsSetValue?$AA@ 0000000140011328     LIBCMT:winapisupp.obj
 0002:00001338       ??_C@_0BM@HCFOFFN@InitializeCriticalSectionEx?$AA@ 0000000140011338     LIBCMT:winapisupp.obj
 0002:00001358       ??_C@_0P@DLHPPCNH@CreateEventExW?$AA@ 0000000140011358     LIBCMT:winapisupp.obj
 0002:00001368       ??_C@_0BD@KIEEOEEH@CreateSemaphoreExW?$AA@ 0000000140011368     LIBCMT:winapisupp.obj
 0002:00001380       ??_C@_0BI@BKLFFAPO@SetThreadStackGuarantee?$AA@ 0000000140011380     LIBCMT:winapisupp.obj
 0002:00001398       ??_C@_0BG@OGFAJCKC@CreateThreadpoolTimer?$AA@ 0000000140011398     LIBCMT:winapisupp.obj
 0002:000013b0       ??_C@_0BD@LPLEMMDI@SetThreadpoolTimer?$AA@ 00000001400113b0     LIBCMT:winapisupp.obj
 0002:000013c8       ??_C@_0CA@FMNJENH@WaitForThreadpoolTimerCallbacks?$AA@ 00000001400113c8     LIBCMT:winapisupp.obj
 0002:000013e8       ??_C@_0BF@DCFCCNOC@CloseThreadpoolTimer?$AA@ 00000001400113e8     LIBCMT:winapisupp.obj
 0002:00001400       ??_C@_0BF@FLABGKKM@CreateThreadpoolWait?$AA@ 0000000140011400     LIBCMT:winapisupp.obj
 0002:00001418       ??_C@_0BC@MGCOHNA@SetThreadpoolWait?$AA@ 0000000140011418     LIBCMT:winapisupp.obj
 0002:00001430       ??_C@_0BE@OCIOMIMP@CloseThreadpoolWait?$AA@ 0000000140011430     LIBCMT:winapisupp.obj
 0002:00001448       ??_C@_0BJ@LKGHFHBO@FlushProcessWriteBuffers?$AA@ 0000000140011448     LIBCMT:winapisupp.obj
 0002:00001468       ??_C@_0BP@KALKKPMO@FreeLibraryWhenCallbackReturns?$AA@ 0000000140011468     LIBCMT:winapisupp.obj
 0002:00001488       ??_C@_0BK@DFNBACLA@GetCurrentProcessorNumber?$AA@ 0000000140011488     LIBCMT:winapisupp.obj
 0002:000014a8       ??_C@_0BP@KHGALBC@GetLogicalProcessorInformation?$AA@ 00000001400114a8     LIBCMT:winapisupp.obj
 0002:000014c8       ??_C@_0BE@FKKLLFLM@CreateSymbolicLinkW?$AA@ 00000001400114c8     LIBCMT:winapisupp.obj
 0002:000014e0       ??_C@_0BJ@OHNKDLIJ@SetDefaultDllDirectories?$AA@ 00000001400114e0     LIBCMT:winapisupp.obj
 0002:00001500       ??_C@_0BE@LJANKFHF@EnumSystemLocalesEx?$AA@ 0000000140011500     LIBCMT:winapisupp.obj
 0002:00001518       ??_C@_0BA@IHGNDAEB@CompareStringEx?$AA@ 0000000140011518     LIBCMT:winapisupp.obj
 0002:00001528       ??_C@_0BA@EPCJIIPD@GetDateFormatEx?$AA@ 0000000140011528     LIBCMT:winapisupp.obj
 0002:00001538       ??_C@_0BA@ONOKGCMP@GetLocaleInfoEx?$AA@ 0000000140011538     LIBCMT:winapisupp.obj
 0002:00001548       ??_C@_0BA@CIJJKCJJ@GetTimeFormatEx?$AA@ 0000000140011548     LIBCMT:winapisupp.obj
 0002:00001558       ??_C@_0BJ@PBCCBIPI@GetUserDefaultLocaleName?$AA@ 0000000140011558     LIBCMT:winapisupp.obj
 0002:00001578       ??_C@_0BC@CELBKLLA@IsValidLocaleName?$AA@ 0000000140011578     LIBCMT:winapisupp.obj
 0002:00001590       ??_C@_0O@KKBNKAPF@LCMapStringEx?$AA@ 0000000140011590     LIBCMT:winapisupp.obj
 0002:000015a0       ??_C@_0BE@JOGNEJCI@GetCurrentPackageId?$AA@ 00000001400115a0     LIBCMT:winapisupp.obj
 0002:000015b8       ??_C@_0P@CDHHOHKP@GetTickCount64?$AA@ 00000001400115b8     LIBCMT:winapisupp.obj
 0002:000015c8       ??_C@_0BO@KPCLFDJJ@GetFileInformationByHandleExW?$AA@ 00000001400115c8     LIBCMT:winapisupp.obj
 0002:000015e8       ??_C@_0BM@MHIDLABK@SetFileInformationByHandleW?$AA@ 00000001400115e8     LIBCMT:winapisupp.obj
 0002:00001604       ??_C@_00CNPNBAHC@?$AA@     0000000140011604     LIBCMT:wincmdln.obj
 0002:00001628       ??_C@_1M@HPNHIDJI@?$AAj?$AAa?$AA?9?$AAJ?$AAP?$AA?$AA@ 0000000140011628     LIBCMT:mbctype.obj
 0002:00001638       ??_C@_1M@BIBDDEMK@?$AAz?$AAh?$AA?9?$AAC?$AAN?$AA?$AA@ 0000000140011638     LIBCMT:mbctype.obj
 0002:00001648       ??_C@_1M@JLOOOEGK@?$AAk?$AAo?$AA?9?$AAK?$AAR?$AA?$AA@ 0000000140011648     LIBCMT:mbctype.obj
 0002:00001658       ??_C@_1M@CLNBBOPM@?$AAz?$AAh?$AA?9?$AAT?$AAW?$AA?$AA@ 0000000140011658     LIBCMT:mbctype.obj
 0002:00001664       ??_C@_03KOEHGMDN@Sun?$AA@  0000000140011664     LIBCMT:nlsdata.obj
 0002:00001668       ??_C@_03PDAGKDH@Mon?$AA@   0000000140011668     LIBCMT:nlsdata.obj
 0002:0000166c       ??_C@_03NAGEINEP@Tue?$AA@  000000014001166c     LIBCMT:nlsdata.obj
 0002:00001670       ??_C@_03MHOMLAJA@Wed?$AA@  0000000140011670     LIBCMT:nlsdata.obj
 0002:00001674       ??_C@_03IOFIKPDN@Thu?$AA@  0000000140011674     LIBCMT:nlsdata.obj
 0002:00001678       ??_C@_03IDIOELNC@Fri?$AA@  0000000140011678     LIBCMT:nlsdata.obj
 0002:0000167c       ??_C@_03FEFJNEK@Sat?$AA@   000000014001167c     LIBCMT:nlsdata.obj
 0002:00001680       ??_C@_06OOPIFAJ@Sunday?$AA@ 0000000140011680     LIBCMT:nlsdata.obj
 0002:00001688       ??_C@_06JLEDEDGH@Monday?$AA@ 0000000140011688     LIBCMT:nlsdata.obj
 0002:00001690       ??_C@_07BAAGCFCM@Tuesday?$AA@ 0000000140011690     LIBCMT:nlsdata.obj
 0002:00001698       ??_C@_09DLIGFAKA@Wednesday?$AA@ 0000000140011698     LIBCMT:nlsdata.obj
 0002:000016a8       ??_C@_08HACCIKIA@Thursday?$AA@ 00000001400116a8     LIBCMT:nlsdata.obj
 0002:000016b4       ??_C@_06JECMNKMI@Friday?$AA@ 00000001400116b4     LIBCMT:nlsdata.obj
 0002:000016c0       ??_C@_08INBOOONO@Saturday?$AA@ 00000001400116c0     LIBCMT:nlsdata.obj
 0002:000016cc       ??_C@_03JIHJHPIE@Jan?$AA@  00000001400116cc     LIBCMT:nlsdata.obj
 0002:000016d0       ??_C@_03HJBDCHOM@Feb?$AA@  00000001400116d0     LIBCMT:nlsdata.obj
 0002:000016d4       ??_C@_03ODNJBKGA@Mar?$AA@  00000001400116d4     LIBCMT:nlsdata.obj
 0002:000016d8       ??_C@_03LEOLGMJP@Apr?$AA@  00000001400116d8     LIBCMT:nlsdata.obj
 0002:000016dc       ??_C@_03CNMDKL@May?$AA@    00000001400116dc     LIBCMT:nlsdata.obj
 0002:000016e0       ??_C@_03IDFGHECI@Jun?$AA@  00000001400116e0     LIBCMT:nlsdata.obj
 0002:000016e4       ??_C@_03LBGABGKK@Jul?$AA@  00000001400116e4     LIBCMT:nlsdata.obj
 0002:000016e8       ??_C@_03IFJFEIGA@Aug?$AA@  00000001400116e8     LIBCMT:nlsdata.obj
 0002:000016ec       ??_C@_03GGCAPAJC@Sep?$AA@  00000001400116ec     LIBCMT:nlsdata.obj
 0002:000016f0       ??_C@_03BMAOKBAD@Oct?$AA@  00000001400116f0     LIBCMT:nlsdata.obj
 0002:000016f4       ??_C@_03JPJOFNIA@Nov?$AA@  00000001400116f4     LIBCMT:nlsdata.obj
 0002:000016f8       ??_C@_03MKABNOCG@Dec?$AA@  00000001400116f8     LIBCMT:nlsdata.obj
 0002:00001700       ??_C@_07CGJPFGJA@January?$AA@ 0000000140011700     LIBCMT:nlsdata.obj
 0002:00001708       ??_C@_08GNJGEPFN@February?$AA@ 0000000140011708     LIBCMT:nlsdata.obj
 0002:00001714       ??_C@_05HPCKOFNC@March?$AA@ 0000000140011714     LIBCMT:nlsdata.obj
 0002:0000171c       ??_C@_05DMJDNLEJ@April?$AA@ 000000014001171c     LIBCMT:nlsdata.obj
 0002:00001724       ??_C@_04CNLMGBGM@June?$AA@ 0000000140011724     LIBCMT:nlsdata.obj
 0002:0000172c       ??_C@_04MIEPOIFP@July?$AA@ 000000014001172c     LIBCMT:nlsdata.obj
 0002:00001734       ??_C@_06LBBHFDDG@August?$AA@ 0000000140011734     LIBCMT:nlsdata.obj
 0002:00001740       ??_C@_09BHHEALKD@September?$AA@ 0000000140011740     LIBCMT:nlsdata.obj
 0002:00001750       ??_C@_07JJNFCEND@October?$AA@ 0000000140011750     LIBCMT:nlsdata.obj
 0002:00001758       ??_C@_08HCHEGEOA@November?$AA@ 0000000140011758     LIBCMT:nlsdata.obj
 0002:00001768       ??_C@_08EDHMEBNP@December?$AA@ 0000000140011768     LIBCMT:nlsdata.obj
 0002:00001774       ??_C@_02DEDBPAFC@AM?$AA@   0000000140011774     LIBCMT:nlsdata.obj
 0002:00001778       ??_C@_02CJNFDJBF@PM?$AA@   0000000140011778     LIBCMT:nlsdata.obj
 0002:00001780       ??_C@_08BPBNCDIB@MM?1dd?1yy?$AA@ 0000000140011780     LIBCMT:nlsdata.obj
 0002:00001790       ??_C@_0BE@CKGJFCPC@dddd?0?5MMMM?5dd?0?5yyyy?$AA@ 0000000140011790     LIBCMT:nlsdata.obj
 0002:000017a8       ??_C@_08JCCMCCIL@HH?3mm?3ss?$AA@ 00000001400117a8     LIBCMT:nlsdata.obj
 0002:000017b8       ??_C@_17MBGCMIPB@?$AAS?$AAu?$AAn?$AA?$AA@ 00000001400117b8     LIBCMT:nlsdata.obj
 0002:000017c0       ??_C@_17KBOMKBF@?$AAM?$AAo?$AAn?$AA?$AA@ 00000001400117c0     LIBCMT:nlsdata.obj
 0002:000017c8       ??_C@_17BMKGEGOJ@?$AAT?$AAu?$AAe?$AA?$AA@ 00000001400117c8     LIBCMT:nlsdata.obj
 0002:000017d0       ??_C@_17CJEDCEPE@?$AAW?$AAe?$AAd?$AA?$AA@ 00000001400117d0     LIBCMT:nlsdata.obj
 0002:000017d8       ??_C@_17PDPHAADD@?$AAT?$AAh?$AAu?$AA?$AA@ 00000001400117d8     LIBCMT:nlsdata.obj
 0002:000017e0       ??_C@_17HFOLPPLP@?$AAF?$AAr?$AAi?$AA?$AA@ 00000001400117e0     LIBCMT:nlsdata.obj
 0002:000017e8       ??_C@_17GGIBDPIH@?$AAS?$AAa?$AAt?$AA?$AA@ 00000001400117e8     LIBCMT:nlsdata.obj
 0002:000017f0       ??_C@_1O@IHNHDHPB@?$AAS?$AAu?$AAn?$AAd?$AAa?$AAy?$AA?$AA@ 00000001400117f0     LIBCMT:nlsdata.obj
 0002:00001800       ??_C@_1O@MMNBFLIA@?$AAM?$AAo?$AAn?$AAd?$AAa?$AAy?$AA?$AA@ 0000000140011800     LIBCMT:nlsdata.obj
 0002:00001810       ??_C@_1BA@ENFBFFEK@?$AAT?$AAu?$AAe?$AAs?$AAd?$AAa?$AAy?$AA?$AA@ 0000000140011810     LIBCMT:nlsdata.obj
 0002:00001820       ??_C@_1BE@EBOGMDOH@?$AAW?$AAe?$AAd?$AAn?$AAe?$AAs?$AAd?$AAa?$AAy?$AA?$AA@ 0000000140011820     LIBCMT:nlsdata.obj
 0002:00001838       ??_C@_1BC@HHMNLIHE@?$AAT?$AAh?$AAu?$AAr?$AAs?$AAd?$AAa?$AAy?$AA?$AA@ 0000000140011838     LIBCMT:nlsdata.obj
 0002:00001850       ??_C@_1O@PDICJHAG@?$AAF?$AAr?$AAi?$AAd?$AAa?$AAy?$AA?$AA@ 0000000140011850     LIBCMT:nlsdata.obj
 0002:00001860       ??_C@_1BC@ENMNNPAJ@?$AAS?$AAa?$AAt?$AAu?$AAr?$AAd?$AAa?$AAy?$AA?$AA@ 0000000140011860     LIBCMT:nlsdata.obj
 0002:00001878       ??_C@_17DKNBKCHM@?$AAJ?$AAa?$AAn?$AA?$AA@ 0000000140011878     LIBCMT:nlsdata.obj
 0002:00001880       ??_C@_17LMDJEKJN@?$AAF?$AAe?$AAb?$AA?$AA@ 0000000140011880     LIBCMT:nlsdata.obj
 0002:00001888       ??_C@_17CKNLEDEC@?$AAM?$AAa?$AAr?$AA?$AA@ 0000000140011888     LIBCMT:nlsdata.obj
 0002:00001890       ??_C@_17LFPOIHDD@?$AAA?$AAp?$AAr?$AA?$AA@ 0000000140011890     LIBCMT:nlsdata.obj
 0002:00001898       ??_C@_17PNNKMEED@?$AAM?$AAa?$AAy?$AA?$AA@ 0000000140011898     LIBCMT:nlsdata.obj
 0002:000018a0       ??_C@_17KCJGOCPB@?$AAJ?$AAu?$AAn?$AA?$AA@ 00000001400118a0     LIBCMT:nlsdata.obj
 0002:000018a8       ??_C@_17IJPCKHK@?$AAJ?$AAu?$AAl?$AA?$AA@ 00000001400118a8     LIBCMT:nlsdata.obj
 0002:000018b0       ??_C@_17ICPELBCN@?$AAA?$AAu?$AAg?$AA?$AA@ 00000001400118b0     LIBCMT:nlsdata.obj
 0002:000018b8       ??_C@_17HCHCOKMG@?$AAS?$AAe?$AAp?$AA?$AA@ 00000001400118b8     LIBCMT:nlsdata.obj
 0002:000018c0       ??_C@_17FNLKOI@?$AAO?$AAc?$AAt?$AA?$AA@ 00000001400118c0     LIBCMT:nlsdata.obj
 0002:000018c8       ??_C@_17BBDMLCIG@?$AAN?$AAo?$AAv?$AA?$AA@ 00000001400118c8     LIBCMT:nlsdata.obj
 0002:000018d0       ??_C@_17EGKACKIF@?$AAD?$AAe?$AAc?$AA?$AA@ 00000001400118d0     LIBCMT:nlsdata.obj
 0002:000018d8       ??_C@_1BA@EFMEIEBA@?$AAJ?$AAa?$AAn?$AAu?$AAa?$AAr?$AAy?$AA?$AA@ 00000001400118d8     LIBCMT:nlsdata.obj
 0002:000018e8       ??_C@_1BC@JGDDFFAM@?$AAF?$AAe?$AAb?$AAr?$AAu?$AAa?$AAr?$AAy?$AA?$AA@ 00000001400118e8     LIBCMT:nlsdata.obj
 0002:00001900       ??_C@_1M@IKEENEDF@?$AAM?$AAa?$AAr?$AAc?$AAh?$AA?$AA@ 0000000140011900     LIBCMT:nlsdata.obj
 0002:00001910       ??_C@_1M@GJNLMHFD@?$AAA?$AAp?$AAr?$AAi?$AAl?$AA?$AA@ 0000000140011910     LIBCMT:nlsdata.obj
 0002:00001920       ??_C@_19EPFLPGAP@?$AAJ?$AAu?$AAn?$AAe?$AA?$AA@ 0000000140011920     LIBCMT:nlsdata.obj
 0002:00001930       ??_C@_19BIFMLPCD@?$AAJ?$AAu?$AAl?$AAy?$AA?$AA@ 0000000140011930     LIBCMT:nlsdata.obj
 0002:00001940       ??_C@_1O@PAHLKOAC@?$AAA?$AAu?$AAg?$AAu?$AAs?$AAt?$AA?$AA@ 0000000140011940     LIBCMT:nlsdata.obj
 0002:00001950       ??_C@_1BE@DKAAMBJL@?$AAS?$AAe?$AAp?$AAt?$AAe?$AAm?$AAb?$AAe?$AAr?$AA?$AA@ 0000000140011950     LIBCMT:nlsdata.obj
 0002:00001968       ??_C@_1BA@EPANDLNG@?$AAO?$AAc?$AAt?$AAo?$AAb?$AAe?$AAr?$AA?$AA@ 0000000140011968     LIBCMT:nlsdata.obj
 0002:00001978       ??_C@_1BC@BGLIFPF@?$AAN?$AAo?$AAv?$AAe?$AAm?$AAb?$AAe?$AAr?$AA?$AA@ 0000000140011978     LIBCMT:nlsdata.obj
 0002:00001990       ??_C@_1BC@FEMKIFH@?$AAD?$AAe?$AAc?$AAe?$AAm?$AAb?$AAe?$AAr?$AA?$AA@ 0000000140011990     LIBCMT:nlsdata.obj
 0002:000019a4       ??_C@_15ODEHAHHF@?$AAA?$AAM?$AA?$AA@ 00000001400119a4     LIBCMT:nlsdata.obj
 0002:000019ac       ??_C@_15CLMNNGEL@?$AAP?$AAM?$AA?$AA@ 00000001400119ac     LIBCMT:nlsdata.obj
 0002:000019b8       ??_C@_1BC@IEBCMHCM@?$AAM?$AAM?$AA?1?$AAd?$AAd?$AA?1?$AAy?$AAy?$AA?$AA@ 00000001400119b8     LIBCMT:nlsdata.obj
 0002:000019d0       ??_C@_1CI@KNAKOEBC@?$AAd?$AAd?$AAd?$AAd?$AA?0?$AA?5?$AAM?$AAM?$AAM?$AAM?$AA?5?$AAd?$AAd?$AA?0?$AA?5?$AAy?$AAy?$AAy?$AAy?$AA?$AA@ 00000001400119d0     LIBCMT:nlsdata.obj
 0002:000019f8       ??_C@_1BC@GDGBMEMK@?$AAH?$AAH?$AA?3?$AAm?$AAm?$AA?3?$AAs?$AAs?$AA?$AA@ 00000001400119f8     LIBCMT:nlsdata.obj
 0002:00001a10       ??_C@_1M@BMHNFIME@?$AAe?$AAn?$AA?9?$AAU?$AAS?$AA?$AA@ 0000000140011a10     LIBCMT:nlsdata.obj
 0002:00001a20       ??_C@_1BG@GOEBHBDC@?$AAU?$AAS?$AAE?$AAR?$AA3?$AA2?$AA?4?$AAD?$AAL?$AAL?$AA?$AA@ 0000000140011a20     LIBCMT:crtmboxw.obj
 0002:00001a38       ??_C@_0M@DLDCCGNP@MessageBoxW?$AA@ 0000000140011a38     LIBCMT:crtmboxw.obj
 0002:00001a48       ??_C@_0BA@HNOPNCHB@GetActiveWindow?$AA@ 0000000140011a48     LIBCMT:crtmboxw.obj
 0002:00001a58       ??_C@_0BD@HHGDFDBJ@GetLastActivePopup?$AA@ 0000000140011a58     LIBCMT:crtmboxw.obj
 0002:00001a70       ??_C@_0BK@DEKFELLI@GetUserObjectInformationW?$AA@ 0000000140011a70     LIBCMT:crtmboxw.obj
 0002:00001a90       ??_C@_0BI@DFKBFLJE@GetProcessWindowStation?$AA@ 0000000140011a90     LIBCMT:crtmboxw.obj
 0002:00001ab0       __newctype                 0000000140011ab0     LIBCMT:ctype.obj
 0002:00001db0       _wctype                    0000000140011db0     LIBCMT:ctype.obj
 0002:00001fc0       __newclmap                 0000000140011fc0     LIBCMT:ctype.obj
 0002:00002140       __newcumap                 0000000140012140     LIBCMT:ctype.obj
 0002:00002340       ??_C@_06PGGFOGJG@1?$CDSNAN?$AA@ 0000000140012340     LIBCMT:x10fout.obj
 0002:00002348       ??_C@_05PHHOCPM@1?$CDIND?$AA@ 0000000140012348     LIBCMT:x10fout.obj
 0002:00002350       ??_C@_05DNEBIAHO@1?$CDINF?$AA@ 0000000140012350     LIBCMT:x10fout.obj
 0002:00002358       ??_C@_06IMKFLFPG@1?$CDQNAN?$AA@ 0000000140012358     LIBCMT:x10fout.obj
 0002:00002360       LcidToLocaleNameTable      0000000140012360     LIBCMT:winapinls.obj
 0002:000031a0       LocaleNameToIndexTable     00000001400131a0     LIBCMT:winapinls.obj
 0002:00003fe0       ??_C@_15EMKDOKLE@?$AAa?$AAr?$AA?$AA@ 0000000140013fe0     LIBCMT:winapinls.obj
 0002:00003fe8       ??_C@_15KNPADPLH@?$AAb?$AAg?$AA?$AA@ 0000000140013fe8     LIBCMT:winapinls.obj
 0002:00003ff0       ??_C@_15EDMHLDMO@?$AAc?$AAa?$AA?$AA@ 0000000140013ff0     LIBCMT:winapinls.obj
 0002:00003ff8       ??_C@_1O@BPEAJADD@?$AAz?$AAh?$AA?9?$AAC?$AAH?$AAS?$AA?$AA@ 0000000140013ff8     LIBCMT:winapinls.obj
 0002:00004008       ??_C@_15LJNHCMNK@?$AAc?$AAs?$AA?$AA@ 0000000140014008     LIBCMT:winapinls.obj
 0002:00004010       ??_C@_15FOMCIDHG@?$AAd?$AAa?$AA?$AA@ 0000000140014010     LIBCMT:winapinls.obj
 0002:00004018       ??_C@_15NBKABECB@?$AAd?$AAe?$AA?$AA@ 0000000140014018     LIBCMT:winapinls.obj
 0002:00004020       ??_C@_15GHPEIIAO@?$AAe?$AAl?$AA?$AA@ 0000000140014020     LIBCMT:winapinls.obj
 0002:00004028       ??_C@_15MNPNEAIF@?$AAe?$AAn?$AA?$AA@ 0000000140014028     LIBCMT:winapinls.obj
 0002:00004030       ??_C@_15GPIOMPMH@?$AAe?$AAs?$AA?$AA@ 0000000140014030     LIBCMT:winapinls.obj
 0002:00004038       ??_C@_15NGLOAKJC@?$AAf?$AAi?$AA?$AA@ 0000000140014038     LIBCMT:winapinls.obj
 0002:00004040       ??_C@_15FBKGNKAM@?$AAf?$AAr?$AA?$AA@ 0000000140014040     LIBCMT:winapinls.obj
 0002:00004048       ??_C@_15KGGCNEFK@?$AAh?$AAe?$AA?$AA@ 0000000140014048     LIBCMT:winapinls.obj
 0002:00004050       ??_C@_15PGHLIDMF@?$AAh?$AAu?$AA?$AA@ 0000000140014050     LIBCMT:winapinls.obj
 0002:00004058       ??_C@_15BIEMAPLM@?$AAi?$AAs?$AA?$AA@ 0000000140014058     LIBCMT:winapinls.obj
 0002:00004060       ??_C@_15IFJLDHAF@?$AAi?$AAt?$AA?$AA@ 0000000140014060     LIBCMT:winapinls.obj
 0002:00004068       ??_C@_15GEMIOCAG@?$AAj?$AAa?$AA?$AA@ 0000000140014068     LIBCMT:winapinls.obj
 0002:00004070       ??_C@_15EPELEGJA@?$AAk?$AAo?$AA?$AA@ 0000000140014070     LIBCMT:winapinls.obj
 0002:00004078       ??_C@_15NDDHIMN@?$AAn?$AAl?$AA?$AA@ 0000000140014078     LIBCMT:winapinls.obj
 0002:00004080       ??_C@_15BPIGNHCD@?$AAn?$AAo?$AA?$AA@ 0000000140014080     LIBCMT:winapinls.obj
 0002:00004088       ??_C@_15DEOPBLCG@?$AAp?$AAl?$AA?$AA@ 0000000140014088     LIBCMT:winapinls.obj
 0002:00004090       ??_C@_15KBECGEFG@?$AAp?$AAt?$AA?$AA@ 0000000140014090     LIBCMT:winapinls.obj
 0002:00004098       ??_C@_15GLJCBFMD@?$AAr?$AAo?$AA?$AA@ 0000000140014098     LIBCMT:winapinls.obj
 0002:000040a0       ??_C@_15FEDGKCDI@?$AAr?$AAu?$AA?$AA@ 00000001400140a0     LIBCMT:winapinls.obj
 0002:000040a8       ??_C@_15GLKMLLHM@?$AAh?$AAr?$AA?$AA@ 00000001400140a8     LIBCMT:winapinls.obj
 0002:000040b0       ??_C@_15CPKMFBDB@?$AAs?$AAk?$AA?$AA@ 00000001400140b0     LIBCMT:winapinls.obj
 0002:000040b8       ??_C@_15BAAIOGMK@?$AAs?$AAq?$AA?$AA@ 00000001400140b8     LIBCMT:winapinls.obj
 0002:000040c0       ??_C@_15INNPNOHD@?$AAs?$AAv?$AA?$AA@ 00000001400140c0     LIBCMT:winapinls.obj
 0002:000040c8       ??_C@_15CABMMOGH@?$AAt?$AAh?$AA?$AA@ 00000001400140c8     LIBCMT:winapinls.obj
 0002:000040d0       ??_C@_15BPLIHJJM@?$AAt?$AAr?$AA?$AA@ 00000001400140d0     LIBCMT:winapinls.obj
 0002:000040d8       ??_C@_15NEOEKKDJ@?$AAu?$AAr?$AA?$AA@ 00000001400140d8     LIBCMT:winapinls.obj
 0002:000040e0       ??_C@_15NFICGAJK@?$AAi?$AAd?$AA?$AA@ 00000001400140e0     LIBCMT:winapinls.obj
 0002:000040e8       ??_C@_15PJPFLCCM@?$AAu?$AAk?$AA?$AA@ 00000001400140e8     LIBCMT:winapinls.obj
 0002:000040f0       ??_C@_15HPJPHDM@?$AAb?$AAe?$AA?$AA@ 00000001400140f0     LIBCMT:winapinls.obj
 0002:000040f8       ??_C@_15LCHLGJII@?$AAs?$AAl?$AA?$AA@ 00000001400140f8     LIBCMT:winapinls.obj
 0002:00004100       ??_C@_15PCFJPHHO@?$AAe?$AAt?$AA?$AA@ 0000000140014100     LIBCMT:winapinls.obj
 0002:00004108       ??_C@_15HPFPGODN@?$AAl?$AAv?$AA?$AA@ 0000000140014108     LIBCMT:winapinls.obj
 0002:00004110       ??_C@_15NFFGKGLG@?$AAl?$AAt?$AA?$AA@ 0000000140014110     LIBCMT:winapinls.obj
 0002:00004118       ??_C@_15BDAKCCHN@?$AAf?$AAa?$AA?$AA@ 0000000140014118     LIBCMT:winapinls.obj
 0002:00004120       ??_C@_15NFGIAIAJ@?$AAv?$AAi?$AA?$AA@ 0000000140014120     LIBCMT:winapinls.obj
 0002:00004128       ??_C@_15LMKNDMHN@?$AAh?$AAy?$AA?$AA@ 0000000140014128     LIBCMT:winapinls.obj
 0002:00004130       ??_C@_15IJBHMCFL@?$AAa?$AAz?$AA?$AA@ 0000000140014130     LIBCMT:winapinls.obj
 0002:00004138       ??_C@_15EKOFJABL@?$AAe?$AAu?$AA?$AA@ 0000000140014138     LIBCMT:winapinls.obj
 0002:00004140       ??_C@_15BGHADCNK@?$AAm?$AAk?$AA?$AA@ 0000000140014140     LIBCMT:winapinls.obj
 0002:00004148       ??_C@_15JDNICKHM@?$AAa?$AAf?$AA?$AA@ 0000000140014148     LIBCMT:winapinls.obj
 0002:00004150       ??_C@_15KPJEDBKD@?$AAk?$AAa?$AA?$AA@ 0000000140014150     LIBCMT:winapinls.obj
 0002:00004158       ??_C@_15PDNFFFEO@?$AAf?$AAo?$AA?$AA@ 0000000140014158     LIBCMT:winapinls.obj
 0002:00004160       ??_C@_15OMLEGLOC@?$AAh?$AAi?$AA?$AA@ 0000000140014160     LIBCMT:winapinls.obj
 0002:00004168       ??_C@_15IDNNENKK@?$AAm?$AAs?$AA?$AA@ 0000000140014168     LIBCMT:winapinls.obj
 0002:00004170       ??_C@_15MACJNBMH@?$AAk?$AAk?$AA?$AA@ 0000000140014170     LIBCMT:winapinls.obj
 0002:00004178       ??_C@_15DKDJEOND@?$AAk?$AAy?$AA?$AA@ 0000000140014178     LIBCMT:winapinls.obj
 0002:00004180       ??_C@_15DFGDLJBG@?$AAs?$AAw?$AA?$AA@ 0000000140014180     LIBCMT:winapinls.obj
 0002:00004188       ??_C@_15BBFAICNG@?$AAu?$AAz?$AA?$AA@ 0000000140014188     LIBCMT:winapinls.obj
 0002:00004190       ??_C@_15DKNDCGEA@?$AAt?$AAt?$AA?$AA@ 0000000140014190     LIBCMT:winapinls.obj
 0002:00004198       ??_C@_15MGIFMDPL@?$AAp?$AAa?$AA?$AA@ 0000000140014198     LIBCMT:winapinls.obj
 0002:000041a0       ??_C@_15HCNDBBA@?$AAg?$AAu?$AA?$AA@ 00000001400141a0     LIBCMT:winapinls.obj
 0002:000041a8       ??_C@_15FNBEIBON@?$AAt?$AAa?$AA?$AA@ 00000001400141a8     LIBCMT:winapinls.obj
 0002:000041b0       ??_C@_15NCHGBGLK@?$AAt?$AAe?$AA?$AA@ 00000001400141b0     LIBCMT:winapinls.obj
 0002:000041b8       ??_C@_15PHPHCBPF@?$AAk?$AAn?$AA?$AA@ 00000001400141b8     LIBCMT:winapinls.obj
 0002:000041c0       ??_C@_15DLGBCKMP@?$AAm?$AAr?$AA?$AA@ 00000001400141c0     LIBCMT:winapinls.obj
 0002:000041c8       ??_C@_15EABBLBFF@?$AAs?$AAa?$AA?$AA@ 00000001400141c8     LIBCMT:winapinls.obj
 0002:000041d0       ??_C@_15CBKOMCOI@?$AAm?$AAn?$AA?$AA@ 00000001400141d0     LIBCMT:winapinls.obj
 0002:000041d8       ??_C@_15CKDMCJAF@?$AAg?$AAl?$AA?$AA@ 00000001400141d8     LIBCMT:winapinls.obj
 0002:000041e0       ??_C@_17CNJFBPG@?$AAk?$AAo?$AAk?$AA?$AA@ 00000001400141e0     LIBCMT:winapinls.obj
 0002:000041e8       ??_C@_17FFBJICPL@?$AAs?$AAy?$AAr?$AA?$AA@ 00000001400141e8     LIBCMT:winapinls.obj
 0002:000041f0       ??_C@_17KPNDCPAF@?$AAd?$AAi?$AAv?$AA?$AA@ 00000001400141f0     LIBCMT:winapinls.obj
 0002:000041f8       ??_C@_11LOCGONAA@?$AA?$AA@ 00000001400141f8     LIBCMT:winapinls.obj
 0002:00004200       ??_C@_1M@OKAHONE@?$AAa?$AAr?$AA?9?$AAS?$AAA?$AA?$AA@ 0000000140014200     LIBCMT:winapinls.obj
 0002:00004210       ??_C@_1M@FFFIGIGK@?$AAb?$AAg?$AA?9?$AAB?$AAG?$AA?$AA@ 0000000140014210     LIBCMT:winapinls.obj
 0002:00004220       ??_C@_1M@BJNKEDC@?$AAc?$AAa?$AA?9?$AAE?$AAS?$AA?$AA@ 0000000140014220     LIBCMT:winapinls.obj
 0002:00004230       ??_C@_1M@IJJHFJHA@?$AAc?$AAs?$AA?9?$AAC?$AAZ?$AA?$AA@ 0000000140014230     LIBCMT:winapinls.obj
 0002:00004240       ??_C@_1M@CLPEOBGI@?$AAd?$AAa?$AA?9?$AAD?$AAK?$AA?$AA@ 0000000140014240     LIBCMT:winapinls.obj
 0002:00004250       ??_C@_1M@MCMADGCB@?$AAd?$AAe?$AA?9?$AAD?$AAE?$AA?$AA@ 0000000140014250     LIBCMT:winapinls.obj
 0002:00004260       ??_C@_1M@OOCKEMAM@?$AAe?$AAl?$AA?9?$AAG?$AAR?$AA?$AA@ 0000000140014260     LIBCMT:winapinls.obj
 0002:00004270       ??_C@_1M@DDNJFGID@?$AAf?$AAi?$AA?9?$AAF?$AAI?$AA?$AA@ 0000000140014270     LIBCMT:winapinls.obj
 0002:00004280       ??_C@_1M@GLIPPMAC@?$AAf?$AAr?$AA?9?$AAF?$AAR?$AA?$AA@ 0000000140014280     LIBCMT:winapinls.obj
 0002:00004290       ??_C@_1M@GFMCHPE@?$AAh?$AAe?$AA?9?$AAI?$AAL?$AA?$AA@ 0000000140014290     LIBCMT:winapinls.obj
 0002:000042a0       ??_C@_1M@MHLPGNKM@?$AAh?$AAu?$AA?9?$AAH?$AAU?$AA?$AA@ 00000001400142a0     LIBCMT:winapinls.obj
 0002:000042b0       ??_C@_1M@LPDDNNPN@?$AAi?$AAs?$AA?9?$AAI?$AAS?$AA?$AA@ 00000001400142b0     LIBCMT:winapinls.obj
 0002:000042c0       ??_C@_1M@MADIPODN@?$AAi?$AAt?$AA?9?$AAI?$AAT?$AA?$AA@ 00000001400142c0     LIBCMT:winapinls.obj
 0002:000042d0       ??_C@_1M@IHBJJGG@?$AAn?$AAl?$AA?9?$AAN?$AAL?$AA?$AA@ 00000001400142d0     LIBCMT:winapinls.obj
 0002:000042e0       ??_C@_1M@EANAGDL@?$AAn?$AAb?$AA?9?$AAN?$AAO?$AA?$AA@ 00000001400142e0     LIBCMT:winapinls.obj
 0002:000042f0       ??_C@_1M@NEIEMEGP@?$AAp?$AAl?$AA?9?$AAP?$AAL?$AA?$AA@ 00000001400142f0     LIBCMT:winapinls.obj
 0002:00004300       ??_C@_1M@BOCFIGEP@?$AAp?$AAt?$AA?9?$AAB?$AAR?$AA?$AA@ 0000000140014300     LIBCMT:winapinls.obj
 0002:00004310       ??_C@_1M@IMPFOPBG@?$AAr?$AAo?$AA?9?$AAR?$AAO?$AA?$AA@ 0000000140014310     LIBCMT:winapinls.obj
 0002:00004320       ??_C@_1M@IDNNEJMM@?$AAr?$AAu?$AA?9?$AAR?$AAU?$AA?$AA@ 0000000140014320     LIBCMT:winapinls.obj
 0002:00004330       ??_C@_1M@LILEEOGM@?$AAh?$AAr?$AA?9?$AAH?$AAR?$AA?$AA@ 0000000140014330     LIBCMT:winapinls.obj
 0002:00004340       ??_C@_1M@FKIFEHPB@?$AAs?$AAk?$AA?9?$AAS?$AAK?$AA?$AA@ 0000000140014340     LIBCMT:winapinls.obj
 0002:00004350       ??_C@_1M@LJMAMNPJ@?$AAs?$AAq?$AA?9?$AAA?$AAL?$AA?$AA@ 0000000140014350     LIBCMT:winapinls.obj
 0002:00004360       ??_C@_1M@GIAKDKJK@?$AAs?$AAv?$AA?9?$AAS?$AAE?$AA?$AA@ 0000000140014360     LIBCMT:winapinls.obj
 0002:00004370       ??_C@_1M@MKJKIKCL@?$AAt?$AAh?$AA?9?$AAT?$AAH?$AA?$AA@ 0000000140014370     LIBCMT:winapinls.obj
 0002:00004380       ??_C@_1M@MFLCCMPB@?$AAt?$AAr?$AA?9?$AAT?$AAR?$AA?$AA@ 0000000140014380     LIBCMT:winapinls.obj
 0002:00004390       ??_C@_1M@OIJHDKJN@?$AAu?$AAr?$AA?9?$AAP?$AAK?$AA?$AA@ 0000000140014390     LIBCMT:winapinls.obj
 0002:000043a0       ??_C@_1M@LHIPCIEK@?$AAi?$AAd?$AA?9?$AAI?$AAD?$AA?$AA@ 00000001400143a0     LIBCMT:winapinls.obj
 0002:000043b0       ??_C@_1M@MFMOBGI@?$AAu?$AAk?$AA?9?$AAU?$AAA?$AA?$AA@ 00000001400143b0     LIBCMT:winapinls.obj
 0002:000043c0       ??_C@_1M@OBGLJIPL@?$AAb?$AAe?$AA?9?$AAB?$AAY?$AA?$AA@ 00000001400143c0     LIBCMT:winapinls.obj
 0002:000043d0       ??_C@_1M@BCFAJEAD@?$AAs?$AAl?$AA?9?$AAS?$AAI?$AA?$AA@ 00000001400143d0     LIBCMT:winapinls.obj
 0002:000043e0       ??_C@_1M@FKFFEDDN@?$AAe?$AAt?$AA?9?$AAE?$AAE?$AA?$AA@ 00000001400143e0     LIBCMT:winapinls.obj
 0002:000043f0       ??_C@_1M@KGKKAACI@?$AAl?$AAv?$AA?9?$AAL?$AAV?$AA?$AA@ 00000001400143f0     LIBCMT:winapinls.obj
 0002:00004400       ??_C@_1M@IFGBIJO@?$AAl?$AAt?$AA?9?$AAL?$AAT?$AA?$AA@ 0000000140014400     LIBCMT:winapinls.obj
 0002:00004410       ??_C@_1M@FGEAHEDM@?$AAf?$AAa?$AA?9?$AAI?$AAR?$AA?$AA@ 0000000140014410     LIBCMT:winapinls.obj
 0002:00004420       ??_C@_1M@KBMAIBFN@?$AAv?$AAi?$AA?9?$AAV?$AAN?$AA?$AA@ 0000000140014420     LIBCMT:winapinls.obj
 0002:00004430       ??_C@_1M@GPCBKDJK@?$AAh?$AAy?$AA?9?$AAA?$AAM?$AA?$AA@ 0000000140014430     LIBCMT:winapinls.obj
 0002:00004440       ??_C@_1BG@BECMDDJB@?$AAa?$AAz?$AA?9?$AAA?$AAZ?$AA?9?$AAL?$AAa?$AAt?$AAn?$AA?$AA@ 0000000140014440     LIBCMT:winapinls.obj
 0002:00004458       ??_C@_1M@MAOFCAEA@?$AAe?$AAu?$AA?9?$AAE?$AAS?$AA?$AA@ 0000000140014458     LIBCMT:winapinls.obj
 0002:00004468       ??_C@_1M@IGHABKPI@?$AAm?$AAk?$AA?9?$AAM?$AAK?$AA?$AA@ 0000000140014468     LIBCMT:winapinls.obj
 0002:00004478       ??_C@_1M@IAIGNEJG@?$AAt?$AAn?$AA?9?$AAZ?$AAA?$AA?$AA@ 0000000140014478     LIBCMT:winapinls.obj
 0002:00004488       ??_C@_1M@IIJCOJFA@?$AAx?$AAh?$AA?9?$AAZ?$AAA?$AA?$AA@ 0000000140014488     LIBCMT:winapinls.obj
 0002:00004498       ??_C@_1M@LGPJHNJH@?$AAz?$AAu?$AA?9?$AAZ?$AAA?$AA?$AA@ 0000000140014498     LIBCMT:winapinls.obj
 0002:000044a8       ??_C@_1M@HOKAOIO@?$AAa?$AAf?$AA?9?$AAZ?$AAA?$AA?$AA@ 00000001400144a8     LIBCMT:winapinls.obj
 0002:000044b8       ??_C@_1M@DPCLHLIE@?$AAk?$AAa?$AA?9?$AAG?$AAE?$AA?$AA@ 00000001400144b8     LIBCMT:winapinls.obj
 0002:000044c8       ??_C@_1M@BLKMHJBI@?$AAf?$AAo?$AA?9?$AAF?$AAO?$AA?$AA@ 00000001400144c8     LIBCMT:winapinls.obj
 0002:000044d8       ??_C@_1M@LGGJAPPB@?$AAh?$AAi?$AA?9?$AAI?$AAN?$AA?$AA@ 00000001400144d8     LIBCMT:winapinls.obj
 0002:000044e8       ??_C@_1M@FIKPIHFE@?$AAm?$AAt?$AA?9?$AAM?$AAT?$AA?$AA@ 00000001400144e8     LIBCMT:winapinls.obj
 0002:000044f8       ??_C@_1M@HEGGPBFA@?$AAs?$AAe?$AA?9?$AAN?$AAO?$AA?$AA@ 00000001400144f8     LIBCMT:winapinls.obj
 0002:00004508       ??_C@_1M@EIBJEEPA@?$AAm?$AAs?$AA?9?$AAM?$AAY?$AA?$AA@ 0000000140014508     LIBCMT:winapinls.obj
 0002:00004518       ??_C@_1M@FHLBGMPP@?$AAk?$AAk?$AA?9?$AAK?$AAZ?$AA?$AA@ 0000000140014518     LIBCMT:winapinls.obj
 0002:00004528       ??_C@_1M@NGJJLCGI@?$AAk?$AAy?$AA?9?$AAK?$AAG?$AA?$AA@ 0000000140014528     LIBCMT:winapinls.obj
 0002:00004538       ??_C@_1M@GIENNBFC@?$AAs?$AAw?$AA?9?$AAK?$AAE?$AA?$AA@ 0000000140014538     LIBCMT:winapinls.obj
 0002:00004548       ??_C@_1BG@NDGMJIMJ@?$AAu?$AAz?$AA?9?$AAU?$AAZ?$AA?9?$AAL?$AAa?$AAt?$AAn?$AA?$AA@ 0000000140014548     LIBCMT:winapinls.obj
 0002:00004560       ??_C@_1M@IDCCIHBC@?$AAt?$AAt?$AA?9?$AAR?$AAU?$AA?$AA@ 0000000140014560     LIBCMT:winapinls.obj
 0002:00004570       ??_C@_1M@LOICPMOJ@?$AAb?$AAn?$AA?9?$AAI?$AAN?$AA?$AA@ 0000000140014570     LIBCMT:winapinls.obj
 0002:00004580       ??_C@_1M@KPKKNEAH@?$AAp?$AAa?$AA?9?$AAI?$AAN?$AA?$AA@ 0000000140014580     LIBCMT:winapinls.obj
 0002:00004590       ??_C@_1M@PJGPPBOG@?$AAg?$AAu?$AA?9?$AAI?$AAN?$AA?$AA@ 0000000140014590     LIBCMT:winapinls.obj
 0002:000045a0       ??_C@_1M@KMKMOPHI@?$AAt?$AAa?$AA?9?$AAI?$AAN?$AA?$AA@ 00000001400145a0     LIBCMT:winapinls.obj
 0002:000045b0       ??_C@_1M@KFEHEPAC@?$AAt?$AAe?$AA?9?$AAI?$AAN?$AA?$AA@ 00000001400145b0     LIBCMT:winapinls.obj
 0002:000045c0       ??_C@_1M@CDCLMGHI@?$AAk?$AAn?$AA?9?$AAI?$AAN?$AA?$AA@ 00000001400145c0     LIBCMT:winapinls.obj
 0002:000045d0       ??_C@_1M@MIODLDKF@?$AAm?$AAl?$AA?9?$AAI?$AAN?$AA?$AA@ 00000001400145d0     LIBCMT:winapinls.obj
 0002:000045e0       ??_C@_1M@PBIEACPO@?$AAm?$AAr?$AA?9?$AAI?$AAN?$AA?$AA@ 00000001400145e0     LIBCMT:winapinls.obj
 0002:000045f0       ??_C@_1M@NIDEAGPH@?$AAs?$AAa?$AA?9?$AAI?$AAN?$AA?$AA@ 00000001400145f0     LIBCMT:winapinls.obj
 0002:00004600       ??_C@_1M@FHIHCBIO@?$AAm?$AAn?$AA?9?$AAM?$AAN?$AA?$AA@ 0000000140014600     LIBCMT:winapinls.obj
 0002:00004610       ??_C@_1M@JAIJPENP@?$AAc?$AAy?$AA?9?$AAG?$AAB?$AA?$AA@ 0000000140014610     LIBCMT:winapinls.obj
 0002:00004620       ??_C@_1M@PHGFBEPN@?$AAg?$AAl?$AA?9?$AAE?$AAS?$AA?$AA@ 0000000140014620     LIBCMT:winapinls.obj
 0002:00004630       ??_C@_1O@KPIPDNCP@?$AAk?$AAo?$AAk?$AA?9?$AAI?$AAN?$AA?$AA@ 0000000140014630     LIBCMT:winapinls.obj
 0002:00004640       ??_C@_1O@KNHJLDJA@?$AAs?$AAy?$AAr?$AA?9?$AAS?$AAY?$AA?$AA@ 0000000140014640     LIBCMT:winapinls.obj
 0002:00004650       ??_C@_1O@MKEKBLAH@?$AAd?$AAi?$AAv?$AA?9?$AAM?$AAV?$AA?$AA@ 0000000140014650     LIBCMT:winapinls.obj
 0002:00004660       ??_C@_1O@OHDCKDDF@?$AAq?$AAu?$AAz?$AA?9?$AAB?$AAO?$AA?$AA@ 0000000140014660     LIBCMT:winapinls.obj
 0002:00004670       ??_C@_1M@LEPJNLFD@?$AAn?$AAs?$AA?9?$AAZ?$AAA?$AA?$AA@ 0000000140014670     LIBCMT:winapinls.obj
 0002:00004680       ??_C@_1M@OMLEIIJB@?$AAm?$AAi?$AA?9?$AAN?$AAZ?$AA?$AA@ 0000000140014680     LIBCMT:winapinls.obj
 0002:00004690       ??_C@_1M@PMPEAILG@?$AAa?$AAr?$AA?9?$AAI?$AAQ?$AA?$AA@ 0000000140014690     LIBCMT:winapinls.obj
 0002:000046a0       ??_C@_1M@CNKPNOEE@?$AAd?$AAe?$AA?9?$AAC?$AAH?$AA?$AA@ 00000001400146a0     LIBCMT:winapinls.obj
 0002:000046b0       ??_C@_1M@LKMGMLKO@?$AAe?$AAn?$AA?9?$AAG?$AAB?$AA?$AA@ 00000001400146b0     LIBCMT:winapinls.obj
 0002:000046c0       ??_C@_1M@PGKJFFGL@?$AAe?$AAs?$AA?9?$AAM?$AAX?$AA?$AA@ 00000001400146c0     LIBCMT:winapinls.obj
 0002:000046d0       ??_C@_1M@DNNANBDC@?$AAf?$AAr?$AA?9?$AAB?$AAE?$AA?$AA@ 00000001400146d0     LIBCMT:winapinls.obj
 0002:000046e0       ??_C@_1M@HLGMDFHM@?$AAi?$AAt?$AA?9?$AAC?$AAH?$AA?$AA@ 00000001400146e0     LIBCMT:winapinls.obj
 0002:000046f0       ??_C@_1M@CLLBGJH@?$AAn?$AAl?$AA?9?$AAB?$AAE?$AA?$AA@ 00000001400146f0     LIBCMT:winapinls.obj
 0002:00004700       ??_C@_1M@BODBOGLF@?$AAn?$AAn?$AA?9?$AAN?$AAO?$AA?$AA@ 0000000140014700     LIBCMT:winapinls.obj
 0002:00004710       ??_C@_1M@HFFAHKAD@?$AAp?$AAt?$AA?9?$AAP?$AAT?$AA?$AA@ 0000000140014710     LIBCMT:winapinls.obj
 0002:00004720       ??_C@_1BG@LNOAKHIE@?$AAs?$AAr?$AA?9?$AAS?$AAP?$AA?9?$AAL?$AAa?$AAt?$AAn?$AA?$AA@ 0000000140014720     LIBCMT:winapinls.obj
 0002:00004738       ??_C@_1M@HBMHBGAK@?$AAs?$AAv?$AA?9?$AAF?$AAI?$AA?$AA@ 0000000140014738     LIBCMT:winapinls.obj
 0002:00004748       ??_C@_1BG@DGCJGJBE@?$AAa?$AAz?$AA?9?$AAA?$AAZ?$AA?9?$AAC?$AAy?$AAr?$AAl?$AA?$AA@ 0000000140014748     LIBCMT:winapinls.obj
 0002:00004760       ??_C@_1M@KEJDAAHB@?$AAs?$AAe?$AA?9?$AAS?$AAE?$AA?$AA@ 0000000140014760     LIBCMT:winapinls.obj
 0002:00004770       ??_C@_1M@HEIBJJAD@?$AAm?$AAs?$AA?9?$AAB?$AAN?$AA?$AA@ 0000000140014770     LIBCMT:winapinls.obj
 0002:00004780       ??_C@_1BG@PBGJMCEM@?$AAu?$AAz?$AA?9?$AAU?$AAZ?$AA?9?$AAC?$AAy?$AAr?$AAl?$AA?$AA@ 0000000140014780     LIBCMT:winapinls.obj
 0002:00004798       ??_C@_1O@LAOBCMDF@?$AAq?$AAu?$AAz?$AA?9?$AAE?$AAC?$AA?$AA@ 0000000140014798     LIBCMT:winapinls.obj
 0002:000047a8       ??_C@_1M@POEEMAIO@?$AAa?$AAr?$AA?9?$AAE?$AAG?$AA?$AA@ 00000001400147a8     LIBCMT:winapinls.obj
 0002:000047b8       ??_C@_1M@EFAKDEDL@?$AAz?$AAh?$AA?9?$AAH?$AAK?$AA?$AA@ 00000001400147b8     LIBCMT:winapinls.obj
 0002:000047c8       ??_C@_1M@HKKIJHGI@?$AAd?$AAe?$AA?9?$AAA?$AAT?$AA?$AA@ 00000001400147c8     LIBCMT:winapinls.obj
 0002:000047d8       ??_C@_1M@KBFBEHJF@?$AAe?$AAn?$AA?9?$AAA?$AAU?$AA?$AA@ 00000001400147d8     LIBCMT:winapinls.obj
 0002:000047e8       ??_C@_1M@MNPLFAAH@?$AAe?$AAs?$AA?9?$AAE?$AAS?$AA?$AA@ 00000001400147e8     LIBCMT:winapinls.obj
 0002:000047f8       ??_C@_1M@HJOOJFMA@?$AAf?$AAr?$AA?9?$AAC?$AAA?$AA?$AA@ 00000001400147f8     LIBCMT:winapinls.obj
 0002:00004808       ??_C@_1BG@JPOFPNAB@?$AAs?$AAr?$AA?9?$AAS?$AAP?$AA?9?$AAC?$AAy?$AAr?$AAl?$AA?$AA@ 0000000140014808     LIBCMT:winapinls.obj
 0002:00004820       ??_C@_1M@LNFOCMOB@?$AAs?$AAe?$AA?9?$AAF?$AAI?$AA?$AA@ 0000000140014820     LIBCMT:winapinls.obj
 0002:00004830       ??_C@_1O@MGJBOAMB@?$AAq?$AAu?$AAz?$AA?9?$AAP?$AAE?$AA?$AA@ 0000000140014830     LIBCMT:winapinls.obj
 0002:00004840       ??_C@_1M@GJINLBOK@?$AAa?$AAr?$AA?9?$AAL?$AAY?$AA?$AA@ 0000000140014840     LIBCMT:winapinls.obj
 0002:00004850       ??_C@_1M@GGMNHJNL@?$AAz?$AAh?$AA?9?$AAS?$AAG?$AA?$AA@ 0000000140014850     LIBCMT:winapinls.obj
 0002:00004860       ??_C@_1M@HOIKODND@?$AAd?$AAe?$AA?9?$AAL?$AAU?$AA?$AA@ 0000000140014860     LIBCMT:winapinls.obj
 0002:00004870       ??_C@_1M@DDOCCGFG@?$AAe?$AAn?$AA?9?$AAC?$AAA?$AA?$AA@ 0000000140014870     LIBCMT:winapinls.obj
 0002:00004880       ??_C@_1M@BNOEMJLF@?$AAe?$AAs?$AA?9?$AAG?$AAT?$AA?$AA@ 0000000140014880     LIBCMT:winapinls.obj
 0002:00004890       ??_C@_1M@EOGNKEK@?$AAf?$AAr?$AA?9?$AAC?$AAH?$AA?$AA@ 0000000140014890     LIBCMT:winapinls.obj
 0002:000048a0       ??_C@_1M@FLIDJFHL@?$AAh?$AAr?$AA?9?$AAB?$AAA?$AA?$AA@ 00000001400148a0     LIBCMT:winapinls.obj
 0002:000048b0       ??_C@_1O@FMCELNAJ@?$AAs?$AAm?$AAj?$AA?9?$AAN?$AAO?$AA?$AA@ 00000001400148b0     LIBCMT:winapinls.obj
 0002:000048c0       ??_C@_1M@JHGLJMGJ@?$AAa?$AAr?$AA?9?$AAD?$AAZ?$AA?$AA@ 00000001400148c0     LIBCMT:winapinls.obj
 0002:000048d0       ??_C@_1M@JKKFDCNP@?$AAz?$AAh?$AA?9?$AAM?$AAO?$AA?$AA@ 00000001400148d0     LIBCMT:winapinls.obj
 0002:000048e0       ??_C@_1M@GEEFALPE@?$AAd?$AAe?$AA?9?$AAL?$AAI?$AA?$AA@ 00000001400148e0     LIBCMT:winapinls.obj
 0002:000048f0       ??_C@_1M@IGEOFBG@?$AAe?$AAn?$AA?9?$AAN?$AAZ?$AA?$AA@ 00000001400148f0     LIBCMT:winapinls.obj
 0002:00004900       ??_C@_1M@KDBONEHP@?$AAe?$AAs?$AA?9?$AAC?$AAR?$AA?$AA@ 0000000140014900     LIBCMT:winapinls.obj
 0002:00004910       ??_C@_1M@FHMDOHNN@?$AAf?$AAr?$AA?9?$AAL?$AAU?$AA?$AA@ 0000000140014910     LIBCMT:winapinls.obj
 0002:00004920       ??_C@_1BG@NFKKMAFG@?$AAb?$AAs?$AA?9?$AAB?$AAA?$AA?9?$AAL?$AAa?$AAt?$AAn?$AA?$AA@ 0000000140014920     LIBCMT:winapinls.obj
 0002:00004938       ??_C@_1O@IMNBEMCI@?$AAs?$AAm?$AAj?$AA?9?$AAS?$AAE?$AA?$AA@ 0000000140014938     LIBCMT:winapinls.obj
 0002:00004948       ??_C@_1M@DHHMBNDP@?$AAa?$AAr?$AA?9?$AAM?$AAA?$AA?$AA@ 0000000140014948     LIBCMT:winapinls.obj
 0002:00004958       ??_C@_1M@BNBLJCGH@?$AAe?$AAn?$AA?9?$AAI?$AAE?$AA?$AA@ 0000000140014958     LIBCMT:winapinls.obj
 0002:00004968       ??_C@_1M@GEPAFMDL@?$AAe?$AAs?$AA?9?$AAP?$AAA?$AA?$AA@ 0000000140014968     LIBCMT:winapinls.obj
 0002:00004978       ??_C@_1M@OJONDMDL@?$AAf?$AAr?$AA?9?$AAM?$AAC?$AA?$AA@ 0000000140014978     LIBCMT:winapinls.obj
 0002:00004988       ??_C@_1BG@OBCNFJB@?$AAs?$AAr?$AA?9?$AAB?$AAA?$AA?9?$AAL?$AAa?$AAt?$AAn?$AA?$AA@ 0000000140014988     LIBCMT:winapinls.obj
 0002:000049a0       ??_C@_1O@KEMEEGPO@?$AAs?$AAm?$AAa?$AA?9?$AAN?$AAO?$AA?$AA@ 00000001400149a0     LIBCMT:winapinls.obj
 0002:000049b0       ??_C@_1M@ELMGFODK@?$AAa?$AAr?$AA?9?$AAT?$AAN?$AA?$AA@ 00000001400149b0     LIBCMT:winapinls.obj
 0002:000049c0       ??_C@_1M@BHDLHFAF@?$AAe?$AAn?$AA?9?$AAZ?$AAA?$AA?$AA@ 00000001400149c0     LIBCMT:winapinls.obj
 0002:000049d0       ??_C@_1M@BMGIGLIF@?$AAe?$AAs?$AA?9?$AAD?$AAO?$AA?$AA@ 00000001400149d0     LIBCMT:winapinls.obj
 0002:000049e0       ??_C@_1BG@CMBHIPBE@?$AAs?$AAr?$AA?9?$AAB?$AAA?$AA?9?$AAC?$AAy?$AAr?$AAl?$AA?$AA@ 00000001400149e0     LIBCMT:winapinls.obj
 0002:000049f8       ??_C@_1O@HEDBLHNP@?$AAs?$AAm?$AAa?$AA?9?$AAS?$AAE?$AA?$AA@ 00000001400149f8     LIBCMT:winapinls.obj
 0002:00004a08       ??_C@_1M@DAGCADIM@?$AAa?$AAr?$AA?9?$AAO?$AAM?$AA?$AA@ 0000000140014a08     LIBCMT:winapinls.obj
 0002:00004a18       ??_C@_1M@FODLMICG@?$AAe?$AAn?$AA?9?$AAJ?$AAM?$AA?$AA@ 0000000140014a18     LIBCMT:winapinls.obj
 0002:00004a28       ??_C@_1M@DNMLCIHB@?$AAe?$AAs?$AA?9?$AAV?$AAE?$AA?$AA@ 0000000140014a28     LIBCMT:winapinls.obj
 0002:00004a38       ??_C@_1O@EOKHMKJK@?$AAs?$AAm?$AAs?$AA?9?$AAF?$AAI?$AA?$AA@ 0000000140014a38     LIBCMT:winapinls.obj
 0002:00004a48       ??_C@_1M@CAFJMKOF@?$AAa?$AAr?$AA?9?$AAY?$AAE?$AA?$AA@ 0000000140014a48     LIBCMT:winapinls.obj
 0002:00004a58       ??_C@_1M@CBFHIJLI@?$AAe?$AAn?$AA?9?$AAC?$AAB?$AA?$AA@ 0000000140014a58     LIBCMT:winapinls.obj
 0002:00004a68       ??_C@_1M@BGNFLDN@?$AAe?$AAs?$AA?9?$AAC?$AAO?$AA?$AA@ 0000000140014a68     LIBCMT:winapinls.obj
 0002:00004a78       ??_C@_1O@JMPHMAMC@?$AAs?$AAm?$AAn?$AA?9?$AAF?$AAI?$AA?$AA@ 0000000140014a78     LIBCMT:winapinls.obj
 0002:00004a88       ??_C@_1M@JLANABKE@?$AAa?$AAr?$AA?9?$AAS?$AAY?$AA?$AA@ 0000000140014a88     LIBCMT:winapinls.obj
 0002:00004a98       ??_C@_1M@HPKGCFGN@?$AAe?$AAn?$AA?9?$AAB?$AAZ?$AA?$AA@ 0000000140014a98     LIBCMT:winapinls.obj
 0002:00004aa8       ??_C@_1M@OLJCMLGM@?$AAe?$AAs?$AA?9?$AAP?$AAE?$AA?$AA@ 0000000140014aa8     LIBCMT:winapinls.obj
 0002:00004ab8       ??_C@_1M@MKKGFKLE@?$AAa?$AAr?$AA?9?$AAJ?$AAO?$AA?$AA@ 0000000140014ab8     LIBCMT:winapinls.obj
 0002:00004ac8       ??_C@_1M@EKPGLDNI@?$AAe?$AAn?$AA?9?$AAT?$AAT?$AA?$AA@ 0000000140014ac8     LIBCMT:winapinls.obj
 0002:00004ad8       ??_C@_1M@OONGHFHE@?$AAe?$AAs?$AA?9?$AAA?$AAR?$AA?$AA@ 0000000140014ad8     LIBCMT:winapinls.obj
 0002:00004ae8       ??_C@_1M@OOJFGBHE@?$AAa?$AAr?$AA?9?$AAL?$AAB?$AA?$AA@ 0000000140014ae8     LIBCMT:winapinls.obj
 0002:00004af8       ??_C@_1M@GCEJHNEG@?$AAe?$AAn?$AA?9?$AAZ?$AAW?$AA?$AA@ 0000000140014af8     LIBCMT:winapinls.obj
 0002:00004b08       ??_C@_1M@JNOCAHJI@?$AAe?$AAs?$AA?9?$AAE?$AAC?$AA?$AA@ 0000000140014b08     LIBCMT:winapinls.obj
 0002:00004b18       ??_C@_1M@JEFHPGGB@?$AAa?$AAr?$AA?9?$AAK?$AAW?$AA?$AA@ 0000000140014b18     LIBCMT:winapinls.obj
 0002:00004b28       ??_C@_1M@MLKIBJOJ@?$AAe?$AAn?$AA?9?$AAP?$AAH?$AA?$AA@ 0000000140014b28     LIBCMT:winapinls.obj
 0002:00004b38       ??_C@_1M@BDNIPEND@?$AAe?$AAs?$AA?9?$AAC?$AAL?$AA?$AA@ 0000000140014b38     LIBCMT:winapinls.obj
 0002:00004b48       ??_C@_1M@MPNMEKBD@?$AAa?$AAr?$AA?9?$AAA?$AAE?$AA?$AA@ 0000000140014b48     LIBCMT:winapinls.obj
 0002:00004b58       ??_C@_1M@KBJALCPI@?$AAe?$AAs?$AA?9?$AAU?$AAY?$AA?$AA@ 0000000140014b58     LIBCMT:winapinls.obj
 0002:00004b68       ??_C@_1M@LLCCOAGA@?$AAa?$AAr?$AA?9?$AAB?$AAH?$AA?$AA@ 0000000140014b68     LIBCMT:winapinls.obj
 0002:00004b78       ??_C@_1M@PBFNCDEL@?$AAe?$AAs?$AA?9?$AAP?$AAY?$AA?$AA@ 0000000140014b78     LIBCMT:winapinls.obj
 0002:00004b88       ??_C@_1M@EDGINPNP@?$AAa?$AAr?$AA?9?$AAQ?$AAA?$AA?$AA@ 0000000140014b88     LIBCMT:winapinls.obj
 0002:00004b98       ??_C@_1M@MKDBIIJI@?$AAe?$AAs?$AA?9?$AAB?$AAO?$AA?$AA@ 0000000140014b98     LIBCMT:winapinls.obj
 0002:00004ba8       ??_C@_1M@CPKKEBLD@?$AAe?$AAs?$AA?9?$AAS?$AAV?$AA?$AA@ 0000000140014ba8     LIBCMT:winapinls.obj
 0002:00004bb8       ??_C@_1M@NDBGMMJL@?$AAe?$AAs?$AA?9?$AAH?$AAN?$AA?$AA@ 0000000140014bb8     LIBCMT:winapinls.obj
 0002:00004bc8       ??_C@_1M@JIJIBHDP@?$AAe?$AAs?$AA?9?$AAN?$AAI?$AA?$AA@ 0000000140014bc8     LIBCMT:winapinls.obj
 0002:00004bd8       ??_C@_1M@CGFMKEEK@?$AAe?$AAs?$AA?9?$AAP?$AAR?$AA?$AA@ 0000000140014bd8     LIBCMT:winapinls.obj
 0002:00004be8       ??_C@_1O@ICJHKIIK@?$AAz?$AAh?$AA?9?$AAC?$AAH?$AAT?$AA?$AA@ 0000000140014be8     LIBCMT:winapinls.obj
 0002:00004bf8       ??_C@_15CLNEJCE@?$AAs?$AAr?$AA?$AA@ 0000000140014bf8     LIBCMT:winapinls.obj
 0002:00004c00       ??_C@_1M@KAHEKEIG@?$AAa?$AAf?$AA?9?$AAz?$AAa?$AA?$AA@ 0000000140014c00     LIBCMT:winapinls.obj
[...]
 0004:0000003c       $pdata$?Win32UnloadGameCode@@YAXPEAUwin32_game_code@@@Z 000000014001b03c     win32_game.obj
 0004:00000048       $pdata$?Win32LoadXInput@@YAXXZ 000000014001b048     win32_game.obj
 0004:00000054       $pdata$?Win32InitDSound@@YAXPEAUHWND__@@HH@Z 000000014001b054     win32_game.obj
 0004:00000060       $pdata$?Win32GetWindowDimension@@YA?AUwin32_window_dimension@@PEAUHWND__@@@Z 000000014001b060     win32_game.obj
 0004:0000006c       $pdata$?Win32ResizeDIBSection@@YAXPEAUwin32_offscreen_buffer@@HH@Z 000000014001b06c     win32_game.obj
 0004:00000078       $pdata$?Win32DisplayBufferInWindow@@YAXPEAUwin32_offscreen_buffer@@PEAUHDC__@@HH@Z 000000014001b078     win32_game.obj
 0004:00000084       $pdata$?Win32MainWindowCallback@@YA_JPEAUHWND__@@I_K_J@Z 000000014001b084     win32_game.obj
 0004:00000090       $pdata$?Win32ClearBuffer@@YAXPEAUwin32_sound_output@@@Z 000000014001b090     win32_game.obj
 0004:0000009c       $pdata$?Win32FillSoundBuffer@@YAXPEAUwin32_sound_output@@KKPEAUgame_sound_output_buffer@@@Z 000000014001b09c     win32_game.obj
 0004:000000a8       $pdata$?Win32ProcessXInputDigitalButton@@YAXPEAUgame_button_state@@0KK@Z 000000014001b0a8     win32_game.obj
 0004:000000b4       $pdata$?Win32ProcessXInputStickValue@@YAMFF@Z 000000014001b0b4     win32_game.obj
 0004:000000c0       $pdata$?Win32ProcessPendingMessages@@YAXPEAUgame_controller_input@@@Z 000000014001b0c0     win32_game.obj
 0004:000000cc       $pdata$?Win32DebugDrawVertical@@YAXPEAUwin32_offscreen_buffer@@HHHI@Z 000000014001b0cc     win32_game.obj
 0004:000000d8       $pdata$?Win32DrawSoundBufferMarker@@YAXPEAUwin32_offscreen_buffer@@PEAUwin32_sound_output@@MHHHKI@Z 000000014001b0d8     win32_game.obj
 0004:000000e4       $pdata$?Win32DebugSyncDisplay@@YAXPEAUwin32_offscreen_buffer@@HPEAUwin32_debug_time_marker@@HPEAUwin32_sound_output@@M@Z 000000014001b0e4     win32_game.obj
 0004:000000f0       $pdata$?CatStrings@@YAX_KPEAD0101@Z 000000014001b0f0     win32_game.obj
 0004:000000fc       $pdata$??$_snprintf_s@$0BAA@@@YAHAEAY0BAA@D_KPEBDZZ 000000014001b0fc     win32_game.obj
 0004:00000108       $pdata$?GetController@@YAPEAUgame_controller_input@@PEAUgame_input@@H@Z 000000014001b108     win32_game.obj
 0004:00000114       $pdata$?SafeTruncateUInt64@@YAI_K@Z 000000014001b114     win32_game.obj
 0004:00000120       $pdata$?Win32GetLastWriteTime@@YA?AU_FILETIME@@PEAD@Z 000000014001b120     win32_game.obj
 0004:0000012c       $pdata$?Win32GetSecondsElapsed@@YAMT_LARGE_INTEGER@@0@Z 000000014001b12c     win32_game.obj
 0004:00000138       $pdata$?Win32GetWallClock@@YA?AT_LARGE_INTEGER@@XZ 000000014001b138     win32_game.obj
 0004:00000144       $pdata$_vsnprintf_helper   000000014001b144     LIBCMT:vsnprnc.obj
 0004:00000150       $pdata$_vsnprintf_s        000000014001b150     LIBCMT:vsnprnc.obj
 0004:0000015c       $pdata$_vsnprintf_s_l      000000014001b15c     LIBCMT:vsnprnc.obj
 0004:00000168       $pdata$__GSHandlerCheck    000000014001b168     LIBCMT:gshandler.obj
 0004:00000174       $pdata$__GSHandlerCheckCommon 000000014001b174     LIBCMT:gshandler.obj
 0004:00000198       $pdata$WinMainCRTStartup   000000014001b198     LIBCMT:wincrt0.obj
 0004:000001a4       $pdata$__tmainCRTStartup   000000014001b1a4     LIBCMT:wincrt0.obj
 0004:000001b0       $pdata$fast_error_exit     000000014001b1b0     LIBCMT:wincrt0.obj
 0004:000001bc       $pdata$_call_reportfault   000000014001b1bc     LIBCMT:invarg.obj
 0004:000001c8       $pdata$_invalid_parameter  000000014001b1c8     LIBCMT:invarg.obj
 0004:000001d4       $pdata$_invalid_parameter_noinfo 000000014001b1d4     LIBCMT:invarg.obj
 0004:000001e0       $pdata$_invoke_watson      000000014001b1e0     LIBCMT:invarg.obj
 0004:000001ec       $pdata$_flsbuf             000000014001b1ec     LIBCMT:_flsbuf.obj
 0004:000001f8       $pdata$??0_LocaleUpdate@@QEAA@PEAUlocaleinfo_struct@@@Z 000000014001b1f8     LIBCMT:output.obj
 0004:00000204       $pdata$_output_s_l         000000014001b204     LIBCMT:outputs.obj
 0004:00000210       $pdata$write_char          000000014001b210     LIBCMT:outputs.obj
 0004:0000021c       $pdata$write_multi_char    000000014001b21c     LIBCMT:outputs.obj
 0004:00000228       $pdata$write_string        000000014001b228     LIBCMT:outputs.obj
 0004:00000234       $pdata$__doserrno          000000014001b234     LIBCMT:dosmap.obj
 0004:00000240       $pdata$_dosmaperr          000000014001b240     LIBCMT:dosmap.obj
 0004:0000024c       $pdata$_errno              000000014001b24c     LIBCMT:dosmap.obj
 0004:00000264       $pdata$__raise_securityfailure 000000014001b264     LIBCMT:gs_report.obj
 0004:00000270       $pdata$__report_gsfailure  000000014001b270     LIBCMT:gs_report.obj
 0004:0000027c       $pdata$_cfltcvt            000000014001b27c     LIBCMT:cvt.obj
 0004:00000288       $pdata$_cfltcvt_l          000000014001b288     LIBCMT:cvt.obj
 0004:00000294       $pdata$_cftoa_l            000000014001b294     LIBCMT:cvt.obj
 0004:000002a0       $pdata$_cftoe2_l           000000014001b2a0     LIBCMT:cvt.obj
 0004:000002ac       $pdata$_cftoe_l            000000014001b2ac     LIBCMT:cvt.obj
 0004:000002b8       $pdata$_cftof2_l           000000014001b2b8     LIBCMT:cvt.obj
 0004:000002c4       $pdata$_cftof_l            000000014001b2c4     LIBCMT:cvt.obj
 0004:000002d0       $pdata$_cftog_l            000000014001b2d0     LIBCMT:cvt.obj
 0004:000002dc       $pdata$_cropzeros_l        000000014001b2dc     LIBCMT:cvt.obj
 0004:000002e8       $pdata$_fassign_l          000000014001b2e8     LIBCMT:cvt.obj
 0004:000002f4       $pdata$_forcdecpt_l        000000014001b2f4     LIBCMT:cvt.obj
 0004:00000300       $pdata$_initp_misc_cfltcvt_tab 000000014001b300     LIBCMT:cmiscdat.obj
 0004:0000030c       $pdata$?__CxxUnhandledExceptionFilter@@YAJPEAU_EXCEPTION_POINTERS@@@Z 000000014001b30c     LIBCMT:unhandld.obj
 0004:00000318       $pdata$__CxxSetUnhandledExceptionFilter 000000014001b318     LIBCMT:unhandld.obj
 0004:00000324       $pdata$_XcptFilter         000000014001b324     LIBCMT:winxfltr.obj
 0004:00000330       $pdata$_freefls            000000014001b330     LIBCMT:tidtable.obj
 0004:0000033c       $pdata$_getptd             000000014001b33c     LIBCMT:tidtable.obj
 0004:00000348       $pdata$_getptd_noexit      000000014001b348     LIBCMT:tidtable.obj
 0004:00000354       $pdata$_initptd            000000014001b354     LIBCMT:tidtable.obj
 0004:00000360       $pdata$_mtinit             000000014001b360     LIBCMT:tidtable.obj
 0004:0000036c       $pdata$_mtterm             000000014001b36c     LIBCMT:tidtable.obj
 0004:00000378       $pdata$__crtCorExitProcess 000000014001b378     LIBCMT:crt0dat.obj
 0004:00000384       $pdata$__crtExitProcess    000000014001b384     LIBCMT:crt0dat.obj
 0004:00000390       $pdata$_amsg_exit          000000014001b390     LIBCMT:crt0dat.obj
 0004:0000039c       $pdata$_cinit              000000014001b39c     LIBCMT:crt0dat.obj
 0004:000003a8       $pdata$_init_pointers      000000014001b3a8     LIBCMT:crt0dat.obj
 0004:000003b4       $pdata$_initterm           000000014001b3b4     LIBCMT:crt0dat.obj
 0004:000003c0       $pdata$_initterm_e         000000014001b3c0     LIBCMT:crt0dat.obj
 0004:000003cc       $pdata$doexit              000000014001b3cc     LIBCMT:crt0dat.obj
 0004:000003d8       $pdata$_heap_init          000000014001b3d8     LIBCMT:heapinit.obj
 0004:000003e4       $pdata$_ioinit             000000014001b3e4     LIBCMT:ioinit.obj
 0004:000003f0       $pdata$_setargv            000000014001b3f0     LIBCMT:stdargv.obj
 0004:000003fc       $pdata$parse_cmdline       000000014001b3fc     LIBCMT:stdargv.obj
 0004:00000408       $pdata$_setenvp            000000014001b408     LIBCMT:stdenvp.obj
 0004:00000414       $pdata$_FF_MSGBANNER       000000014001b414     LIBCMT:crt0msg.obj
 0004:00000420       $pdata$_NMSG_WRITE         000000014001b420     LIBCMT:crt0msg.obj
 0004:0000042c       $pdata$_set_error_mode     000000014001b42c     LIBCMT:errmode.obj
 0004:00000438       $pdata$__security_init_cookie 000000014001b438     LIBCMT:gs_support.obj
 0004:00000444       $pdata$_RTC_Initialize     000000014001b444     LIBCMT:initsect.obj
 0004:00000450       $pdata$_RTC_Terminate      000000014001b450     LIBCMT:initsect.obj
 0004:0000045c       $pdata$__crtGetEnvironmentStringsA 000000014001b45c     LIBCMT:a_env.obj
 0004:00000468       $pdata$__crtCaptureCurrentContext 000000014001b468     LIBCMT:winapisupp.obj
 0004:00000474       $pdata$__crtCapturePreviousContext 000000014001b474     LIBCMT:winapisupp.obj
 0004:00000480       $pdata$__crtGetShowWindowMode 000000014001b480     LIBCMT:winapisupp.obj
 0004:0000048c       $pdata$__crtInitializeCriticalSectionEx 000000014001b48c     LIBCMT:winapisupp.obj
 0004:00000498       $pdata$__crtIsPackagedApp  000000014001b498     LIBCMT:winapisupp.obj
 0004:000004a4       $pdata$__crtLoadWinApiPointers 000000014001b4a4     LIBCMT:winapisupp.obj
 0004:000004b0       $pdata$__crtTerminateProcess 000000014001b4b0     LIBCMT:winapisupp.obj
 0004:000004bc       $pdata$__crtUnhandledException 000000014001b4bc     LIBCMT:winapisupp.obj
 0004:000004c8       $pdata$_wincmdln           000000014001b4c8     LIBCMT:wincmdln.obj
 0004:000004d4       $pdata$__C_specific_handler 000000014001b4d4     LIBCMT:chandler.obj
 0004:000004e0       $pdata$__initstdio         000000014001b4e0     LIBCMT:_file.obj
 0004:000004ec       $pdata$__endstdio          000000014001b4ec     LIBCMT:_file.obj
 0004:000004f8       $pdata$_lock_file          000000014001b4f8     LIBCMT:_file.obj
 0004:00000504       $pdata$_lock_file2         000000014001b504     LIBCMT:_file.obj
 0004:00000510       $pdata$_fileno             000000014001b510     LIBCMT:fileno.obj
 0004:0000051c       $pdata$_isatty             000000014001b51c     LIBCMT:isatty.obj
 0004:00000528       $pdata$_write              000000014001b528     LIBCMT:write.obj
 0004:00000534       $pdata$_write_nolock       000000014001b534     LIBCMT:write.obj
 0004:00000540       $pdata$_lseeki64           000000014001b540     LIBCMT:lseeki64.obj
 0004:0000054c       $pdata$_lseeki64_nolock    000000014001b54c     LIBCMT:lseeki64.obj
 0004:00000558       $pdata$_getbuf             000000014001b558     LIBCMT:_getbuf.obj
 0004:00000564       $pdata$__freetlocinfo      000000014001b564     LIBCMT:localref.obj
 0004:00000570       $pdata$__updatetlocinfo    000000014001b570     LIBCMT:localref.obj
 0004:0000057c       $pdata$_updatetlocinfoEx_nolock 000000014001b57c     LIBCMT:localref.obj
 0004:00000588       $pdata$__initmbctable      000000014001b588     LIBCMT:mbctype.obj
 0004:00000594       $pdata$?getSystemCP@@YAHH@Z 000000014001b594     LIBCMT:mbctype.obj
 0004:000005a0       $pdata$?setSBCS@@YAXPEAUthreadmbcinfostruct@@@Z 000000014001b5a0     LIBCMT:mbctype.obj
 0004:000005ac       $pdata$?setSBUpLow@@YAXPEAUthreadmbcinfostruct@@@Z 000000014001b5ac     LIBCMT:mbctype.obj
 0004:000005b8       $pdata$__updatetmbcinfo    000000014001b5b8     LIBCMT:mbctype.obj
 0004:000005c4       $pdata$_setmbcp            000000014001b5c4     LIBCMT:mbctype.obj
 0004:000005d0       $pdata$_setmbcp_nolock     000000014001b5d0     LIBCMT:mbctype.obj
 0004:000005dc       $pdata$_isleadbyte_l       000000014001b5dc     LIBCMT:_wctype.obj
 0004:000005e8       $pdata$isleadbyte          000000014001b5e8     LIBCMT:_wctype.obj
 0004:00000600       $pdata$_wctomb_s_l         000000014001b600     LIBCMT:wctomb.obj
 0004:0000060c       $pdata$wctomb_s            000000014001b60c     LIBCMT:wctomb.obj
 0004:00000618       $pdata$free                000000014001b618     LIBCMT:free.obj
 0004:00000624       $pdata$_calloc_crt         000000014001b624     LIBCMT:crtheap.obj
 0004:00000630       $pdata$_malloc_crt         000000014001b630     LIBCMT:crtheap.obj
 0004:0000063c       $pdata$_realloc_crt        000000014001b63c     LIBCMT:crtheap.obj
 0004:00000648       $pdata$__isa_available_init 000000014001b648     LIBCMT:cpu_disp.obj
 0004:00000654       $pdata$isdigit             000000014001b654     LIBCMT:_ctype.obj
 0004:00000660       $pdata$_tolower_l          000000014001b660     LIBCMT:tolower.obj
 0004:0000066c       $pdata$strcpy_s            000000014001b66c     LIBCMT:strcpy_s.obj
 0004:00000684       $pdata$strrchr             000000014001b684     LIBCMT:strrchr.obj
 0004:00000690       $pdata$_fptostr            000000014001b690     LIBCMT:_fptostr.obj
 0004:0000069c       $pdata$__crt_atoflt_l      000000014001b69c     LIBCMT:atodbl.obj
 0004:000006a8       $pdata$_atodbl_l           000000014001b6a8     LIBCMT:atodbl.obj
 0004:000006b4       $pdata$__dtold             000000014001b6b4     LIBCMT:cfout.obj
 0004:000006c0       $pdata$_fltout2            000000014001b6c0     LIBCMT:cfout.obj
 0004:000006cc       $pdata$?terminate@@YAXXZ   000000014001b6cc     LIBCMT:hooks.obj
 0004:000006d8       $pdata$_initp_eh_hooks     000000014001b6d8     LIBCMT:hooks.obj
 0004:000006e4       $pdata$_lock               000000014001b6e4     LIBCMT:mlock.obj
 0004:000006f0       $pdata$_mtdeletelocks      000000014001b6f0     LIBCMT:mlock.obj
 0004:000006fc       $pdata$_mtinitlocknum      000000014001b6fc     LIBCMT:mlock.obj
 0004:00000708       $pdata$_mtinitlocks        000000014001b708     LIBCMT:mlock.obj
 0004:00000714       $pdata$_IsNonwritableInCurrentImage 000000014001b714     LIBCMT:pesect.obj
 0004:00000720       $pdata$__onexitinit        000000014001b720     LIBCMT:onexit.obj
 0004:0000072c       $pdata$_onexit             000000014001b72c     LIBCMT:onexit.obj
 0004:00000738       $pdata$atexit              000000014001b738     LIBCMT:onexit.obj
 0004:00000744       $pdata$_callnewh           000000014001b744     LIBCMT:handler.obj
 0004:00000750       $pdata$raise               000000014001b750     LIBCMT:winsig.obj
 0004:0000078c       $pdata$?x_ismbbtype_l@@YAHPEAUlocaleinfo_struct@@IHH@Z 000000014001b78c     LIBCMT:ismbbyte.obj
 0004:00000798       $pdata$wcscat_s            000000014001b798     LIBCMT:wcscat_s.obj
 0004:000007a4       $pdata$wcscpy_s            000000014001b7a4     LIBCMT:wcscpy_s.obj
 0004:000007b0       $pdata$wcsncpy_s           000000014001b7b0     LIBCMT:wcsncpy_s.obj
 0004:000007bc       $pdata$__crtMessageBoxW    000000014001b7bc     LIBCMT:crtmboxw.obj
 0004:000007c8       $pdata$_fcloseall          000000014001b7c8     LIBCMT:closeall.obj
 0004:000007d4       $pdata$_fflush_nolock      000000014001b7d4     LIBCMT:fflush.obj
 0004:000007e0       $pdata$_flush              000000014001b7e0     LIBCMT:fflush.obj
 0004:000007ec       $pdata$flsall              000000014001b7ec     LIBCMT:fflush.obj
 0004:000007f8       $pdata$__lock_fhandle      000000014001b7f8     LIBCMT:osfinfo.obj
 0004:00000804       $pdata$_free_osfhnd        000000014001b804     LIBCMT:osfinfo.obj
 0004:00000810       $pdata$_get_osfhandle      000000014001b810     LIBCMT:osfinfo.obj
 0004:0000081c       $pdata$_mbtowc_l           000000014001b81c     LIBCMT:mbtowc.obj
 0004:00000828       $pdata$_putwch_nolock      000000014001b828     LIBCMT:putwch.obj
 0004:00000834       $pdata$__free_lconv_mon    000000014001b834     LIBCMT:initmon.obj
 0004:00000840       $pdata$__free_lconv_num    000000014001b840     LIBCMT:initnum.obj
 0004:0000084c       $pdata$__free_lc_time      000000014001b84c     LIBCMT:inittime.obj
 0004:00000858       $pdata$?__crtLCMapStringA_stat@@YAHPEAUlocaleinfo_struct@@PEB_WKPEBDHPEADHHH@Z 000000014001b858     LIBCMT:a_map.obj
 0004:00000864       $pdata$__crtLCMapStringA   000000014001b864     LIBCMT:a_map.obj
 0004:00000870       $pdata$?__crtGetStringTypeA_stat@@YAHPEAUlocaleinfo_struct@@KPEBDHPEAGHH@Z 000000014001b870     LIBCMT:a_str.obj
 0004:0000087c       $pdata$__crtGetStringTypeA 000000014001b87c     LIBCMT:a_str.obj
 0004:00000888       $pdata$malloc              000000014001b888     LIBCMT:malloc.obj
 0004:00000894       $pdata$realloc             000000014001b894     LIBCMT:realloc.obj
 0004:000008a0       $pdata$_calloc_impl        000000014001b8a0     LIBCMT:calloc_impl.obj
 0004:000008ac       $pdata$_isctype_l          000000014001b8ac     LIBCMT:isctype.obj
 0004:000008b8       $pdata$_locterm            000000014001b8b8     LIBCMT:wsetloca.obj
 0004:000008c4       $pdata$_ld12tod            000000014001b8c4     LIBCMT:intrncvt.obj
 0004:000008d0       $pdata$_ld12tof            000000014001b8d0     LIBCMT:intrncvt.obj
 0004:000008dc       $pdata$__strgtold12_l      000000014001b8dc     LIBCMT:strgtold.obj
 0004:000008e8       $pdata$$I10_OUTPUT         000000014001b8e8     LIBCMT:x10fout.obj
 0004:000008f4       $pdata$abort               000000014001b8f4     LIBCMT:abort.obj
 0004:00000900       $pdata$_msize              000000014001b900     LIBCMT:msize.obj
 0004:0000090c       $pdata$GetTableIndexFromLocaleName 000000014001b90c     LIBCMT:winapinls.obj
 0004:00000918       $pdata$__crtDownlevelLocaleNameToLCID 000000014001b918     LIBCMT:winapinls.obj
 0004:00000924       $pdata$__crtLCMapStringEx  000000014001b924     LIBCMT:winapinls.obj
 0004:00000930       $pdata$_fclose_nolock      000000014001b930     LIBCMT:fclose.obj
 0004:0000093c       $pdata$fclose              000000014001b93c     LIBCMT:fclose.obj
 0004:00000948       $pdata$_commit             000000014001b948     LIBCMT:commit.obj
 0004:00000954       $pdata$__termconout        000000014001b954     LIBCMT:initcon.obj
 0004:00000960       $pdata$__initconout        000000014001b960     LIBCMT:initcon.obj
 0004:00000978       $pdata$__mtold12           000000014001b978     LIBCMT:mantold.obj
 0004:00000984       $pdata$_close              000000014001b984     LIBCMT:close.obj
 0004:00000990       $pdata$_close_nolock       000000014001b990     LIBCMT:close.obj
 0004:0000099c       $pdata$_freebuf            000000014001b99c     LIBCMT:_freebuf.obj
 0004:000009a8       $pdata$__tmainCRTStartup$filt$0 000000014001b9a8     LIBCMT:wincrt0.obj
 0004:000009b4       $pdata$_freefls$fin$1      000000014001b9b4     LIBCMT:tidtable.obj
 0004:000009b4       $pdata$_initptd$fin$1      000000014001b9b4     LIBCMT:tidtable.obj
 0004:000009c0       $pdata$_initptd$fin$0      000000014001b9c0     LIBCMT:tidtable.obj
 0004:000009c0       $pdata$_freefls$fin$0      000000014001b9c0     LIBCMT:tidtable.obj
 0004:000009cc       $pdata$doexit$fin$0        000000014001b9cc     LIBCMT:crt0dat.obj
 0004:000009d8       $pdata$_ioinit$fin$0       000000014001b9d8     LIBCMT:ioinit.obj
 0004:000009e4       $pdata$_write$fin$0        000000014001b9e4     LIBCMT:write.obj
 0004:000009e4       $pdata$_lseeki64$fin$0     000000014001b9e4     LIBCMT:write.obj
 0004:000009f0       $pdata$__updatetlocinfo$fin$0 000000014001b9f0     LIBCMT:localref.obj
 0004:000009f0       $pdata$_locterm$fin$0      000000014001b9f0     LIBCMT:localref.obj
 0004:000009fc       $pdata$__updatetmbcinfo$fin$0 000000014001b9fc     LIBCMT:mbctype.obj
 0004:000009fc       $pdata$_setmbcp$fin$0      000000014001b9fc     LIBCMT:mbctype.obj
 0004:00000a08       $pdata$_mtinitlocknum$fin$0 000000014001ba08     LIBCMT:mlock.obj
 0004:00000a14       $pdata$_IsNonwritableInCurrentImage$filt$0 000000014001ba14     LIBCMT:pesect.obj
 0004:00000a20       $pdata$_onexit$fin$0       000000014001ba20     LIBCMT:onexit.obj
 0004:00000a2c       $pdata$raise$fin$0         000000014001ba2c     LIBCMT:winsig.obj
 0004:00000a38       $pdata$_fcloseall$fin$0    000000014001ba38     LIBCMT:closeall.obj
 0004:00000a44       $pdata$flsall$fin$0        000000014001ba44     LIBCMT:fflush.obj
 0004:00000a50       $pdata$flsall$fin$1        000000014001ba50     LIBCMT:fflush.obj
 0004:00000a5c       $pdata$__lock_fhandle$fin$0 000000014001ba5c     LIBCMT:osfinfo.obj
 0004:00000a68       $pdata$fclose$fin$0        000000014001ba68     LIBCMT:fclose.obj
 0004:00000a74       $pdata$_commit$fin$0       000000014001ba74     LIBCMT:close.obj
 0004:00000a74       $pdata$_close$fin$0        000000014001ba74     LIBCMT:close.obj
